[10:13:32] This is prokka 1.14.6
[10:13:32] Written by Torsten Seemann <torsten.seemann@gmail.com>
[10:13:32] Homepage is https://github.com/tseemann/prokka
[10:13:32] Local time is Thu Aug 28 10:13:32 2025
[10:13:32] You are luolintao
[10:13:32] Operating system is linux
[10:13:32] You have BioPerl 1.7.8
[10:13:32] System has 24 cores.
[10:13:32] Will use maximum of 4 cores.
[10:13:32] Annotating as >>> Bacteria <<<
[10:13:32] Generating locus_tag from '/mnt/d/1-ABaumannii/Assemble_rename/ERR1417323.fasta' contents.
[10:13:32] Setting --locustag PPIPMGKO from MD5 992960482c9b1cb576ab7b71e052b8b5
[10:13:32] Creating new output folder: /mnt/d/1-ABaumannii/æ³¨é‡Šprokka/ERR1417323
[10:13:32] Running: mkdir -p \/mnt\/d\/1\-ABaumannii\/\æ\³\¨\é\‡\Šprokka\/ERR1417323
[10:13:32] Using filename prefix: ERR1417323.XXX
[10:13:32] Setting HMMER_NCPU=1
[10:13:32] Writing log to: /mnt/d/1-ABaumannii/æ³¨é‡Šprokka/ERR1417323/ERR1417323.log
[10:13:32] Command: /home/luolintao/miniconda3/envs/pyg/bin/prokka --outdir /mnt/d/1-ABaumannii/æ³¨é‡Šprokka/ERR1417323 --prefix ERR1417323 --force --kingdom Bacteria --genus Acinetobacter --species baumannii --strain ERR1417323 --cpus 4 /mnt/d/1-ABaumannii/Assemble_rename/ERR1417323.fasta
[10:13:32] Appending to PATH: /home/luolintao/miniconda3/envs/pyg/bin
[10:13:32] Looking for 'aragorn' - found /home/luolintao/miniconda3/envs/pyg/bin/aragorn
[10:13:32] Determined aragorn version is 001002 from 'ARAGORN v1.2.41 Dean Laslett'
[10:13:32] Looking for 'barrnap' - found /home/luolintao/miniconda3/envs/pyg/bin/barrnap
[10:13:32] Determined barrnap version is 000009 from 'barrnap 0.9'
[10:13:32] Looking for 'blastp' - found /home/luolintao/miniconda3/envs/pyg/bin/blastp
[10:13:32] Determined blastp version is 002016 from 'blastp: 2.16.0+'
[10:13:32] Looking for 'cmpress' - found /home/luolintao/miniconda3/envs/pyg/bin/cmpress
[10:13:32] Determined cmpress version is 001001 from '# INFERNAL 1.1.5 (Sep 2023)'
[10:13:32] Looking for 'cmscan' - found /home/luolintao/miniconda3/envs/pyg/bin/cmscan
[10:13:32] Determined cmscan version is 001001 from '# INFERNAL 1.1.5 (Sep 2023)'
[10:13:32] Looking for 'egrep' - found /usr/bin/egrep
[10:13:32] Looking for 'find' - found /usr/bin/find
[10:13:33] Looking for 'grep' - found /usr/bin/grep
[10:13:33] Looking for 'hmmpress' - found /home/luolintao/miniconda3/envs/pyg/bin/hmmpress
[10:13:33] Determined hmmpress version is 003004 from '# HMMER 3.4 (Aug 2023); http://hmmer.org/'
[10:13:33] Looking for 'hmmscan' - found /home/luolintao/miniconda3/envs/pyg/bin/hmmscan
[10:13:33] Determined hmmscan version is 003004 from '# HMMER 3.4 (Aug 2023); http://hmmer.org/'
[10:13:33] Looking for 'java' - found /usr/bin/java
[10:13:33] Looking for 'makeblastdb' - found /home/luolintao/miniconda3/envs/pyg/bin/makeblastdb
[10:13:33] Determined makeblastdb version is 002016 from 'makeblastdb: 2.16.0+'
[10:13:33] Looking for 'minced' - found /home/luolintao/miniconda3/envs/pyg/bin/minced
[10:13:33] Determined minced version is 004002 from 'minced 0.4.2'
[10:13:33] Looking for 'parallel' - found /home/luolintao/miniconda3/envs/pyg/bin/parallel
[10:13:33] Determined parallel version is 20250422 from 'GNU parallel 20250422'
[10:13:33] Looking for 'prodigal' - found /home/luolintao/miniconda3/envs/pyg/bin/prodigal
[10:13:33] Determined prodigal version is 002006 from 'Prodigal V2.6.3: February, 2016'
[10:13:33] Looking for 'prokka-genbank_to_fasta_db' - found /home/luolintao/miniconda3/envs/pyg/bin/prokka-genbank_to_fasta_db
[10:13:33] Looking for 'sed' - found /usr/bin/sed
[10:13:33] Looking for 'tbl2asn' - found /home/luolintao/miniconda3/envs/pyg/bin/tbl2asn
[10:13:33] Determined tbl2asn version is 025007 from 'tbl2asn 25.7   arguments:'
[10:13:33] Using genetic code table 11.
[10:13:33] Loading and checking input file: /mnt/d/1-ABaumannii/Assemble_rename/ERR1417323.fasta
[10:13:33] Wrote 669 contigs totalling 4725914 bp.
[10:13:33] Predicting tRNAs and tmRNAs
[10:13:33] Running: aragorn -l -gc11  -w \/mnt\/d\/1\-ABaumannii\/\æ\³\¨\é\‡\Šprokka\/ERR1417323\/ERR1417323\.fna
[10:13:34] 1 tRNA-Met c[48890,48966] 35 (cat)
[10:13:34] 2 tRNA-Met c[49056,49132] 35 (cat)
[10:13:34] 3 tRNA-Leu c[49175,49259] 35 (gag)
[10:13:34] 1 tRNA-Val c[15625,15700] 34 (tac)
[10:13:34] 2 tRNA-Asp c[15767,15843] 35 (gtc)
[10:13:34] 3 tRNA-Val c[15883,15958] 34 (tac)
[10:13:34] 4 tRNA-Asp c[15980,16056] 35 (gtc)
[10:13:34] 5 tRNA-Asp c[16104,16180] 35 (gtc)
[10:13:34] 6 tRNA-Val c[16205,16280] 34 (tac)
[10:13:34] 7 tRNA-Val [41403,41478] 34 (tac)
[10:13:34] 8 tRNA-Asp [41503,41579] 35 (gtc)
[10:13:34] 9 tRNA-Asp [41627,41703] 35 (gtc)
[10:13:34] 10 tRNA-Val [41725,41800] 34 (tac)
[10:13:34] 11 tRNA-Asp [41840,41916] 35 (gtc)
[10:13:34] 12 tRNA-Val [41983,42058] 34 (tac)
[10:13:34] 1 tRNA-Gln c[5024,5098] 33 (ttg)
[10:13:34] 2 tRNA-Gln c[5190,5264] 33 (ttg)
[10:13:34] 3 tRNA-Gln c[5292,5366] 33 (ttg)
[10:13:34] 4 tRNA-Met [17560,17636] 35 (cat)
[10:13:34] 5 tRNA-Met [27713,27789] 35 (cat)
[10:13:34] 6 tRNA-Thr c[40021,40095] 33 (ggt)
[10:13:34] 7 tRNA-Gly c[40109,40184] 34 (tcc)
[10:13:34] 8 tRNA-Tyr c[40222,40305] 35 (gta)
[10:13:34] 9 tRNA-Thr c[40362,40437] 34 (tgt)
[10:13:34] 1 tRNA-Asn [29656,29731] 34 (gtt)
[10:13:34] 2 tRNA-Asn [29740,29815] 34 (gtt)
[10:13:34] 3 tRNA-Asn [29997,30072] 34 (gtt)
[10:13:34] 1 tRNA-Val [43360,43436] 35 (gac)
[10:13:34] 1 tRNA-Gly [14491,14566] 34 (gcc)
[10:13:34] 2 tRNA-Gly [14612,14687] 34 (gcc)
[10:13:34] 1 tRNA-Glu c[29210,29285] 35 (ttc)
[10:13:34] 1 tRNA-Leu c[16070,16155] 35 (taa)
[10:13:34] 2 tRNA-Leu c[18215,18300] 35 (taa)
[10:13:34] 3 tRNA-Cys c[18312,18385] 33 (gca)
[10:13:34] 1 tRNA-Leu [20818,20902] 35 (tag)
[10:13:34] 2 tRNA-Trp [20957,21030] 33 (cca)
[10:13:34] 3 tRNA-Leu [21058,21142] 35 (tag)
[10:13:34] 4 tRNA-Trp [21208,21281] 33 (cca)
[10:13:34] 1 tRNA-Arg c[12171,12247] 35 (ccg)
[10:13:34] 2 tRNA-Arg [18808,18884] 35 (ccg)
[10:13:34] 1 tRNA-Asn c[795,870] 34 (gtt)
[10:13:34] 1 tRNA-Thr c[7991,8066] 34 (tgt)
[10:13:34] 1 tRNA-Lys c[7626,7701] 34 (ttt)
[10:13:34] 2 tRNA-Lys c[7724,7799] 34 (ttt)
[10:13:34] 1 tRNA-Trp [1190,1265] 34 (cca)
[10:13:34] 1 tRNA-Pro c[1126,1202] 35 (tgg)
[10:13:34] 2 tRNA-His c[1207,1282] 34 (gtg)
[10:13:34] 3 tRNA-Arg c[1316,1392] 35 (tct)
[10:13:34] 4 tRNA-Pro c[1449,1525] 35 (tgg)
[10:13:34] 1 tRNA-Ala [2541,2616] 34 (ggc)
[10:13:34] 2 tRNA-Glu [2642,2717] 35 (ttc)
[10:13:34] 3 tRNA-Glu [5405,5480] 35 (ttc)
[10:13:34] 4 tRNA-Glu [5509,5584] 35 (ttc)
[10:13:34] 1 tRNA-Arg [8973,9046] 35 (cct)
[10:13:34] 1 tRNA-Met [3117,3193] 35 (cat)
[10:13:34] 2 tRNA-Met c[10340,10416] 35 (cat)
[10:13:34] 1 tRNA-Ser [10517,10606] 35 (gga)
[10:13:34] 1 tRNA-Arg c[587,663] 35 (acg)
[10:13:34] 2 tRNA-Arg c[703,779] 35 (acg)
[10:13:34] 3 tRNA-Ser c[790,880] 35 (gct)
[10:13:34] 1 tmRNA [5661,6020] 96,128 ANDETYALAA*
[10:13:34] 1 tRNA-Gly c[991,1066] 34 (gcc)
[10:13:34] 1 tRNA-Ser c[656,745] 35 (tga)
[10:13:34] 1 tRNA-Ile [979,1055] 35 (gat)
[10:13:34] 2 tRNA-Ala [1111,1186] 34 (tgc)
[10:13:34] 3 tRNA-Ala c[3089,3164] 34 (tgc)
[10:13:34] 4 tRNA-Ile c[3220,3296] 35 (gat)
[10:13:34] 1 tRNA-Phe c[2288,2363] 34 (gaa)
[10:13:34] 2 tRNA-Phe c[2490,2565] 34 (gaa)
[10:13:34] 1 tRNA-Met c[290,366] 35 (cat)
[10:13:34] 2 tRNA-Met [1695,1771] 35 (cat)
[10:13:34] 1 tRNA-Arg [1671,1747] 35 (tct)
[10:13:34] 1 tRNA-Arg [202,278] 35 (acg)
[10:13:34] 2 tRNA-Arg c[1969,2045] 35 (acg)
[10:13:34] 1 tRNA-Leu c[216,302] 35 (caa)
[10:13:34] Found 75 tRNAs
[10:13:34] Predicting Ribosomal RNAs
[10:13:34] Running Barrnap with 4 threads
[10:13:35] 1 ERR1417323_199 7843 5S ribosomal RNA
[10:13:35] 2 ERR1417323_274 4 16S ribosomal RNA (partial)
[10:13:35] 3 ERR1417323_274 3357 16S ribosomal RNA (partial)
[10:13:35] 4 ERR1417323_391 84 5S ribosomal RNA
[10:13:35] 5 ERR1417323_405 3 16S ribosomal RNA (partial)
[10:13:35] 6 ERR1417323_654 1 5S ribosomal RNA
[10:13:35] Found 6 rRNAs
[10:13:35] Skipping ncRNA search, enable with --rfam if desired.
[10:13:35] Total of 80 tRNA + rRNA features
[10:13:35] Searching for CRISPR repeats
[10:13:36] Found 0 CRISPRs
[10:13:36] Predicting coding sequences
[10:13:36] Contigs total 4725914 bp, so using single mode
[10:13:36] Running: prodigal -i \/mnt\/d\/1\-ABaumannii\/\æ\³\¨\é\‡\Šprokka\/ERR1417323\/ERR1417323\.fna -c -m -g 11 -p single -f sco -q
[10:13:38] Excluding CDS which overlaps existing RNA (tRNA) at ERR1417323_10:5365..6198 on - strand
[10:13:38] Excluding CDS which overlaps existing RNA (tRNA) at ERR1417323_17:14420..14611 on - strand
[10:13:39] Found 4449 CDS
[10:13:39] Connecting features back to sequences
[10:13:39] Not using genus-specific database. Try --usegenus to enable it.
[10:13:39] Annotating CDS, please be patient.
[10:13:39] Will use 4 CPUs for similarity searching.
[10:13:39] There are still 4449 unannotated CDS left (started with 4449)
[10:13:39] Will use blast to search against /home/luolintao/miniconda3/envs/pyg/db/kingdom/Bacteria/IS with 4 CPUs
[10:13:39] Running: cat \/mnt\/d\/1\-ABaumannii\/\æ\³\¨\é\‡\Šprokka\/ERR1417323\/ERR1417323\.IS\.tmp\.265225\.faa | parallel --gnu --plain -j 4 --block 168923 --recstart '>' --pipe blastp -query - -db /home/luolintao/miniconda3/envs/pyg/db/kingdom/Bacteria/IS -evalue 1e-30 -qcov_hsp_perc 90 -num_threads 1 -num_descriptions 1 -num_alignments 1 -seg no > \/mnt\/d\/1\-ABaumannii\/\æ\³\¨\é\‡\Šprokka\/ERR1417323\/ERR1417323\.IS\.tmp\.265225\.blast 2> /dev/null
[10:13:54] Deleting unwanted file: /mnt/d/1-ABaumannii/æ³¨é‡Šprokka/ERR1417323/ERR1417323.IS.tmp.265225.faa
[10:13:54] Deleting unwanted file: /mnt/d/1-ABaumannii/æ³¨é‡Šprokka/ERR1417323/ERR1417323.IS.tmp.265225.blast
[10:13:55] There are still 4431 unannotated CDS left (started with 4449)
[10:13:55] Will use blast to search against /home/luolintao/miniconda3/envs/pyg/db/kingdom/Bacteria/AMR with 4 CPUs
[10:13:55] Running: cat \/mnt\/d\/1\-ABaumannii\/\æ\³\¨\é\‡\Šprokka\/ERR1417323\/ERR1417323\.AMR\.tmp\.265225\.faa | parallel --gnu --plain -j 4 --block 168345 --recstart '>' --pipe blastp -query - -db /home/luolintao/miniconda3/envs/pyg/db/kingdom/Bacteria/AMR -evalue 1e-300 -qcov_hsp_perc 90 -num_threads 1 -num_descriptions 1 -num_alignments 1 -seg no > \/mnt\/d\/1\-ABaumannii\/\æ\³\¨\é\‡\Šprokka\/ERR1417323\/ERR1417323\.AMR\.tmp\.265225\.blast 2> /dev/null
[10:14:05] Deleting unwanted file: /mnt/d/1-ABaumannii/æ³¨é‡Šprokka/ERR1417323/ERR1417323.AMR.tmp.265225.faa
[10:14:05] Deleting unwanted file: /mnt/d/1-ABaumannii/æ³¨é‡Šprokka/ERR1417323/ERR1417323.AMR.tmp.265225.blast
[10:14:06] There are still 4429 unannotated CDS left (started with 4449)
[10:14:06] Will use blast to search against /home/luolintao/miniconda3/envs/pyg/db/kingdom/Bacteria/sprot with 4 CPUs
[10:14:06] Running: cat \/mnt\/d\/1\-ABaumannii\/\æ\³\¨\é\‡\Šprokka\/ERR1417323\/ERR1417323\.sprot\.tmp\.265225\.faa | parallel --gnu --plain -j 4 --block 168149 --recstart '>' --pipe blastp -query - -db /home/luolintao/miniconda3/envs/pyg/db/kingdom/Bacteria/sprot -evalue 1e-09 -qcov_hsp_perc 80 -num_threads 1 -num_descriptions 1 -num_alignments 1 -seg no > \/mnt\/d\/1\-ABaumannii\/\æ\³\¨\é\‡\Šprokka\/ERR1417323\/ERR1417323\.sprot\.tmp\.265225\.blast 2> /dev/null
[10:15:04] Modify product: Uncharacterized metal-dependent hydrolase YcfH => putative metal-dependent hydrolase YcfH
[10:15:04] Modify product: Probable chromosome-partitioning protein ParB => putative chromosome-partitioning protein ParB
[10:15:04] Modify product: Probable ribosomal oxygenase HI_0396 => putative ribosomal oxygenase
[10:15:04] Modify product: TPR repeat-containing protein NMB0313 => TPR repeat-containing protein
[10:15:04] Modify product: Probable RNA polymerase sigma factor FecI => putative RNA polymerase sigma factor FecI
[10:15:04] Modify product: Probable FKBP-type peptidyl-prolyl cis-trans isomerase FkpA => putative FKBP-type peptidyl-prolyl cis-trans isomerase FkpA
[10:15:04] Modify product: Probable FKBP-type peptidyl-prolyl cis-trans isomerase FkpA => putative FKBP-type peptidyl-prolyl cis-trans isomerase FkpA
[10:15:04] Modify product: Probable lipid II flippase MurJ => putative lipid II flippase MurJ
[10:15:04] Modify product: Probable D-xylose utilization operon transcriptional repressor => putative D-xylose utilization operon transcriptional repressor
[10:15:04] Modify product: Probable D-xylose utilization operon transcriptional repressor => putative D-xylose utilization operon transcriptional repressor
[10:15:04] Modify product: RNA-binding protein HI_1333 => RNA-binding protein
[10:15:04] Modify product: Bifunctional protein FolD => Bifunctional protein FolD protein
[10:15:04] Modify product: Uncharacterized protein Rv2232 => putative protein
[10:15:04] Modify product: Uncharacterized protein Rv2232 => putative protein
[10:15:04] Modify product: Probable multidrug ABC transporter permease YbhS => putative multidrug ABC transporter permease YbhS
[10:15:04] Modify product: Probable multidrug ABC transporter ATP-binding protein YbhF => putative multidrug ABC transporter ATP-binding protein YbhF
[10:15:04] Modify product: UPF0194 membrane protein YbhG => hypothetical protein
[10:15:04] Modify product: Uncharacterized protein YqeY => putative protein YqeY
[10:15:05] Modify product: Probable transporter SCO4007 => putative transporter
[10:15:05] Modify product: Probable thiol:disulfide interchange protein DsbC => putative thiol:disulfide interchange protein DsbC
[10:15:05] Modify product: Uncharacterized cysteine-rich protein YhjQ => putative cysteine-rich protein YhjQ
[10:15:05] Modify product: Probable thiol:disulfide interchange protein DsbC => putative thiol:disulfide interchange protein DsbC
[10:15:05] Modify product: UPF0145 protein BCE33L0904 => hypothetical protein
[10:15:05] Modify product: Uncharacterized HTH-type transcriptional regulator YybR => putative HTH-type transcriptional regulator YybR
[10:15:05] Modify product: Uncharacterized HTH-type transcriptional regulator YybR => putative HTH-type transcriptional regulator YybR
[10:15:05] Modify product: UPF0145 protein BCE33L0904 => hypothetical protein
[10:15:05] Modify product: Probable protein kinase UbiB => putative protein kinase UbiB
[10:15:05] Modify product: UPF0301 protein ACIAD0353 => hypothetical protein
[10:15:05] Modify product: UPF0070 protein HI_0370 => hypothetical protein
[10:15:05] Modify product: Uncharacterized protein YibN => putative protein YibN
[10:15:05] Modify product: Uncharacterized signaling protein PA1727 => putative signaling protein
[10:15:05] Modify product: Probable CtpA-like serine protease => putative CtpA-like serine protease
[10:15:05] Modify product: Probable peptidoglycan glycosyltransferase FtsW => putative peptidoglycan glycosyltransferase FtsW
[10:15:05] Modify product: Phosphate-specific transport system accessory protein PhoU homolog => Phosphate-specific transport system accessory protein PhoU 
[10:15:05] Modify product: Probable Fe(2+)-trafficking protein => putative Fe(2+)-trafficking protein
[10:15:05] Modify product: Uncharacterized metal-dependent hydrolase YjjV => putative metal-dependent hydrolase YjjV
[10:15:05] Modify product: Uncharacterized protein HI_1008 => putative protein
[10:15:05] Modify product: UPF0307 protein PSPTO_4464 => hypothetical protein
[10:15:05] Modify product: Uncharacterized ferredoxin-like protein HI_0527 => putative ferredoxin-like protein
[10:15:05] Modify product: 23S rRNA 5-hydroxycytidine C2501 synthase => 23S rRNA 5-hydroxycytidine synthase
[10:15:05] Modify product: Uncharacterized isomerase YddE => putative isomerase YddE
[10:15:05] Modify product: UPF0382 membrane protein YwdK => hypothetical protein
[10:15:05] Modify product: GTP cyclohydrolase 1 type 2 homolog => GTP cyclohydrolase 1 type 2 
[10:15:05] Modify product: Probable TonB-dependent receptor BfrD => putative TonB-dependent receptor BfrD
[10:15:05] Modify product: PKHD-type hydroxylase Sbal_3634 => PKHD-type hydroxylase
[10:15:05] Modify product: Zinc-type alcohol dehydrogenase-like protein SA1988 => Zinc-type alcohol dehydrogenase-like protein
[10:15:05] Modify product: UPF0758 protein SP_1088 => hypothetical protein
[10:15:05] Modify product: UPF0234 protein HI_1034 => hypothetical protein
[10:15:05] Modify product: Uncharacterized acyl-CoA thioester hydrolase HI_0827 => putative acyl-CoA thioester hydrolase
[10:15:05] Modify product: Uncharacterized acyl-CoA thioester hydrolase HI_0827 => putative acyl-CoA thioester hydrolase
[10:15:05] Modify product: UPF0234 protein HI_1034 => hypothetical protein
[10:15:05] Modify product: UPF0758 protein SP_1088 => hypothetical protein
[10:15:05] Modify product: Uncharacterized HTH-type transcriptional regulator HI_1476 => putative HTH-type transcriptional regulator
[10:15:05] Modify product: Probable enoyl-CoA hydratase echA8 => putative enoyl-CoA hydratase echA8
[10:15:05] Modify product: Uncharacterized HTH-type transcriptional regulator Rv1985c => putative HTH-type transcriptional regulator
[10:15:05] Modify product: Uncharacterized ABC transporter ATP-binding protein YejF => putative ABC transporter ATP-binding protein YejF
[10:15:05] Modify product: Probable hydrolase YcaC => putative hydrolase YcaC
[10:15:05] Modify product: Uncharacterized protein Rv0906 => putative protein
[10:15:05] Modify product: NADH dehydrogenase-like protein MT1860 => NADH dehydrogenase-like protein
[10:15:05] Modify product: Uncharacterized protein YyaP => putative protein YyaP
[10:15:05] Modify product: Uncharacterized protein YyaP => putative protein YyaP
[10:15:05] Modify product: NADH dehydrogenase-like protein MT1860 => NADH dehydrogenase-like protein
[10:15:05] Modify product: Uncharacterized protein Rv0906 => putative protein
[10:15:05] Modify product: Probable hydrolase YcaC => putative hydrolase YcaC
[10:15:05] Modify product: Probable glucarate transporter => putative glucarate transporter
[10:15:05] Modify product: Probable metallo-hydrolase Rv2300c => putative metallo-hydrolase
[10:15:05] Modify product: Probable TonB-dependent receptor NMB0964 => putative TonB-dependent receptor
[10:15:05] Modify product: Uncharacterized protein Rv0647c => putative protein
[10:15:05] Modify product: Uncharacterized oxidoreductase Rv1144 => putative oxidoreductase
[10:15:05] Modify product: Uncharacterized protein HI_0131 => putative protein
[10:15:05] Modify product: Cytochrome b561 homolog 2 => Cytochrome b561 
[10:15:05] Modify product: Probable transcriptional regulatory protein pdtaR => putative transcriptional regulatory protein pdtaR
[10:15:05] Modify product: Probable 3-phenylpropionic acid transporter => putative 3-phenylpropionic acid transporter
[10:15:05] Modify product: UPF0060 membrane protein YnfA => hypothetical protein
[10:15:05] Modify product: Uncharacterized FAD-linked oxidoreductase Rv2280 => putative FAD-linked oxidoreductase
[10:15:05] Modify product: Probable membrane transporter protein YfcA => putative membrane transporter protein YfcA
[10:15:05] Modify product: UPF0394 membrane protein XF_0765 => hypothetical protein
[10:15:05] Modify product: Probable metallo-hydrolase BURPS1710b_2304 => putative metallo-hydrolase
[10:15:05] Modify product: Uncharacterized oxidoreductase Rv0945 => putative oxidoreductase
[10:15:06] Modify product: Probable enoyl-CoA hydratase echA8 => putative enoyl-CoA hydratase echA8
[10:15:06] Modify product: Probable 2,4-dienoyl-CoA reductase => putative 2,4-dienoyl-CoA reductase
[10:15:06] Modify product: Probable ABC transporter ATP-binding/permease protein HI_0664 => putative ABC transporter ATP-binding/permease protein
[10:15:06] Modify product: Uncharacterized HTH-type transcriptional regulator Rv1395 => putative HTH-type transcriptional regulator
[10:15:06] Modify product: Putative acyltransferase Rv0859 => Putative acyltransferase
[10:15:06] Modify product: Acetyltransferase SACOL1063 => Acetyltransferase
[10:15:06] Modify product: UPF0073 inner membrane protein YqfA => hypothetical protein
[10:15:06] Modify product: Uncharacterized protein HI_1388.1 => putative protein.1
[10:15:06] Modify product: Probable FMNH2-dependent monooxygenase SfnC => putative FMNH2-dependent monooxygenase SfnC
[10:15:06] Modify product: UPF0126 inner membrane protein YicG => hypothetical protein
[10:15:06] Modify product: UPF0225 protein YchJ => hypothetical protein
[10:15:06] Modify product: UPF0053 inner membrane protein YoaE => hypothetical protein
[10:15:06] Modify product: Probable transport protein HsrA => putative transport protein HsrA
[10:15:06] Modify product: RutC family protein HI_0719 => RutC family protein
[10:15:06] Modify product: Probable multidrug ABC transporter permease YbhR => putative multidrug ABC transporter permease YbhR
[10:15:06] Modify product: Probable multidrug ABC transporter permease YbhR => putative multidrug ABC transporter permease YbhR
[10:15:06] Modify product: Uncharacterized methyltransferase YcgJ => putative methyltransferase YcgJ
[10:15:06] Modify product: Uncharacterized methyltransferase YcgJ => putative methyltransferase YcgJ
[10:15:06] Modify product: Cytochrome b561 homolog 2 => Cytochrome b561 
[10:15:06] Modify product: Uncharacterized HTH-type transcriptional regulator Rv1395 => putative HTH-type transcriptional regulator
[10:15:06] Modify product: Uncharacterized HTH-type transcriptional regulator Rv1395 => putative HTH-type transcriptional regulator
[10:15:06] Modify product: Uncharacterized ABC transporter ATP-binding protein YadG => putative ABC transporter ATP-binding protein YadG
[10:15:06] Modify product: Probable fimbrial chaperone YadV => putative fimbrial chaperone YadV
[10:15:06] Modify product: Uncharacterized isomerase YddE => putative isomerase YddE
[10:15:06] Modify product: Uncharacterized protein HI_1709 => putative protein
[10:15:06] Modify product: Uncharacterized HTH-type transcriptional regulator Rv1395 => putative HTH-type transcriptional regulator
[10:15:06] Modify product: Putative multidrug export ATP-binding/permease protein SAV1866 => Putative multidrug export ATP-binding/permease protein
[10:15:06] Modify product: Uncharacterized ABC transporter ATP-binding protein YheS => putative ABC transporter ATP-binding protein YheS
[10:15:06] Modify product: Uncharacterized ABC transporter ATP-binding protein YheS => putative ABC transporter ATP-binding protein YheS
[10:15:06] Modify product: Probable sulfoacetate transporter SauU => putative sulfoacetate transporter SauU
[10:15:06] Modify product: Uncharacterized ABC transporter ATP-binding protein YheS => putative ABC transporter ATP-binding protein YheS
[10:15:06] Modify product: Acetyltransferase PA3944 => Acetyltransferase
[10:15:06] Modify product: Acetyltransferase PA3944 => Acetyltransferase
[10:15:06] Modify product: UPF0053 inner membrane protein YtfL => hypothetical protein
[10:15:06] Modify product: Probable fimbrial chaperone YadV => putative fimbrial chaperone YadV
[10:15:06] Modify product: Probable fimbrial chaperone YadV => putative fimbrial chaperone YadV
[10:15:06] Modify product: Probable allantoin permease => putative allantoin permease
[10:15:06] Modify product: Probable hydrolase YcaC => putative hydrolase YcaC
[10:15:06] Modify product: UPF0339 protein SO_3888 => hypothetical protein
[10:15:06] Modify product: UPF0339 protein SO_3888 => hypothetical protein
[10:15:06] Modify product: Uncharacterized HTH-type transcriptional regulator Rv1395 => putative HTH-type transcriptional regulator
[10:15:06] Modify product: Probable hydrolase YcaC => putative hydrolase YcaC
[10:15:06] Modify product: Uncharacterized protein YaeQ => putative protein YaeQ
[10:15:06] Modify product: Probable quinol monooxygenase YgiN => putative quinol monooxygenase YgiN
[10:15:06] Modify product: Uncharacterized HTH-type transcriptional regulator YahB => putative HTH-type transcriptional regulator YahB
[10:15:06] Modify product: Probable acyltransferase YihG => putative acyltransferase YihG
[10:15:06] Modify product: Probable lipoprotein YiaD => putative lipoprotein YiaD
[10:15:06] Modify product: Uncharacterized isomerase YddE => putative isomerase YddE
[10:15:06] Modify product: Uncharacterized isomerase YddE => putative isomerase YddE
[10:15:06] Modify product: Uncharacterized HTH-type transcriptional regulator Rv1395 => putative HTH-type transcriptional regulator
[10:15:06] Modify product: Co-chaperone protein HscB homolog => Co-chaperone protein HscB 
[10:15:06] Modify product: Uncharacterized oxidoreductase YciK => putative oxidoreductase YciK
[10:15:06] Modify product: Uncharacterized oxidoreductase YciK => putative oxidoreductase YciK
[10:15:06] Modify product: Uncharacterized HTH-type transcriptional regulator CBU_1416 => putative HTH-type transcriptional regulator
[10:15:06] Modify product: Probable FMNH2-dependent monooxygenase SfnC => putative FMNH2-dependent monooxygenase SfnC
[10:15:06] Modify product: Probable FMNH2-dependent monooxygenase SfnC => putative FMNH2-dependent monooxygenase SfnC
[10:15:06] Modify product: Putative low molecular weight protein-tyrosine-phosphatase slr0328 => Putative low molecular weight protein-tyrosine-phosphatase
[10:15:06] Modify product: Putative low molecular weight protein-tyrosine-phosphatase slr0328 => Putative low molecular weight protein-tyrosine-phosphatase
[10:15:06] Modify product: Probable TonB-dependent receptor NMB0964 => putative TonB-dependent receptor
[10:15:06] Modify product: Probable TonB-dependent receptor NMB0964 => putative TonB-dependent receptor
[10:15:06] Modify product: Probable oxidoreductase EphD => putative oxidoreductase EphD
[10:15:06] Modify product: Putative universal stress protein SA1532 => Putative universal stress protein
[10:15:06] Modify product: Putative universal stress protein SA1532 => Putative universal stress protein
[10:15:06] Modify product: Probable formaldehyde dehydrogenase AdhA => putative formaldehyde dehydrogenase AdhA
[10:15:06] Modify product: Probable ABC transporter permease protein HI_1471 => putative ABC transporter permease protein
[10:15:06] Modify product: Epimerase family protein SA0724 => Epimerase family protein
[10:15:06] Modify product: Uncharacterized protein YjdJ => putative protein YjdJ
[10:15:06] Modify product: Probable glutamine ABC transporter permease protein GlnM => putative glutamine ABC transporter permease protein GlnM
[10:15:06] Modify product: Probable glutamine ABC transporter permease protein GlnP => putative glutamine ABC transporter permease protein GlnP
[10:15:06] Modify product: Uncharacterized protein YcgM => putative protein YcgM
[10:15:06] Modify product: Uncharacterized HTH-type transcriptional regulator Rv1395 => putative HTH-type transcriptional regulator
[10:15:06] Modify product: Uncharacterized protein Rv2569c => putative protein
[10:15:06] Modify product: Uncharacterized protein Rv2411c => putative protein
[10:15:06] Modify product: UPF0178 protein YaiI => hypothetical protein
[10:15:06] Modify product: Putative transport protein Rv0205 => Putative transport protein
[10:15:06] Modify product: Uncharacterized HTH-type transcriptional regulator YtcD => putative HTH-type transcriptional regulator YtcD
[10:15:06] Modify product: Probable zinc-binding alcohol dehydrogenase Rv1895 => putative zinc-binding alcohol dehydrogenase
[10:15:06] Modify product: Probable amino-acid metabolite efflux pump => putative amino-acid metabolite efflux pump
[10:15:06] Modify product: Probable chaperone CsaA => putative chaperone CsaA
[10:15:06] Modify product: Uncharacterized protein HI_0933 => putative protein
[10:15:07] Modify product: Uncharacterized protein YciO => putative protein YciO
[10:15:07] Modify product: Segregation and condensation protein B homolog => Segregation and condensation protein B 
[10:15:07] Modify product: Uncharacterized HTH-type transcriptional regulator Rv3095 => putative HTH-type transcriptional regulator
[10:15:07] Modify product: Uncharacterized HTH-type transcriptional regulator Rv3095 => putative HTH-type transcriptional regulator
[10:15:07] Modify product: Probable transcriptional regulatory protein YebC => putative transcriptional regulatory protein YebC
[10:15:07] Modify product: Probable transcriptional regulatory protein YebC => putative transcriptional regulatory protein YebC
[10:15:07] Modify product: Probable multidrug resistance protein EmrY => putative multidrug resistance protein EmrY
[10:15:07] Modify product: Probable succinyl-CoA:3-ketoacid coenzyme A transferase subunit A => putative succinyl-CoA:3-ketoacid coenzyme A transferase subunit A
[10:15:07] Modify product: Probable succinyl-CoA:3-ketoacid coenzyme A transferase subunit B => putative succinyl-CoA:3-ketoacid coenzyme A transferase subunit B
[10:15:07] Modify product: Probable succinyl-CoA:3-ketoacid coenzyme A transferase subunit B => putative succinyl-CoA:3-ketoacid coenzyme A transferase subunit B
[10:15:07] Modify product: Probable succinyl-CoA:3-ketoacid coenzyme A transferase subunit A => putative succinyl-CoA:3-ketoacid coenzyme A transferase subunit A
[10:15:07] Modify product: Putative acetyltransferase SACOL2570 => Putative acetyltransferase
[10:15:07] Modify product: Uncharacterized glycosyltransferase sll0501 => putative glycosyltransferase
[10:15:07] Modify product: Probable xanthine dehydrogenase subunit D => putative xanthine dehydrogenase subunit D
[10:15:07] Modify product: Putative hydro-lyase PSPTO_5379 => Putative hydro-lyase
[10:15:07] Modify product: Uncharacterized sugar transferase EpsL => putative sugar transferase EpsL
[10:15:07] Modify product: Uncharacterized protein YcjY => putative protein YcjY
[10:15:07] Modify product: Uncharacterized protein YcjY => putative protein YcjY
[10:15:07] Modify product: Uncharacterized protein HI_1082 => putative protein
[10:15:07] Modify product: Probable phosphatase Rv3661 => putative phosphatase
[10:15:07] Modify product: Uncharacterized protein Rv0906 => putative protein
[10:15:07] Modify product: Probable multidrug resistance protein EmrK => putative multidrug resistance protein EmrK
[10:15:07] Modify product: GTP cyclohydrolase 1 type 2 homolog => GTP cyclohydrolase 1 type 2 
[10:15:07] Cleaned 182 /product names
[10:15:07] Deleting unwanted file: /mnt/d/1-ABaumannii/æ³¨é‡Šprokka/ERR1417323/ERR1417323.sprot.tmp.265225.faa
[10:15:07] Deleting unwanted file: /mnt/d/1-ABaumannii/æ³¨é‡Šprokka/ERR1417323/ERR1417323.sprot.tmp.265225.blast
[10:15:07] There are still 2252 unannotated CDS left (started with 4449)
[10:15:07] Will use hmmer3 to search against /home/luolintao/miniconda3/envs/pyg/db/hmm/HAMAP.hmm with 4 CPUs
[10:15:07] Running: cat \/mnt\/d\/1\-ABaumannii\/\æ\³\¨\é\‡\Šprokka\/ERR1417323\/ERR1417323\.HAMAP\.hmm\.tmp\.265225\.faa | parallel --gnu --plain -j 4 --block 70846 --recstart '>' --pipe hmmscan --noali --notextw --acc -E 1e-09 --cpu 1 /home/luolintao/miniconda3/envs/pyg/db/hmm/HAMAP.hmm /dev/stdin > \/mnt\/d\/1\-ABaumannii\/\æ\³\¨\é\‡\Šprokka\/ERR1417323\/ERR1417323\.HAMAP\.hmm\.tmp\.265225\.hmmer3 2> /dev/null
[10:15:21] Modify product: Uncharacterized Nudix hydrolase NudL => putative Nudix hydrolase NudL
[10:15:21] Cleaned 1 /product names
[10:15:21] Deleting unwanted file: /mnt/d/1-ABaumannii/æ³¨é‡Šprokka/ERR1417323/ERR1417323.HAMAP.hmm.tmp.265225.faa
[10:15:21] Deleting unwanted file: /mnt/d/1-ABaumannii/æ³¨é‡Šprokka/ERR1417323/ERR1417323.HAMAP.hmm.tmp.265225.hmmer3
[10:15:21] Labelling remaining 2010 proteins as 'hypothetical protein'
[10:15:21] Possible /pseudo 'Succinate--CoA ligase [ADP-forming] subunit alpha' at ERR1417323_1 position 47871
[10:15:21] Possible /pseudo 'Alkaline phosphatase synthesis transcriptional regulatory protein PhoP' at ERR1417323_4 position 29002
[10:15:21] Possible /pseudo 'Elongation factor Tu' at ERR1417323_10 position 39622
[10:15:21] Possible /pseudo 'D-serine/D-alanine/glycine transporter' at ERR1417323_17 position 25637
[10:15:21] Possible /pseudo 'HTH-type transcriptional regulator PgrR' at ERR1417323_19 position 18380
[10:15:21] Possible /pseudo '3-methylmercaptopropionyl-CoA dehydrogenase' at ERR1417323_23 position 24362
[10:15:21] Possible /pseudo 'Threonine/homoserine exporter RhtA' at ERR1417323_31 position 4701
[10:15:21] Possible /pseudo 'Putative aliphatic sulfonates-binding protein' at ERR1417323_32 position 12947
[10:15:21] Possible /pseudo 'Putative aliphatic sulfonates-binding protein' at ERR1417323_32 position 14202
[10:15:21] Possible /pseudo 'Putative aliphatic sulfonates-binding protein' at ERR1417323_32 position 15242
[10:15:21] Possible /pseudo 'putative FKBP-type peptidyl-prolyl cis-trans isomerase FkpA' at ERR1417323_47 position 10977
[10:15:21] Possible /pseudo 'Homoprotocatechuate catabolism bifunctional isomerase/decarboxylase' at ERR1417323_48 position 16754
[10:15:21] Possible /pseudo '4-hydroxybenzoate transporter PcaK' at ERR1417323_58 position 10668
[10:15:21] Possible /pseudo 'L-arabonate dehydratase' at ERR1417323_71 position 9353
[10:15:21] Possible /pseudo 'putative FMNH2-dependent monooxygenase SfnC' at ERR1417323_77 position 1348
[10:15:21] Possible /pseudo '6-phosphogluconolactonase' at ERR1417323_78 position 9140
[10:15:21] Possible /pseudo 'Twitching mobility protein' at ERR1417323_83 position 4565
[10:15:21] Possible /pseudo 'Sensor histidine kinase RcsC' at ERR1417323_84 position 9030
[10:15:21] Possible /pseudo 'ABC transporter glutamine-binding protein GlnH' at ERR1417323_84 position 13724
[10:15:21] Possible /pseudo 'Ribosomal small subunit pseudouridine synthase A' at ERR1417323_99 position 7885
[10:15:21] Possible /pseudo 'putative HTH-type transcriptional regulator' at ERR1417323_103 position 7494
[10:15:21] Possible /pseudo 'Taurine import ATP-binding protein TauB' at ERR1417323_105 position 4883
[10:15:21] Possible /pseudo 'Epoxide hydrolase A' at ERR1417323_114 position 3407
[10:15:21] Possible /pseudo 'Tyrosine--tRNA ligase' at ERR1417323_114 position 6948
[10:15:21] Possible /pseudo 'Epoxide hydrolase A' at ERR1417323_114 position 10449
[10:15:21] Possible /pseudo 'Homoserine/homoserine lactone efflux protein' at ERR1417323_117 position 6845
[10:15:21] Possible /pseudo 'Acyl-CoA dehydrogenase' at ERR1417323_120 position 6864
[10:15:21] Possible /pseudo 'Long-chain-alcohol dehydrogenase 1' at ERR1417323_129 position 6619
[10:15:21] Possible /pseudo 'Biopolymer transport protein ExbD' at ERR1417323_136 position 7470
[10:15:21] Possible /pseudo 'Thiol:disulfide interchange protein DsbA' at ERR1417323_138 position 6271
[10:15:21] Possible /pseudo 'Poly-beta-1,6-N-acetyl-D-glucosamine N-deacetylase' at ERR1417323_141 position 6173
[10:15:21] Possible /pseudo 'PCP degradation transcriptional activation protein' at ERR1417323_153 position 5754
[10:15:21] Possible /pseudo 'Signal recognition particle receptor FtsY' at ERR1417323_157 position 5381
[10:15:21] Possible /pseudo 'Thiosulfate sulfurtransferase GlpE' at ERR1417323_173 position 4861
[10:15:21] Possible /pseudo 'Cytochrome bd ubiquinol oxidase subunit 1' at ERR1417323_182 position 4721
[10:15:21] Possible /pseudo 'Tryptophan--tRNA ligase 2' at ERR1417323_183 position 4598
[10:15:21] Possible /pseudo 'Cation/acetate symporter ActP' at ERR1417323_204 position 4116
[10:15:21] Possible /pseudo 'Outer membrane usher protein HtrE' at ERR1417323_207 position 3703
[10:15:21] Possible /pseudo 'O-succinylhomoserine sulfhydrylase' at ERR1417323_214 position 3722
[10:15:21] Possible /pseudo 'tRNA nuclease CdiA-2' at ERR1417323_226 position 3228
[10:15:21] Possible /pseudo 'HTH-type transcriptional regulator BetI' at ERR1417323_231 position 3173
[10:15:21] Possible /pseudo 'Metal-pseudopaline receptor CntO' at ERR1417323_236 position 3452
[10:15:21] Possible /pseudo 'Osmolarity sensor protein EnvZ' at ERR1417323_241 position 2900
[10:15:21] Possible /pseudo 'Tyrosine recombinase XerC' at ERR1417323_242 position 3049
[10:15:21] Possible /pseudo 'HTH-type transcriptional regulator DmlR' at ERR1417323_250 position 2928
[10:15:21] Possible /pseudo 'D-beta-hydroxybutyrate dehydrogenase' at ERR1417323_252 position 2355
[10:15:21] Possible /pseudo 'HTH-type transcriptional regulator CdhR' at ERR1417323_254 position 2453
[10:15:21] Possible /pseudo 'Putative competence-damage inducible protein' at ERR1417323_257 position 3774
[10:15:21] Possible /pseudo 'Cell division protein FtsB' at ERR1417323_258 position 2586
[10:15:21] Possible /pseudo 'Gamma-glutamylputrescine oxidoreductase' at ERR1417323_259 position 3995
[10:15:21] Possible /pseudo 'putative ABC transporter ATP-binding protein YheS' at ERR1417323_264 position 2479
[10:15:21] Possible /pseudo 'ATP-dependent RecD-like DNA helicase' at ERR1417323_266 position 3341
[10:15:21] Possible /pseudo '4-hydroxybenzoate transporter PcaK' at ERR1417323_272 position 2253
[10:15:21] Possible /pseudo 'Ribonuclease D' at ERR1417323_276 position 2239
[10:15:21] Possible /pseudo 'HTH-type transcriptional regulator GltC' at ERR1417323_295 position 2044
[10:15:21] Possible /pseudo 'Pyrroline-5-carboxylate reductase' at ERR1417323_313 position 1989
[10:15:21] Possible /pseudo 'Major fimbrial subunit SMF-1' at ERR1417323_319 position 1463
[10:15:21] Possible /pseudo 'IS30 family transposase ISAba125' at ERR1417323_322 position 1258
[10:15:21] Possible /pseudo 'Hca operon transcriptional activator HcaR' at ERR1417323_327 position 1244
[10:15:21] Possible /pseudo 'Fimbrial protein' at ERR1417323_335 position 1218
[10:15:21] Possible /pseudo 'Trans-acting regulatory protein HvrA' at ERR1417323_340 position 1298
[10:15:21] Possible /pseudo 'IS4 family transposase ISAba33' at ERR1417323_397 position 584
[10:15:21] Possible /pseudo 'Poly(A) polymerase I' at ERR1417323_438 position 453
[10:15:21] Found 1624 unique /gene codes.
[10:15:21] Fixed 2 duplicate /gene - cdhR_1 cdhR_2
[10:15:21] Fixed 3 duplicate /gene - rlmB_1 rlmB_2 rlmB_3
[10:15:21] Fixed 2 duplicate /gene - calB_1 calB_2
[10:15:21] Fixed 3 duplicate /gene - folP_1 folP_2 folP_3
[10:15:21] Fixed 2 duplicate /gene - rsmB_1 rsmB_2
[10:15:21] Fixed 2 duplicate /gene - tusE_1 tusE_2
[10:15:21] Fixed 2 duplicate /gene - qseB_1 qseB_2
[10:15:21] Fixed 3 duplicate /gene - glmM_1 glmM_2 glmM_3
[10:15:21] Fixed 8 duplicate /gene - pcaK_1 pcaK_2 pcaK_3 pcaK_4 pcaK_5 pcaK_6 pcaK_7 pcaK_8
[10:15:21] Fixed 2 duplicate /gene - ahpF_1 ahpF_2
[10:15:21] Fixed 3 duplicate /gene - mexB_1 mexB_2 mexB_3
[10:15:21] Fixed 9 duplicate /gene - rhaS_1 rhaS_2 rhaS_3 rhaS_4 rhaS_5 rhaS_6 rhaS_7 rhaS_8 rhaS_9
[10:15:21] Fixed 2 duplicate /gene - hpcE_1 hpcE_2
[10:15:21] Fixed 2 duplicate /gene - lipR_1 lipR_2
[10:15:21] Fixed 3 duplicate /gene - nagR_1 nagR_2 nagR_3
[10:15:21] Fixed 4 duplicate /gene - betA_1 betA_2 betA_3 betA_4
[10:15:21] Fixed 2 duplicate /gene - ruvB_1 ruvB_2
[10:15:21] Fixed 3 duplicate /gene - yadV_1 yadV_2 yadV_3
[10:15:21] Fixed 2 duplicate /gene - rocC_1 rocC_2
[10:15:21] Fixed 2 duplicate /gene - lolA_1 lolA_2
[10:15:21] Fixed 2 duplicate /gene - secF_1 secF_2
[10:15:21] Fixed 2 duplicate /gene - COQ5_1 COQ5_2
[10:15:21] Fixed 2 duplicate /gene - dmdB_1 dmdB_2
[10:15:21] Fixed 2 duplicate /gene - cydA_1 cydA_2
[10:15:21] Fixed 2 duplicate /gene - acnD_1 acnD_2
[10:15:21] Fixed 17 duplicate /gene - dmlR_1 dmlR_2 dmlR_3 dmlR_4 dmlR_5 dmlR_6 dmlR_7 dmlR_8 dmlR_9 dmlR_10 dmlR_11 dmlR_12 dmlR_13 dmlR_14 dmlR_15 dmlR_16 dmlR_17
[10:15:21] Fixed 3 duplicate /gene - cinA_1 cinA_2 cinA_3
[10:15:21] Fixed 2 duplicate /gene - ftsB_1 ftsB_2
[10:15:21] Fixed 2 duplicate /gene - rfbD_1 rfbD_2
[10:15:21] Fixed 2 duplicate /gene - naiP_1 naiP_2
[10:15:21] Fixed 2 duplicate /gene - eptA_1 eptA_2
[10:15:21] Fixed 3 duplicate /gene - galE_1 galE_2 galE_3
[10:15:21] Fixed 3 duplicate /gene - plcN_1 plcN_2 plcN_3
[10:15:21] Fixed 2 duplicate /gene - IMPDH_1 IMPDH_2
[10:15:21] Fixed 4 duplicate /gene - rhtA_1 rhtA_2 rhtA_3 rhtA_4
[10:15:21] Fixed 2 duplicate /gene - tcyP_1 tcyP_2
[10:15:21] Fixed 2 duplicate /gene - hupB_1 hupB_2
[10:15:21] Fixed 3 duplicate /gene - hcaR_1 hcaR_2 hcaR_3
[10:15:21] Fixed 3 duplicate /gene - dhaT_1 dhaT_2 dhaT_3
[10:15:21] Fixed 2 duplicate /gene - metQ_1 metQ_2
[10:15:21] Fixed 3 duplicate /gene - pgaC_1 pgaC_2 pgaC_3
[10:15:21] Fixed 2 duplicate /gene - bauC_1 bauC_2
[10:15:21] Fixed 2 duplicate /gene - ileS_1 ileS_2
[10:15:21] Fixed 5 duplicate /gene - pcaI_1 pcaI_2 pcaI_3 pcaI_4 pcaI_5
[10:15:21] Fixed 5 duplicate /gene - tolQ_1 tolQ_2 tolQ_3 tolQ_4 tolQ_5
[10:15:21] Fixed 2 duplicate /gene - nfuA_1 nfuA_2
[10:15:21] Fixed 3 duplicate /gene - azoR1_1 azoR1_2 azoR1_3
[10:15:21] Fixed 2 duplicate /gene - cdiA2_1 cdiA2_2
[10:15:21] Fixed 2 duplicate /gene - proS_1 proS_2
[10:15:21] Fixed 2 duplicate /gene - coaBC_1 coaBC_2
[10:15:21] Fixed 2 duplicate /gene - hutH_1 hutH_2
[10:15:21] Fixed 3 duplicate /gene - cydB_1 cydB_2 cydB_3
[10:15:21] Fixed 2 duplicate /gene - nuoE_1 nuoE_2
[10:15:21] Fixed 2 duplicate /gene - hipO_1 hipO_2
[10:15:21] Fixed 2 duplicate /gene - cmoA_1 cmoA_2
[10:15:21] Fixed 2 duplicate /gene - prpC_1 prpC_2
[10:15:21] Fixed 2 duplicate /gene - yfeX_1 yfeX_2
[10:15:21] Fixed 2 duplicate /gene - nadX_1 nadX_2
[10:15:21] Fixed 2 duplicate /gene - miaA_1 miaA_2
[10:15:21] Fixed 2 duplicate /gene - nuoK_1 nuoK_2
[10:15:21] Fixed 3 duplicate /gene - proP_1 proP_2 proP_3
[10:15:21] Fixed 2 duplicate /gene - bdhA_1 bdhA_2
[10:15:21] Fixed 2 duplicate /gene - ftsA_1 ftsA_2
[10:15:21] Fixed 2 duplicate /gene - carB_1 carB_2
[10:15:21] Fixed 2 duplicate /gene - tgt_1 tgt_2
[10:15:21] Fixed 4 duplicate /gene - nicP_1 nicP_2 nicP_3 nicP_4
[10:15:21] Fixed 2 duplicate /gene - tdh_1 tdh_2
[10:15:21] Fixed 2 duplicate /gene - pitA_1 pitA_2
[10:15:21] Fixed 2 duplicate /gene - yyaP_1 yyaP_2
[10:15:21] Fixed 3 duplicate /gene - aes_1 aes_2 aes_3
[10:15:21] Fixed 2 duplicate /gene - secD_1 secD_2
[10:15:21] Fixed 2 duplicate /gene - ompR_1 ompR_2
[10:15:21] Fixed 4 duplicate /gene - lamB_1 lamB_2 lamB_3 lamB_4
[10:15:21] Fixed 2 duplicate /gene - hvrA_1 hvrA_2
[10:15:21] Fixed 2 duplicate /gene - bepA_1 bepA_2
[10:15:21] Fixed 2 duplicate /gene - mutL_1 mutL_2
[10:15:21] Fixed 5 duplicate /gene - exbD_1 exbD_2 exbD_3 exbD_4 exbD_5
[10:15:21] Fixed 3 duplicate /gene - betB_1 betB_2 betB_3
[10:15:21] Fixed 2 duplicate /gene - ruvA_1 ruvA_2
[10:15:21] Fixed 2 duplicate /gene - nuoC_1 nuoC_2
[10:15:21] Fixed 4 duplicate /gene - mexA_1 mexA_2 mexA_3 mexA_4
[10:15:21] Fixed 3 duplicate /gene - yjcH_1 yjcH_2 yjcH_3
[10:15:21] Fixed 8 duplicate /gene - bcr_1 bcr_2 bcr_3 bcr_4 bcr_5 bcr_6 bcr_7 bcr_8
[10:15:21] Fixed 2 duplicate /gene - amtB_1 amtB_2
[10:15:21] Fixed 2 duplicate /gene - tdcB_1 tdcB_2
[10:15:21] Fixed 2 duplicate /gene - fhuE_1 fhuE_2
[10:15:21] Fixed 2 duplicate /gene - hutU_1 hutU_2
[10:15:21] Fixed 2 duplicate /gene - epsE_1 epsE_2
[10:15:21] Fixed 2 duplicate /gene - yfcG_1 yfcG_2
[10:15:21] Fixed 2 duplicate /gene - rpmA_1 rpmA_2
[10:15:21] Fixed 2 duplicate /gene - glnH_1 glnH_2
[10:15:21] Fixed 2 duplicate /gene - yciB_1 yciB_2
[10:15:21] Fixed 2 duplicate /gene - accA_1 accA_2
[10:15:21] Fixed 2 duplicate /gene - erpA_1 erpA_2
[10:15:21] Fixed 3 duplicate /gene - atsA_1 atsA_2 atsA_3
[10:15:21] Fixed 3 duplicate /gene - mdtA_1 mdtA_2 mdtA_3
[10:15:21] Fixed 6 duplicate /gene - rhtB_1 rhtB_2 rhtB_3 rhtB_4 rhtB_5 rhtB_6
[10:15:21] Fixed 2 duplicate /gene - mshA_1 mshA_2
[10:15:21] Fixed 2 duplicate /gene - nuoI_1 nuoI_2
[10:15:21] Fixed 2 duplicate /gene - egtB_1 egtB_2
[10:15:21] Fixed 2 duplicate /gene - cdiI_1 cdiI_2
[10:15:21] Fixed 2 duplicate /gene - glxR_1 glxR_2
[10:15:21] Fixed 3 duplicate /gene - kefC_1 kefC_2 kefC_3
[10:15:21] Fixed 3 duplicate /gene - ssuB_1 ssuB_2 ssuB_3
[10:15:21] Fixed 3 duplicate /gene - arpC_1 arpC_2 arpC_3
[10:15:21] Fixed 2 duplicate /gene - livQ_1 livQ_2
[10:15:21] Fixed 2 duplicate /gene - trpD_1 trpD_2
[10:15:21] Fixed 2 duplicate /gene - sucD_1 sucD_2
[10:15:21] Fixed 2 duplicate /gene - def_1 def_2
[10:15:21] Fixed 2 duplicate /gene - yrdA_1 yrdA_2
[10:15:21] Fixed 4 duplicate /gene - glpE_1 glpE_2 glpE_3 glpE_4
[10:15:21] Fixed 3 duplicate /gene - acsA_1 acsA_2 acsA_3
[10:15:21] Fixed 2 duplicate /gene - pao_1 pao_2
[10:15:21] Fixed 2 duplicate /gene - ddl_1 ddl_2
[10:15:21] Fixed 2 duplicate /gene - thiE_1 thiE_2
[10:15:21] Fixed 2 duplicate /gene - sbnF_1 sbnF_2
[10:15:21] Fixed 3 duplicate /gene - aroP_1 aroP_2 aroP_3
[10:15:21] Fixed 2 duplicate /gene - kgtP_1 kgtP_2
[10:15:21] Fixed 2 duplicate /gene - catA_1 catA_2
[10:15:21] Fixed 6 duplicate /gene - aidA_1 aidA_2 aidA_3 aidA_4 aidA_5 aidA_6
[10:15:21] Fixed 3 duplicate /gene - ohrR_1 ohrR_2 ohrR_3
[10:15:21] Fixed 2 duplicate /gene - pilA_1 pilA_2
[10:15:21] Fixed 2 duplicate /gene - aroF_1 aroF_2
[10:15:21] Fixed 2 duplicate /gene - htpX_1 htpX_2
[10:15:21] Fixed 2 duplicate /gene - lipA_1 lipA_2
[10:15:21] Fixed 2 duplicate /gene - trmL_1 trmL_2
[10:15:21] Fixed 2 duplicate /gene - bicA_1 bicA_2
[10:15:21] Fixed 2 duplicate /gene - nrdB_1 nrdB_2
[10:15:21] Fixed 2 duplicate /gene - gloB_1 gloB_2
[10:15:21] Fixed 3 duplicate /gene - mtnN_1 mtnN_2 mtnN_3
[10:15:21] Fixed 3 duplicate /gene - catD_1 catD_2 catD_3
[10:15:21] Fixed 2 duplicate /gene - ybaN_1 ybaN_2
[10:15:21] Fixed 2 duplicate /gene - fmt_1 fmt_2
[10:15:21] Fixed 4 duplicate /gene - hdfR_1 hdfR_2 hdfR_3 hdfR_4
[10:15:21] Fixed 2 duplicate /gene - nuoL_1 nuoL_2
[10:15:21] Fixed 4 duplicate /gene - cpdA_1 cpdA_2 cpdA_3 cpdA_4
[10:15:21] Fixed 2 duplicate /gene - aphA_1 aphA_2
[10:15:21] Fixed 4 duplicate /gene - nimR_1 nimR_2 nimR_3 nimR_4
[10:15:21] Fixed 2 duplicate /gene - sotB_1 sotB_2
[10:15:21] Fixed 2 duplicate /gene - scoA_1 scoA_2
[10:15:21] Fixed 2 duplicate /gene - sucA_1 sucA_2
[10:15:21] Fixed 5 duplicate /gene - puuB_1 puuB_2 puuB_3 puuB_4 puuB_5
[10:15:21] Fixed 2 duplicate /gene - rluA_1 rluA_2
[10:15:21] Fixed 2 duplicate /gene - yjhB_1 yjhB_2
[10:15:21] Fixed 2 duplicate /gene - rsuA_1 rsuA_2
[10:15:21] Fixed 3 duplicate /gene - pcnB_1 pcnB_2 pcnB_3
[10:15:21] Fixed 2 duplicate /gene - sdhC_1 sdhC_2
[10:15:21] Fixed 2 duplicate /gene - surE_1 surE_2
[10:15:21] Fixed 2 duplicate /gene - sbmA_1 sbmA_2
[10:15:21] Fixed 2 duplicate /gene - liuE_1 liuE_2
[10:15:21] Fixed 3 duplicate /gene - yheS_1 yheS_2 yheS_3
[10:15:21] Fixed 3 duplicate /gene - ilvB_1 ilvB_2 ilvB_3
[10:15:21] Fixed 2 duplicate /gene - ribF_1 ribF_2
[10:15:21] Fixed 2 duplicate /gene - yciV_1 yciV_2
[10:15:21] Fixed 2 duplicate /gene - trxC_1 trxC_2
[10:15:21] Fixed 2 duplicate /gene - ycgJ_1 ycgJ_2
[10:15:21] Fixed 2 duplicate /gene - yybR_1 yybR_2
[10:15:21] Fixed 2 duplicate /gene - queA_1 queA_2
[10:15:21] Fixed 2 duplicate /gene - catB_1 catB_2
[10:15:21] Fixed 3 duplicate /gene - iucD_1 iucD_2 iucD_3
[10:15:21] Fixed 3 duplicate /gene - ompA_1 ompA_2 ompA_3
[10:15:21] Fixed 3 duplicate /gene - gltC_1 gltC_2 gltC_3
[10:15:21] Fixed 2 duplicate /gene - lipB_1 lipB_2
[10:15:21] Fixed 2 duplicate /gene - ybjJ_1 ybjJ_2
[10:15:21] Fixed 2 duplicate /gene - fadD3_1 fadD3_2
[10:15:21] Fixed 2 duplicate /gene - pilT_1 pilT_2
[10:15:21] Fixed 4 duplicate /gene - ssuA_1 ssuA_2 ssuA_3 ssuA_4
[10:15:21] Fixed 3 duplicate /gene - shlB_1 shlB_2 shlB_3
[10:15:21] Fixed 2 duplicate /gene - gltK_1 gltK_2
[10:15:21] Fixed 2 duplicate /gene - catM_1 catM_2
[10:15:21] Fixed 2 duplicate /gene - hfq_1 hfq_2
[10:15:21] Fixed 3 duplicate /gene - sfnC_1 sfnC_2 sfnC_3
[10:15:21] Fixed 4 duplicate /gene - yddE_1 yddE_2 yddE_3 yddE_4
[10:15:21] Fixed 3 duplicate /gene - sasA_1 sasA_2 sasA_3
[10:15:21] Fixed 2 duplicate /gene - prlC_1 prlC_2
[10:15:21] Fixed 2 duplicate /gene - bacC_1 bacC_2
[10:15:21] Fixed 4 duplicate /gene - menH_1 menH_2 menH_3 menH_4
[10:15:21] Fixed 2 duplicate /gene - cnbA_1 cnbA_2
[10:15:21] Fixed 2 duplicate /gene - prs_1 prs_2
[10:15:21] Fixed 2 duplicate /gene - decR_1 decR_2
[10:15:21] Fixed 5 duplicate /gene - hcaB_1 hcaB_2 hcaB_3 hcaB_4 hcaB_5
[10:15:21] Fixed 3 duplicate /gene - araC_1 araC_2 araC_3
[10:15:21] Fixed 2 duplicate /gene - scoB_1 scoB_2
[10:15:21] Fixed 2 duplicate /gene - sucB_1 sucB_2
[10:15:21] Fixed 2 duplicate /gene - dapE_1 dapE_2
[10:15:21] Fixed 2 duplicate /gene - trpB_1 trpB_2
[10:15:21] Fixed 2 duplicate /gene - ssuD_1 ssuD_2
[10:15:21] Fixed 2 duplicate /gene - gltI_1 gltI_2
[10:15:21] Fixed 2 duplicate /gene - rpoD_1 rpoD_2
[10:15:21] Fixed 2 duplicate /gene - gcvA_1 gcvA_2
[10:15:21] Fixed 3 duplicate /gene - umuC_1 umuC_2 umuC_3
[10:15:21] Fixed 2 duplicate /gene - ydhP_1 ydhP_2
[10:15:21] Fixed 4 duplicate /gene - lexA_1 lexA_2 lexA_3 lexA_4
[10:15:21] Fixed 2 duplicate /gene - pleD_1 pleD_2
[10:15:21] Fixed 2 duplicate /gene - lpxP_1 lpxP_2
[10:15:21] Fixed 3 duplicate /gene - iscR_1 iscR_2 iscR_3
[10:15:21] Fixed 2 duplicate /gene - iucA_1 iucA_2
[10:15:21] Fixed 2 duplicate /gene - dsbC_1 dsbC_2
[10:15:21] Fixed 2 duplicate /gene - clsC_1 clsC_2
[10:15:21] Fixed 2 duplicate /gene - sufS_1 sufS_2
[10:15:21] Fixed 2 duplicate /gene - alsT_1 alsT_2
[10:15:21] Fixed 2 duplicate /gene - purL_1 purL_2
[10:15:21] Fixed 2 duplicate /gene - hutG_1 hutG_2
[10:15:21] Fixed 3 duplicate /gene - accA1_1 accA1_2 accA1_3
[10:15:21] Fixed 3 duplicate /gene - tyrS_1 tyrS_2 tyrS_3
[10:15:21] Fixed 3 duplicate /gene - iutA_1 iutA_2 iutA_3
[10:15:21] Fixed 2 duplicate /gene - rep_1 rep_2
[10:15:21] Fixed 2 duplicate /gene - lpxL_1 lpxL_2
[10:15:21] Fixed 2 duplicate /gene - proY_1 proY_2
[10:15:21] Fixed 2 duplicate /gene - ybgC_1 ybgC_2
[10:15:21] Fixed 6 duplicate /gene - cntO_1 cntO_2 cntO_3 cntO_4 cntO_5 cntO_6
[10:15:21] Fixed 5 duplicate /gene - fabG_1 fabG_2 fabG_3 fabG_4 fabG_5
[10:15:21] Fixed 2 duplicate /gene - pnuC_1 pnuC_2
[10:15:21] Fixed 2 duplicate /gene - lpdG_1 lpdG_2
[10:15:21] Fixed 3 duplicate /gene - pcaF_1 pcaF_2 pcaF_3
[10:15:21] Fixed 2 duplicate /gene - serS_1 serS_2
[10:15:21] Fixed 2 duplicate /gene - rplU_1 rplU_2
[10:15:21] Fixed 3 duplicate /gene - rnd_1 rnd_2 rnd_3
[10:15:21] Fixed 2 duplicate /gene - icd_1 icd_2
[10:15:21] Fixed 2 duplicate /gene - nudC_1 nudC_2
[10:15:21] Fixed 2 duplicate /gene - hpsN_1 hpsN_2
[10:15:21] Fixed 2 duplicate /gene - dmoA_1 dmoA_2
[10:15:21] Fixed 2 duplicate /gene - mdtC_1 mdtC_2
[10:15:21] Fixed 3 duplicate /gene - mrkD_1 mrkD_2 mrkD_3
[10:15:21] Fixed 2 duplicate /gene - algE7_1 algE7_2
[10:15:21] Fixed 2 duplicate /gene - yceJ_1 yceJ_2
[10:15:21] Fixed 2 duplicate /gene - pgaB_1 pgaB_2
[10:15:21] Fixed 2 duplicate /gene - murB_1 murB_2
[10:15:21] Fixed 2 duplicate /gene - norM_1 norM_2
[10:15:21] Fixed 8 duplicate /gene - lrp_1 lrp_2 lrp_3 lrp_4 lrp_5 lrp_6 lrp_7 lrp_8
[10:15:21] Fixed 4 duplicate /gene - namA_1 namA_2 namA_3 namA_4
[10:15:21] Fixed 3 duplicate /gene - pal_1 pal_2 pal_3
[10:15:21] Fixed 2 duplicate /gene - pgl_1 pgl_2
[10:15:21] Fixed 2 duplicate /gene - cysA_1 cysA_2
[10:15:21] Fixed 3 duplicate /gene - nanT_1 nanT_2 nanT_3
[10:15:21] Fixed 2 duplicate /gene - cynR_1 cynR_2
[10:15:21] Fixed 2 duplicate /gene - gntR_1 gntR_2
[10:15:21] Fixed 2 duplicate /gene - mltF_1 mltF_2
[10:15:21] Fixed 4 duplicate /gene - hmrR_1 hmrR_2 hmrR_3 hmrR_4
[10:15:21] Fixed 2 duplicate /gene - thiG_1 thiG_2
[10:15:21] Fixed 2 duplicate /gene - yajC_1 yajC_2
[10:15:21] Fixed 5 duplicate /gene - dmdC_1 dmdC_2 dmdC_3 dmdC_4 dmdC_5
[10:15:21] Fixed 2 duplicate /gene - paaH_1 paaH_2
[10:15:21] Fixed 2 duplicate /gene - nuoJ_1 nuoJ_2
[10:15:21] Fixed 2 duplicate /gene - glpG_1 glpG_2
[10:15:21] Fixed 2 duplicate /gene - xecA1_1 xecA1_2
[10:15:21] Fixed 3 duplicate /gene - emrA_1 emrA_2 emrA_3
[10:15:21] Fixed 2 duplicate /gene - plaP_1 plaP_2
[10:15:21] Fixed 2 duplicate /gene - qseC_1 qseC_2
[10:15:21] Fixed 4 duplicate /gene - anmK_1 anmK_2 anmK_3 anmK_4
[10:15:21] Fixed 3 duplicate /gene - gltR_1 gltR_2 gltR_3
[10:15:21] Fixed 2 duplicate /gene - nhaP_1 nhaP_2
[10:15:21] Fixed 2 duplicate /gene - guaD_1 guaD_2
[10:15:21] Fixed 2 duplicate /gene - racE_1 racE_2
[10:15:21] Fixed 4 duplicate /gene - ephA_1 ephA_2 ephA_3 ephA_4
[10:15:21] Fixed 3 duplicate /gene - glnQ_1 glnQ_2 glnQ_3
[10:15:21] Fixed 3 duplicate /gene - recD2_1 recD2_2 recD2_3
[10:15:21] Fixed 6 duplicate /gene - paaF_1 paaF_2 paaF_3 paaF_4 paaF_5 paaF_6
[10:15:21] Fixed 5 duplicate /gene - betI_1 betI_2 betI_3 betI_4 betI_5
[10:15:21] Fixed 2 duplicate /gene - fabR_1 fabR_2
[10:15:21] Fixed 3 duplicate /gene - rhtC_1 rhtC_2 rhtC_3
[10:15:21] Fixed 2 duplicate /gene - nuoF_1 nuoF_2
[10:15:21] Fixed 2 duplicate /gene - yciK_1 yciK_2
[10:15:21] Fixed 3 duplicate /gene - proC_1 proC_2 proC_3
[10:15:21] Fixed 2 duplicate /gene - tusD_1 tusD_2
[10:15:21] Fixed 2 duplicate /gene - bauA_1 bauA_2
[10:15:21] Fixed 2 duplicate /gene - fdx_1 fdx_2
[10:15:21] Fixed 3 duplicate /gene - ubiB_1 ubiB_2 ubiB_3
[10:15:21] Fixed 2 duplicate /gene - farB_1 farB_2
[10:15:21] Fixed 2 duplicate /gene - nuoH_1 nuoH_2
[10:15:21] Fixed 2 duplicate /gene - srrA_1 srrA_2
[10:15:21] Fixed 2 duplicate /gene - atoE_1 atoE_2
[10:15:21] Fixed 2 duplicate /gene - mgtA_1 mgtA_2
[10:15:21] Fixed 3 duplicate /gene - yccS_1 yccS_2 yccS_3
[10:15:21] Fixed 2 duplicate /gene - trmB_1 trmB_2
[10:15:21] Fixed 2 duplicate /gene - acrB_1 acrB_2
[10:15:21] Fixed 2 duplicate /gene - ycjY_1 ycjY_2
[10:15:21] Fixed 2 duplicate /gene - tolB_1 tolB_2
[10:15:21] Fixed 2 duplicate /gene - epsF_1 epsF_2
[10:15:21] Fixed 2 duplicate /gene - adh1_1 adh1_2
[10:15:21] Fixed 3 duplicate /gene - ftsY_1 ftsY_2 ftsY_3
[10:15:21] Fixed 3 duplicate /gene - pcaJ_1 pcaJ_2 pcaJ_3
[10:15:21] Fixed 3 duplicate /gene - C1-hpah_1 C1-hpah_2 C1-hpah_3
[10:15:21] Fixed 3 duplicate /gene - smf-1_1 smf-1_2 smf-1_3
[10:15:21] Fixed 2 duplicate /gene - hutI_1 hutI_2
[10:15:21] Fixed 2 duplicate /gene - dgt_1 dgt_2
[10:15:21] Fixed 2 duplicate /gene - tsaQ1_1 tsaQ1_2
[10:15:21] Fixed 5 duplicate /gene - pgrR_1 pgrR_2 pgrR_3 pgrR_4 pgrR_5
[10:15:21] Fixed 3 duplicate /gene - gabR_1 gabR_2 gabR_3
[10:15:21] Fixed 3 duplicate /gene - kefF_1 kefF_2 kefF_3
[10:15:21] Fixed 2 duplicate /gene - nuoB_1 nuoB_2
[10:15:21] Fixed 2 duplicate /gene - ant1_1 ant1_2
[10:15:21] Fixed 3 duplicate /gene - abaF_1 abaF_2 abaF_3
[10:15:21] Fixed 2 duplicate /gene - prpB_1 prpB_2
[10:15:21] Fixed 2 duplicate /gene - yciI_1 yciI_2
[10:15:21] Fixed 2 duplicate /gene - carC_1 carC_2
[10:15:21] Fixed 2 duplicate /gene - emrB_1 emrB_2
[10:15:21] Fixed 2 duplicate /gene - ttuB_1 ttuB_2
[10:15:21] Fixed 2 duplicate /gene - tusA_1 tusA_2
[10:15:21] Fixed 2 duplicate /gene - nuoM_1 nuoM_2
[10:15:21] Fixed 2 duplicate /gene - sdhB_1 sdhB_2
[10:15:21] Fixed 2 duplicate /gene - yedI_1 yedI_2
[10:15:21] Fixed 2 duplicate /gene - dkgA_1 dkgA_2
[10:15:21] Fixed 3 duplicate /gene - htrE_1 htrE_2 htrE_3
[10:15:21] Fixed 3 duplicate /gene - fadA_1 fadA_2 fadA_3
[10:15:21] Fixed 3 duplicate /gene - pcpR_1 pcpR_2 pcpR_3
[10:15:21] Fixed 5 duplicate /gene - norG_1 norG_2 norG_3 norG_4 norG_5
[10:15:21] Fixed 2 duplicate /gene - katE_1 katE_2
[10:15:21] Fixed 2 duplicate /gene - fatA_1 fatA_2
[10:15:21] Fixed 2 duplicate /gene - metN_1 metN_2
[10:15:21] Fixed 2 duplicate /gene - tufB_1 tufB_2
[10:15:21] Fixed 2 duplicate /gene - echA8_1 echA8_2
[10:15:21] Fixed 2 duplicate /gene - czcD_1 czcD_2
[10:15:21] Fixed 2 duplicate /gene - fadJ_1 fadJ_2
[10:15:21] Fixed 3 duplicate /gene - fpr_1 fpr_2 fpr_3
[10:15:21] Fixed 2 duplicate /gene - zitB_1 zitB_2
[10:15:21] Fixed 2 duplicate /gene - dsbA_1 dsbA_2
[10:15:21] Fixed 2 duplicate /gene - gabP_1 gabP_2
[10:15:21] Fixed 2 duplicate /gene - ndhC_1 ndhC_2
[10:15:21] Fixed 2 duplicate /gene - fumC_1 fumC_2
[10:15:21] Fixed 3 duplicate /gene - yhhW_1 yhhW_2 yhhW_3
[10:15:21] Fixed 4 duplicate /gene - dapA_1 dapA_2 dapA_3 dapA_4
[10:15:21] Fixed 2 duplicate /gene - czcA_1 czcA_2
[10:15:21] Fixed 2 duplicate /gene - xseA_1 xseA_2
[10:15:21] Fixed 2 duplicate /gene - ydaD_1 ydaD_2
[10:15:21] Fixed 3 duplicate /gene - map_1 map_2 map_3
[10:15:21] Fixed 2 duplicate /gene - gatA_1 gatA_2
[10:15:21] Fixed 2 duplicate /gene - antA_1 antA_2
[10:15:21] Fixed 2 duplicate /gene - gdhA_1 gdhA_2
[10:15:21] Fixed 2 duplicate /gene - nuoN_1 nuoN_2
[10:15:21] Fixed 2 duplicate /gene - gltA_1 gltA_2
[10:15:21] Fixed 2 duplicate /gene - fkpB_1 fkpB_2
[10:15:21] Fixed 2 duplicate /gene - metZ_1 metZ_2
[10:15:21] Fixed 2 duplicate /gene - bfr_1 bfr_2
[10:15:21] Fixed 2 duplicate /gene - trpS2_1 trpS2_2
[10:15:21] Fixed 2 duplicate /gene - bamA_1 bamA_2
[10:15:21] Fixed 2 duplicate /gene - argF_1 argF_2
[10:15:21] Fixed 2 duplicate /gene - dpgD_1 dpgD_2
[10:15:21] Fixed 2 duplicate /gene - valS_1 valS_2
[10:15:21] Fixed 2 duplicate /gene - ybhR_1 ybhR_2
[10:15:21] Fixed 2 duplicate /gene - nlhH_1 nlhH_2
[10:15:21] Fixed 3 duplicate /gene - tauB_1 tauB_2 tauB_3
[10:15:21] Fixed 3 duplicate /gene - ssuC_1 ssuC_2 ssuC_3
[10:15:21] Fixed 3 duplicate /gene - thlA_1 thlA_2 thlA_3
[10:15:21] Fixed 2 duplicate /gene - rutR_1 rutR_2
[10:15:21] Fixed 2 duplicate /gene - rstA_1 rstA_2
[10:15:21] Fixed 2 duplicate /gene - gltJ_1 gltJ_2
[10:15:21] Fixed 3 duplicate /gene - dnaB_1 dnaB_2 dnaB_3
[10:15:21] Fixed 2 duplicate /gene - ispF_1 ispF_2
[10:15:21] Fixed 2 duplicate /gene - budC_1 budC_2
[10:15:21] Fixed 4 duplicate /gene - xerC_1 xerC_2 xerC_3 xerC_4
[10:15:21] Fixed 2 duplicate /gene - sadH_1 sadH_2
[10:15:21] Fixed 2 duplicate /gene - lspA_1 lspA_2
[10:15:21] Fixed 3 duplicate /gene - phaC_1 phaC_2 phaC_3
[10:15:21] Fixed 3 duplicate /gene - blh_1 blh_2 blh_3
[10:15:21] Fixed 2 duplicate /gene - mnmC_1 mnmC_2
[10:15:21] Fixed 3 duplicate /gene - gltP_1 gltP_2 gltP_3
[10:15:21] Fixed 2 duplicate /gene - dadA_1 dadA_2
[10:15:21] Fixed 2 duplicate /gene - lon_1 lon_2
[10:15:21] Fixed 2 duplicate /gene - upp_1 upp_2
[10:15:21] Fixed 2 duplicate /gene - mmpI_1 mmpI_2
[10:15:21] Fixed 2 duplicate /gene - cysG_1 cysG_2
[10:15:21] Fixed 2 duplicate /gene - gabD_1 gabD_2
[10:15:21] Fixed 2 duplicate /gene - sucC_1 sucC_2
[10:15:21] Fixed 2 duplicate /gene - phoP_1 phoP_2
[10:15:21] Fixed 2 duplicate /gene - mutS_1 mutS_2
[10:15:21] Fixed 2 duplicate /gene - ubiG_1 ubiG_2
[10:15:21] Fixed 2 duplicate /gene - exoX_1 exoX_2
[10:15:21] Fixed 3 duplicate /gene - btuB_1 btuB_2 btuB_3
[10:15:21] Fixed 2 duplicate /gene - sdhA_1 sdhA_2
[10:15:21] Fixed 3 duplicate /gene - sutR_1 sutR_2 sutR_3
[10:15:21] Fixed 11 duplicate /gene - mmgC_1 mmgC_2 mmgC_3 mmgC_4 mmgC_5 mmgC_6 mmgC_7 mmgC_8 mmgC_9 mmgC_10 mmgC_11
[10:15:21] Fixed 3 duplicate /gene - ydcO_1 ydcO_2 ydcO_3
[10:15:21] Fixed 3 duplicate /gene - tufA_1 tufA_2 tufA_3
[10:15:21] Fixed 2 duplicate /gene - fadB_1 fadB_2
[10:15:21] Fixed 2 duplicate /gene - argA_1 argA_2
[10:15:21] Fixed 2 duplicate /gene - leuE_1 leuE_2
[10:15:21] Fixed 4 duplicate /gene - cmpR_1 cmpR_2 cmpR_3 cmpR_4
[10:15:21] Fixed 2 duplicate /gene - fabD_1 fabD_2
[10:15:21] Fixed 4 duplicate /gene - actP_1 actP_2 actP_3 actP_4
[10:15:21] Fixed 2 duplicate /gene - desA3_1 desA3_2
[10:15:21] Fixed 3 duplicate /gene - fadH_1 fadH_2 fadH_3
[10:15:21] Fixed 4 duplicate /gene - ycaC_1 ycaC_2 ycaC_3 ycaC_4
[10:15:21] Fixed 2 duplicate /gene - sdhD_1 sdhD_2
[10:15:21] Fixed 2 duplicate /gene - pdhR_1 pdhR_2
[10:15:21] Fixed 2 duplicate /gene - cidB_1 cidB_2
[10:15:21] Fixed 3 duplicate /gene - cycA_1 cycA_2 cycA_3
[10:15:21] Fixed 3 duplicate /gene - benM_1 benM_2 benM_3
[10:15:21] Fixed 4 duplicate /gene - fldP_1 fldP_2 fldP_3 fldP_4
[10:15:21] Fixed 4 duplicate /gene - oprM_1 oprM_2 oprM_3 oprM_4
[10:15:21] Fixed 2 duplicate /gene - dnaA_1 dnaA_2
[10:15:21] Fixed 2 duplicate /gene - nuoG_1 nuoG_2
[10:15:21] Fixed 2 duplicate /gene - prtR_1 prtR_2
[10:15:21] Fixed 10 duplicate /gene - rcsC_1 rcsC_2 rcsC_3 rcsC_4 rcsC_5 rcsC_6 rcsC_7 rcsC_8 rcsC_9 rcsC_10
[10:15:21] Fixed 2 duplicate /gene - argD_1 argD_2
[10:15:21] Fixed 2 duplicate /gene - fkpA_1 fkpA_2
[10:15:21] Fixed 2 duplicate /gene - dctA_1 dctA_2
[10:15:21] Fixed 2 duplicate /gene - envZ_1 envZ_2
[10:15:21] Fixed 2 duplicate /gene - catC_1 catC_2
[10:15:21] Fixed 2 duplicate /gene - fbp_1 fbp_2
[10:15:21] Fixed 2 duplicate /gene - yebC_1 yebC_2
[10:15:21] Fixed 2 duplicate /gene - pepN_1 pepN_2
[10:15:21] Fixed 4 duplicate /gene - gdhB_1 gdhB_2 gdhB_3 gdhB_4
[10:15:21] Fixed 2 duplicate /gene - gstB_1 gstB_2
[10:15:21] Fixed 2 duplicate /gene - ispD_1 ispD_2
[10:15:21] Fixed 2 duplicate /gene - mupP_1 mupP_2
[10:15:21] Fixed 2 duplicate /gene - oprB_1 oprB_2
[10:15:21] Fixed 2 duplicate /gene - parA_1 parA_2
[10:15:21] Fixed 2 duplicate /gene - sdsA_1 sdsA_2
[10:15:21] Fixed 409 colliding /gene names.
[10:15:21] Adding /locus_tag identifiers
[10:15:21] Assigned 4530 locus_tags to CDS and RNA features.
[10:15:21] Writing outputs to /mnt/d/1-ABaumannii/æ³¨é‡Šprokka/ERR1417323/
[10:15:24] Generating annotation statistics file
[10:15:24] Generating Genbank and Sequin files
[10:15:24] Running: tbl2asn -V b -a r10k -l paired-ends -M n -N 1 -y 'Annotated using prokka 1.14.6 from https://github.com/tseemann/prokka' -Z \/mnt\/d\/1\-ABaumannii\/\æ\³\¨\é\‡\Šprokka\/ERR1417323\/ERR1417323\.err -i \/mnt\/d\/1\-ABaumannii\/\æ\³\¨\é\‡\Šprokka\/ERR1417323\/ERR1417323\.fsa 2> /dev/null
[10:15:31] Deleting unwanted file: /mnt/d/1-ABaumannii/æ³¨é‡Šprokka/ERR1417323/errorsummary.val
[10:15:31] Deleting unwanted file: /mnt/d/1-ABaumannii/æ³¨é‡Šprokka/ERR1417323/ERR1417323.dr
[10:15:31] Deleting unwanted file: /mnt/d/1-ABaumannii/æ³¨é‡Šprokka/ERR1417323/ERR1417323.fixedproducts
[10:15:31] Deleting unwanted file: /mnt/d/1-ABaumannii/æ³¨é‡Šprokka/ERR1417323/ERR1417323.ecn
[10:15:31] Deleting unwanted file: /mnt/d/1-ABaumannii/æ³¨é‡Šprokka/ERR1417323/ERR1417323.val
[10:15:31] Repairing broken .GBK output that tbl2asn produces...
[10:15:31] Running: sed 's/COORDINATES: profile/COORDINATES:profile/' < \/mnt\/d\/1\-ABaumannii\/\æ\³\¨\é\‡\Šprokka\/ERR1417323\/ERR1417323\.gbf > \/mnt\/d\/1\-ABaumannii\/\æ\³\¨\é\‡\Šprokka\/ERR1417323\/ERR1417323\.gbk
[10:15:32] Deleting unwanted file: /mnt/d/1-ABaumannii/æ³¨é‡Šprokka/ERR1417323/ERR1417323.gbf
[10:15:32] Output files:
[10:15:32] /mnt/d/1-ABaumannii/æ³¨é‡Šprokka/ERR1417323/ERR1417323.err
[10:15:32] /mnt/d/1-ABaumannii/æ³¨é‡Šprokka/ERR1417323/ERR1417323.faa
[10:15:32] /mnt/d/1-ABaumannii/æ³¨é‡Šprokka/ERR1417323/ERR1417323.ffn
[10:15:32] /mnt/d/1-ABaumannii/æ³¨é‡Šprokka/ERR1417323/ERR1417323.fna
[10:15:32] /mnt/d/1-ABaumannii/æ³¨é‡Šprokka/ERR1417323/ERR1417323.fsa
[10:15:32] /mnt/d/1-ABaumannii/æ³¨é‡Šprokka/ERR1417323/ERR1417323.gbk
[10:15:32] /mnt/d/1-ABaumannii/æ³¨é‡Šprokka/ERR1417323/ERR1417323.gff
[10:15:32] /mnt/d/1-ABaumannii/æ³¨é‡Šprokka/ERR1417323/ERR1417323.log
[10:15:32] /mnt/d/1-ABaumannii/æ³¨é‡Šprokka/ERR1417323/ERR1417323.sqn
[10:15:32] /mnt/d/1-ABaumannii/æ³¨é‡Šprokka/ERR1417323/ERR1417323.tbl
[10:15:32] /mnt/d/1-ABaumannii/æ³¨é‡Šprokka/ERR1417323/ERR1417323.tsv
[10:15:32] /mnt/d/1-ABaumannii/æ³¨é‡Šprokka/ERR1417323/ERR1417323.txt
[10:15:32] Annotation finished successfully.
[10:15:32] Walltime used: 2.00 minutes
[10:15:32] If you use this result please cite the Prokka paper:
[10:15:32] Seemann T (2014) Prokka: rapid prokaryotic genome annotation. Bioinformatics. 30(14):2068-9.
[10:15:32] Type 'prokka --citation' for more details.
[10:15:32] Thank you, come again.
