[10:15:26] This is prokka 1.14.6
[10:15:26] Written by Torsten Seemann <torsten.seemann@gmail.com>
[10:15:26] Homepage is https://github.com/tseemann/prokka
[10:15:26] Local time is Thu Aug 28 10:15:26 2025
[10:15:26] You are luolintao
[10:15:26] Operating system is linux
[10:15:26] You have BioPerl 1.7.8
[10:15:26] System has 24 cores.
[10:15:26] Will use maximum of 4 cores.
[10:15:26] Annotating as >>> Bacteria <<<
[10:15:26] Generating locus_tag from '/mnt/d/1-ABaumannii/Assemble_rename/ERR1417326.fasta' contents.
[10:15:26] Setting --locustag GNBELFNB from MD5 07be5f7bb823a18f3754e083eed494c6
[10:15:26] Creating new output folder: /mnt/d/1-ABaumannii/æ³¨é‡Šprokka/ERR1417326
[10:15:26] Running: mkdir -p \/mnt\/d\/1\-ABaumannii\/\æ\³\¨\é\‡\Šprokka\/ERR1417326
[10:15:26] Using filename prefix: ERR1417326.XXX
[10:15:26] Setting HMMER_NCPU=1
[10:15:26] Writing log to: /mnt/d/1-ABaumannii/æ³¨é‡Šprokka/ERR1417326/ERR1417326.log
[10:15:26] Command: /home/luolintao/miniconda3/envs/pyg/bin/prokka --outdir /mnt/d/1-ABaumannii/æ³¨é‡Šprokka/ERR1417326 --prefix ERR1417326 --force --kingdom Bacteria --genus Acinetobacter --species baumannii --strain ERR1417326 --cpus 4 /mnt/d/1-ABaumannii/Assemble_rename/ERR1417326.fasta
[10:15:26] Appending to PATH: /home/luolintao/miniconda3/envs/pyg/bin
[10:15:26] Looking for 'aragorn' - found /home/luolintao/miniconda3/envs/pyg/bin/aragorn
[10:15:26] Determined aragorn version is 001002 from 'ARAGORN v1.2.41 Dean Laslett'
[10:15:26] Looking for 'barrnap' - found /home/luolintao/miniconda3/envs/pyg/bin/barrnap
[10:15:26] Determined barrnap version is 000009 from 'barrnap 0.9'
[10:15:26] Looking for 'blastp' - found /home/luolintao/miniconda3/envs/pyg/bin/blastp
[10:15:26] Determined blastp version is 002016 from 'blastp: 2.16.0+'
[10:15:26] Looking for 'cmpress' - found /home/luolintao/miniconda3/envs/pyg/bin/cmpress
[10:15:26] Determined cmpress version is 001001 from '# INFERNAL 1.1.5 (Sep 2023)'
[10:15:26] Looking for 'cmscan' - found /home/luolintao/miniconda3/envs/pyg/bin/cmscan
[10:15:26] Determined cmscan version is 001001 from '# INFERNAL 1.1.5 (Sep 2023)'
[10:15:26] Looking for 'egrep' - found /usr/bin/egrep
[10:15:26] Looking for 'find' - found /usr/bin/find
[10:15:26] Looking for 'grep' - found /usr/bin/grep
[10:15:26] Looking for 'hmmpress' - found /home/luolintao/miniconda3/envs/pyg/bin/hmmpress
[10:15:26] Determined hmmpress version is 003004 from '# HMMER 3.4 (Aug 2023); http://hmmer.org/'
[10:15:26] Looking for 'hmmscan' - found /home/luolintao/miniconda3/envs/pyg/bin/hmmscan
[10:15:26] Determined hmmscan version is 003004 from '# HMMER 3.4 (Aug 2023); http://hmmer.org/'
[10:15:26] Looking for 'java' - found /usr/bin/java
[10:15:26] Looking for 'makeblastdb' - found /home/luolintao/miniconda3/envs/pyg/bin/makeblastdb
[10:15:26] Determined makeblastdb version is 002016 from 'makeblastdb: 2.16.0+'
[10:15:26] Looking for 'minced' - found /home/luolintao/miniconda3/envs/pyg/bin/minced
[10:15:26] Determined minced version is 004002 from 'minced 0.4.2'
[10:15:26] Looking for 'parallel' - found /home/luolintao/miniconda3/envs/pyg/bin/parallel
[10:15:27] Determined parallel version is 20250422 from 'GNU parallel 20250422'
[10:15:27] Looking for 'prodigal' - found /home/luolintao/miniconda3/envs/pyg/bin/prodigal
[10:15:27] Determined prodigal version is 002006 from 'Prodigal V2.6.3: February, 2016'
[10:15:27] Looking for 'prokka-genbank_to_fasta_db' - found /home/luolintao/miniconda3/envs/pyg/bin/prokka-genbank_to_fasta_db
[10:15:27] Looking for 'sed' - found /usr/bin/sed
[10:15:27] Looking for 'tbl2asn' - found /home/luolintao/miniconda3/envs/pyg/bin/tbl2asn
[10:15:27] Determined tbl2asn version is 025007 from 'tbl2asn 25.7   arguments:'
[10:15:27] Using genetic code table 11.
[10:15:27] Loading and checking input file: /mnt/d/1-ABaumannii/Assemble_rename/ERR1417326.fasta
[10:15:27] Wrote 595 contigs totalling 4602970 bp.
[10:15:27] Predicting tRNAs and tmRNAs
[10:15:27] Running: aragorn -l -gc11  -w \/mnt\/d\/1\-ABaumannii\/\æ\³\¨\é\‡\Šprokka\/ERR1417326\/ERR1417326\.fna
[10:15:28] 1 tRNA-Gly [14716,14791] 34 (gcc)
[10:15:28] 2 tRNA-Gly [14837,14912] 34 (gcc)
[10:15:28] 3 tRNA-Gly c[71221,71296] 34 (gcc)
[10:15:28] 4 tRNA-Gly c[71342,71417] 34 (gcc)
[10:15:28] 1 tRNA-Met c[50009,50085] 35 (cat)
[10:15:28] 2 tRNA-Met c[50175,50251] 35 (cat)
[10:15:28] 3 tRNA-Leu c[50294,50378] 35 (gag)
[10:15:28] 1 tRNA-Val c[3241,3317] 35 (gac)
[10:15:28] 1 tRNA-Pro [9063,9139] 35 (tgg)
[10:15:28] 2 tRNA-Arg [9196,9272] 35 (tct)
[10:15:28] 3 tRNA-His [9306,9381] 34 (gtg)
[10:15:28] 4 tRNA-Pro [9386,9462] 35 (tgg)
[10:15:28] 5 tRNA-Pro c[60599,60675] 35 (tgg)
[10:15:28] 6 tRNA-His c[60680,60755] 34 (gtg)
[10:15:28] 7 tRNA-Arg c[60789,60865] 35 (tct)
[10:15:28] 8 tRNA-Pro c[60922,60998] 35 (tgg)
[10:15:28] 1 tRNA-Arg c[531,607] 35 (acg)
[10:15:28] 2 tRNA-Arg c[647,723] 35 (acg)
[10:15:28] 3 tRNA-Ser c[734,824] 35 (gct)
[10:15:28] 1 tRNA-Arg c[1712,1788] 35 (ccg)
[10:15:28] 1 tRNA-Arg c[27526,27599] 35 (cct)
[10:15:28] 1 tRNA-Lys c[22797,22872] 34 (ttt)
[10:15:28] 2 tRNA-Lys c[22895,22970] 34 (ttt)
[10:15:28] 1 tRNA-Met c[11811,11887] 35 (cat)
[10:15:28] 2 tRNA-Met c[21964,22040] 35 (cat)
[10:15:28] 1 tRNA-Asn [21410,21485] 34 (gtt)
[10:15:28] 2 tRNA-Asn [21494,21569] 34 (gtt)
[10:15:28] 3 tRNA-Asn c[22246,22321] 34 (gtt)
[10:15:28] 1 tRNA-Glu c[4801,4876] 35 (ttc)
[10:15:28] 2 tRNA-Ser [11788,11877] 35 (tga)
[10:15:28] 3 tRNA-Ser c[15548,15637] 35 (tga)
[10:15:28] 4 tRNA-Glu [22549,22624] 35 (ttc)
[10:15:28] 1 tRNA-Ser c[863,952] 35 (tga)
[10:15:28] 1 tRNA-Trp c[3843,3916] 33 (cca)
[10:15:28] 2 tRNA-Leu c[3982,4066] 35 (tag)
[10:15:28] 3 tRNA-Trp c[4094,4167] 33 (cca)
[10:15:28] 4 tRNA-Leu c[4222,4306] 35 (tag)
[10:15:28] 1 tmRNA c[2109,2468] 96,128 ANDETYALAA*
[10:15:28] 1 tRNA-Phe c[4921,4996] 34 (gaa)
[10:15:28] 2 tRNA-Phe c[5123,5198] 34 (gaa)
[10:15:28] 3 tRNA-Ser [21718,21807] 35 (gga)
[10:15:28] 1 tRNA-Asn c[929,1004] 34 (gtt)
[10:15:28] 1 tRNA-Leu c[162,248] 35 (caa)
[10:15:28] 1 tRNA-Gln [255,329] 33 (ttg)
[10:15:28] 2 tRNA-Gln [351,425] 33 (ttg)
[10:15:28] 3 tRNA-Gln [517,591] 33 (ttg)
[10:15:28] 1 tRNA-Gly [19022,19097] 34 (gcc)
[10:15:28] 1 tRNA-Glu c[2241,2316] 35 (ttc)
[10:15:28] 2 tRNA-Ala c[2342,2417] 34 (ggc)
[10:15:28] 1 tRNA-Leu [672,757] 35 (taa)
[10:15:28] 1 tRNA-Trp c[16243,16318] 34 (cca)
[10:15:28] 1 tRNA-Glu c[13591,13666] 35 (ttc)
[10:15:28] 2 tRNA-Glu c[13695,13770] 35 (ttc)
[10:15:28] 1 tRNA-Met c[3620,3696] 35 (cat)
[10:15:28] 2 tRNA-Met [9319,9395] 35 (cat)
[10:15:28] 1 tRNA-Thr c[8089,8164] 34 (tgt)
[10:15:28] 1 tRNA-Thr [8204,8279] 34 (tgt)
[10:15:28] 2 tRNA-Tyr [8336,8419] 35 (gta)
[10:15:28] 3 tRNA-Gly [8457,8532] 34 (tcc)
[10:15:28] 4 tRNA-Thr [8546,8620] 33 (ggt)
[10:15:28] 1 tRNA-Arg c[1107,1183] 35 (tct)
[10:15:28] 1 tRNA-Val [2515,2590] 34 (tac)
[10:15:28] 2 tRNA-Asp [2615,2691] 35 (gtc)
[10:15:28] 3 tRNA-Asp [2739,2815] 35 (gtc)
[10:15:28] 4 tRNA-Val [2837,2911] 34 (tac)
[10:15:28] 5 tRNA-Asp c[3012,3088] 35 (gtc)
[10:15:28] 6 tRNA-Val c[3128,3203] 34 (tac)
[10:15:28] 7 tRNA-Asp c[3225,3301] 35 (gtc)
[10:15:28] 8 tRNA-Asp [3398,3474] 35 (gtc)
[10:15:28] 9 tRNA-Val [3496,3571] 34 (tac)
[10:15:28] 10 tRNA-Asp [3611,3687] 35 (gtc)
[10:15:28] 11 tRNA-Val c[3788,3862] 34 (tac)
[10:15:28] 12 tRNA-Asp c[3884,3960] 35 (gtc)
[10:15:28] 13 tRNA-Asp c[4008,4084] 35 (gtc)
[10:15:28] 14 tRNA-Val c[4109,4184] 34 (tac)
[10:15:28] 1 tRNA-Leu c[1516,1601] 35 (taa)
[10:15:28] 2 tRNA-Cys c[1613,1686] 33 (gca)
[10:15:28] 1 tRNA-Met [986,1062] 35 (cat)
[10:15:28] 2 tRNA-Met c[3663,3739] 35 (cat)
[10:15:28] 1 tRNA-Ile [1065,1141] 35 (gat)
[10:15:28] 2 tRNA-Ala [1197,1269] 34 (tgc)
[10:15:28] 3 tRNA-Ala c[1262,1334] 34 (tgc)
[10:15:28] 4 tRNA-Ile c[1390,1466] 35 (gat)
[10:15:28] 1 tRNA-Arg c[953,1029] 35 (acg)
[10:15:28] 1 tRNA-Gln [269,343] 33 (ttg)
[10:15:28] 2 tRNA-Gln [371,445] 33 (ttg)
[10:15:28] 3 tRNA-Gln c[464,538] 33 (ttg)
[10:15:28] 4 tRNA-Gln c[566,640] 33 (ttg)
[10:15:28] 1 tRNA-Ala c[389,464] 34 (tgc)
[10:15:28] Found 89 tRNAs
[10:15:28] Predicting Ribosomal RNAs
[10:15:28] Running Barrnap with 4 threads
[10:15:29] 1 ERR1417326_248 2 16S ribosomal RNA (partial)
[10:15:29] 2 ERR1417326_248 1527 16S ribosomal RNA (partial)
[10:15:29] 3 ERR1417326_304 1 23S ribosomal RNA (partial)
[10:15:29] 4 ERR1417326_328 3 16S ribosomal RNA (partial)
[10:15:29] 5 ERR1417326_55 339 5S ribosomal RNA
[10:15:29] 6 ERR1417326_575 1 5S ribosomal RNA
[10:15:29] Found 6 rRNAs
[10:15:29] Skipping ncRNA search, enable with --rfam if desired.
[10:15:29] Total of 94 tRNA + rRNA features
[10:15:29] Searching for CRISPR repeats
[10:15:29] Found 0 CRISPRs
[10:15:29] Predicting coding sequences
[10:15:29] Contigs total 4602970 bp, so using single mode
[10:15:29] Running: prodigal -i \/mnt\/d\/1\-ABaumannii\/\æ\³\¨\é\‡\Šprokka\/ERR1417326\/ERR1417326\.fna -c -m -g 11 -p single -f sco -q
[10:15:31] Excluding CDS which overlaps existing RNA (tRNA) at ERR1417326_3:14645..14836 on - strand
[10:15:31] Excluding CDS which overlaps existing RNA (tRNA) at ERR1417326_3:71297..71488 on + strand
[10:15:32] Excluding CDS which overlaps existing RNA (tRNA) at ERR1417326_321:94..270 on + strand
[10:15:32] Excluding CDS which overlaps existing RNA (tRNA) at ERR1417326_321:639..815 on - strand
[10:15:32] Found 4292 CDS
[10:15:32] Connecting features back to sequences
[10:15:32] Not using genus-specific database. Try --usegenus to enable it.
[10:15:32] Annotating CDS, please be patient.
[10:15:32] Will use 4 CPUs for similarity searching.
[10:15:32] There are still 4292 unannotated CDS left (started with 4292)
[10:15:32] Will use blast to search against /home/luolintao/miniconda3/envs/pyg/db/kingdom/Bacteria/IS with 4 CPUs
[10:15:32] Running: cat \/mnt\/d\/1\-ABaumannii\/\æ\³\¨\é\‡\Šprokka\/ERR1417326\/ERR1417326\.IS\.tmp\.278111\.faa | parallel --gnu --plain -j 4 --block 164519 --recstart '>' --pipe blastp -query - -db /home/luolintao/miniconda3/envs/pyg/db/kingdom/Bacteria/IS -evalue 1e-30 -qcov_hsp_perc 90 -num_threads 1 -num_descriptions 1 -num_alignments 1 -seg no > \/mnt\/d\/1\-ABaumannii\/\æ\³\¨\é\‡\Šprokka\/ERR1417326\/ERR1417326\.IS\.tmp\.278111\.blast 2> /dev/null
[10:15:47] Deleting unwanted file: /mnt/d/1-ABaumannii/æ³¨é‡Šprokka/ERR1417326/ERR1417326.IS.tmp.278111.faa
[10:15:47] Deleting unwanted file: /mnt/d/1-ABaumannii/æ³¨é‡Šprokka/ERR1417326/ERR1417326.IS.tmp.278111.blast
[10:15:48] There are still 4276 unannotated CDS left (started with 4292)
[10:15:48] Will use blast to search against /home/luolintao/miniconda3/envs/pyg/db/kingdom/Bacteria/AMR with 4 CPUs
[10:15:48] Running: cat \/mnt\/d\/1\-ABaumannii\/\æ\³\¨\é\‡\Šprokka\/ERR1417326\/ERR1417326\.AMR\.tmp\.278111\.faa | parallel --gnu --plain -j 4 --block 163923 --recstart '>' --pipe blastp -query - -db /home/luolintao/miniconda3/envs/pyg/db/kingdom/Bacteria/AMR -evalue 1e-300 -qcov_hsp_perc 90 -num_threads 1 -num_descriptions 1 -num_alignments 1 -seg no > \/mnt\/d\/1\-ABaumannii\/\æ\³\¨\é\‡\Šprokka\/ERR1417326\/ERR1417326\.AMR\.tmp\.278111\.blast 2> /dev/null
[10:15:58] Deleting unwanted file: /mnt/d/1-ABaumannii/æ³¨é‡Šprokka/ERR1417326/ERR1417326.AMR.tmp.278111.faa
[10:15:58] Deleting unwanted file: /mnt/d/1-ABaumannii/æ³¨é‡Šprokka/ERR1417326/ERR1417326.AMR.tmp.278111.blast
[10:15:59] There are still 4274 unannotated CDS left (started with 4292)
[10:15:59] Will use blast to search against /home/luolintao/miniconda3/envs/pyg/db/kingdom/Bacteria/sprot with 4 CPUs
[10:15:59] Running: cat \/mnt\/d\/1\-ABaumannii\/\æ\³\¨\é\‡\Šprokka\/ERR1417326\/ERR1417326\.sprot\.tmp\.278111\.faa | parallel --gnu --plain -j 4 --block 163728 --recstart '>' --pipe blastp -query - -db /home/luolintao/miniconda3/envs/pyg/db/kingdom/Bacteria/sprot -evalue 1e-09 -qcov_hsp_perc 80 -num_threads 1 -num_descriptions 1 -num_alignments 1 -seg no > \/mnt\/d\/1\-ABaumannii\/\æ\³\¨\é\‡\Šprokka\/ERR1417326\/ERR1417326\.sprot\.tmp\.278111\.blast 2> /dev/null
[10:16:54] Modify product: Uncharacterized isomerase YddE => putative isomerase YddE
[10:16:54] Modify product: Uncharacterized protein HI_0933 => putative protein
[10:16:54] Modify product: Uncharacterized HTH-type transcriptional regulator HI_1476 => putative HTH-type transcriptional regulator
[10:16:54] Modify product: Uncharacterized HTH-type transcriptional regulator HI_1476 => putative HTH-type transcriptional regulator
[10:16:54] Modify product: Uncharacterized protein Rv2232 => putative protein
[10:16:54] Modify product: Uncharacterized glycosyltransferase sll0501 => putative glycosyltransferase
[10:16:54] Modify product: Probable multidrug ABC transporter permease YbhR => putative multidrug ABC transporter permease YbhR
[10:16:54] Modify product: UPF0178 protein YaiI => hypothetical protein
[10:16:54] Modify product: Putative transport protein Rv0205 => Putative transport protein
[10:16:55] Modify product: Uncharacterized ferredoxin-like protein HI_0527 => putative ferredoxin-like protein
[10:16:55] Modify product: 23S rRNA 5-hydroxycytidine C2501 synthase => 23S rRNA 5-hydroxycytidine synthase
[10:16:55] Modify product: Uncharacterized isomerase YddE => putative isomerase YddE
[10:16:55] Modify product: Probable ribosomal oxygenase HI_0396 => putative ribosomal oxygenase
[10:16:55] Modify product: Probable chromosome-partitioning protein ParB => putative chromosome-partitioning protein ParB
[10:16:55] Modify product: Uncharacterized metal-dependent hydrolase YcfH => putative metal-dependent hydrolase YcfH
[10:16:55] Modify product: Probable FKBP-type peptidyl-prolyl cis-trans isomerase FkpA => putative FKBP-type peptidyl-prolyl cis-trans isomerase FkpA
[10:16:55] Modify product: Probable FKBP-type peptidyl-prolyl cis-trans isomerase FkpA => putative FKBP-type peptidyl-prolyl cis-trans isomerase FkpA
[10:16:55] Modify product: Probable lipid II flippase MurJ => putative lipid II flippase MurJ
[10:16:55] Modify product: Uncharacterized oxidoreductase YciK => putative oxidoreductase YciK
[10:16:55] Modify product: Cytochrome b561 homolog 2 => Cytochrome b561 
[10:16:55] Modify product: Uncharacterized protein HI_0131 => putative protein
[10:16:55] Modify product: Uncharacterized protein YaeQ => putative protein YaeQ
[10:16:55] Modify product: Uncharacterized protein YaeQ => putative protein YaeQ
[10:16:55] Modify product: GTP cyclohydrolase 1 type 2 homolog => GTP cyclohydrolase 1 type 2 
[10:16:55] Modify product: Uncharacterized ABC transporter ATP-binding protein YejF => putative ABC transporter ATP-binding protein YejF
[10:16:55] Modify product: Uncharacterized ABC transporter ATP-binding protein YejF => putative ABC transporter ATP-binding protein YejF
[10:16:55] Modify product: Probable hydrolase YcaC => putative hydrolase YcaC
[10:16:55] Modify product: Uncharacterized HTH-type transcriptional regulator Rv1985c => putative HTH-type transcriptional regulator
[10:16:55] Modify product: Probable 2,4-dienoyl-CoA reductase => putative 2,4-dienoyl-CoA reductase
[10:16:55] Modify product: Probable enoyl-CoA hydratase echA8 => putative enoyl-CoA hydratase echA8
[10:16:55] Modify product: Probable TonB-dependent receptor BfrD => putative TonB-dependent receptor BfrD
[10:16:55] Modify product: PKHD-type hydroxylase Sbal_3634 => PKHD-type hydroxylase
[10:16:55] Modify product: Zinc-type alcohol dehydrogenase-like protein SA1988 => Zinc-type alcohol dehydrogenase-like protein
[10:16:55] Modify product: Zinc-type alcohol dehydrogenase-like protein SA1988 => Zinc-type alcohol dehydrogenase-like protein
[10:16:55] Modify product: PKHD-type hydroxylase Sbal_3634 => PKHD-type hydroxylase
[10:16:55] Modify product: Probable TonB-dependent receptor BfrD => putative TonB-dependent receptor BfrD
[10:16:55] Modify product: Probable TonB-dependent receptor NMB0964 => putative TonB-dependent receptor
[10:16:55] Modify product: Probable metallo-hydrolase Rv2300c => putative metallo-hydrolase
[10:16:55] Modify product: UPF0073 inner membrane protein YqfA => hypothetical protein
[10:16:55] Modify product: Acetyltransferase SACOL1063 => Acetyltransferase
[10:16:55] Modify product: Putative acyltransferase Rv0859 => Putative acyltransferase
[10:16:55] Modify product: Uncharacterized HTH-type transcriptional regulator Rv1395 => putative HTH-type transcriptional regulator
[10:16:55] Modify product: Probable thiol:disulfide interchange protein DsbC => putative thiol:disulfide interchange protein DsbC
[10:16:55] Modify product: UPF0339 protein SO_3888 => hypothetical protein
[10:16:55] Modify product: Probable enoyl-CoA hydratase echA8 => putative enoyl-CoA hydratase echA8
[10:16:55] Modify product: Probable enoyl-CoA hydratase echA8 => putative enoyl-CoA hydratase echA8
[10:16:55] Modify product: UPF0070 protein HI_0370 => hypothetical protein
[10:16:55] Modify product: Uncharacterized protein YibN => putative protein YibN
[10:16:55] Modify product: Uncharacterized protein YibN => putative protein YibN
[10:16:55] Modify product: UPF0070 protein HI_0370 => hypothetical protein
[10:16:55] Modify product: UPF0307 protein PSPTO_4464 => hypothetical protein
[10:16:55] Modify product: Uncharacterized protein HI_1008 => putative protein
[10:16:55] Modify product: Uncharacterized metal-dependent hydrolase YjjV => putative metal-dependent hydrolase YjjV
[10:16:55] Modify product: Probable chaperone CsaA => putative chaperone CsaA
[10:16:55] Modify product: Probable protein kinase UbiB => putative protein kinase UbiB
[10:16:55] Modify product: UPF0301 protein ACIAD0353 => hypothetical protein
[10:16:55] Modify product: UPF0382 membrane protein YwdK => hypothetical protein
[10:16:55] Modify product: Probable glucarate transporter => putative glucarate transporter
[10:16:55] Modify product: Probable membrane transporter protein YfcA => putative membrane transporter protein YfcA
[10:16:55] Modify product: Uncharacterized FAD-linked oxidoreductase Rv2280 => putative FAD-linked oxidoreductase
[10:16:55] Modify product: Probable RNA polymerase sigma factor FecI => putative RNA polymerase sigma factor FecI
[10:16:55] Modify product: TPR repeat-containing protein NMB0313 => TPR repeat-containing protein
[10:16:55] Modify product: TPR repeat-containing protein NMB0313 => TPR repeat-containing protein
[10:16:55] Modify product: Probable RNA polymerase sigma factor FecI => putative RNA polymerase sigma factor FecI
[10:16:55] Modify product: UPF0053 inner membrane protein YtfL => hypothetical protein
[10:16:55] Modify product: Uncharacterized protein HI_1388.1 => putative protein.1
[10:16:55] Modify product: Uncharacterized HTH-type transcriptional regulator Rv1395 => putative HTH-type transcriptional regulator
[10:16:55] Modify product: UPF0145 protein BCE33L0904 => hypothetical protein
[10:16:55] Modify product: Uncharacterized HTH-type transcriptional regulator YybR => putative HTH-type transcriptional regulator YybR
[10:16:55] Modify product: Uncharacterized protein YjdJ => putative protein YjdJ
[10:16:55] Modify product: Probable glutamine ABC transporter permease protein GlnM => putative glutamine ABC transporter permease protein GlnM
[10:16:55] Modify product: Probable glutamine ABC transporter permease protein GlnP => putative glutamine ABC transporter permease protein GlnP
[10:16:55] Modify product: Probable glutamine ABC transporter permease protein GlnP => putative glutamine ABC transporter permease protein GlnP
[10:16:55] Modify product: Probable glutamine ABC transporter permease protein GlnM => putative glutamine ABC transporter permease protein GlnM
[10:16:55] Modify product: Uncharacterized protein YjdJ => putative protein YjdJ
[10:16:55] Modify product: Probable CtpA-like serine protease => putative CtpA-like serine protease
[10:16:55] Modify product: Probable peptidoglycan glycosyltransferase FtsW => putative peptidoglycan glycosyltransferase FtsW
[10:16:55] Modify product: Probable ABC transporter permease protein HI_1471 => putative ABC transporter permease protein
[10:16:55] Modify product: Probable formaldehyde dehydrogenase AdhA => putative formaldehyde dehydrogenase AdhA
[10:16:55] Modify product: Probable transporter SCO4007 => putative transporter
[10:16:55] Modify product: Probable FMNH2-dependent monooxygenase SfnC => putative FMNH2-dependent monooxygenase SfnC
[10:16:55] Modify product: Probable FMNH2-dependent monooxygenase SfnC => putative FMNH2-dependent monooxygenase SfnC
[10:16:55] Modify product: Uncharacterized protein YqeY => putative protein YqeY
[10:16:55] Modify product: Probable multidrug resistance protein EmrK => putative multidrug resistance protein EmrK
[10:16:55] Modify product: Epimerase family protein SA0724 => Epimerase family protein
[10:16:55] Modify product: Uncharacterized HTH-type transcriptional regulator Rv1395 => putative HTH-type transcriptional regulator
[10:16:55] Modify product: Probable amino-acid metabolite efflux pump => putative amino-acid metabolite efflux pump
[10:16:55] Modify product: Probable ABC transporter ATP-binding/permease protein HI_0664 => putative ABC transporter ATP-binding/permease protein
[10:16:55] Modify product: RutC family protein HI_0719 => RutC family protein
[10:16:55] Modify product: Probable transport protein HsrA => putative transport protein HsrA
[10:16:55] Modify product: UPF0053 inner membrane protein YoaE => hypothetical protein
[10:16:55] Modify product: UPF0225 protein YchJ => hypothetical protein
[10:16:55] Modify product: UPF0126 inner membrane protein YicG => hypothetical protein
[10:16:55] Modify product: Uncharacterized ABC transporter ATP-binding protein YadG => putative ABC transporter ATP-binding protein YadG
[10:16:55] Modify product: Uncharacterized HTH-type transcriptional regulator Rv3095 => putative HTH-type transcriptional regulator
[10:16:55] Modify product: Uncharacterized protein Rv2411c => putative protein
[10:16:55] Modify product: Uncharacterized protein Rv2569c => putative protein
[10:16:56] Modify product: UPF0758 protein SP_1088 => hypothetical protein
[10:16:56] Modify product: UPF0234 protein HI_1034 => hypothetical protein
[10:16:56] Modify product: Uncharacterized acyl-CoA thioester hydrolase HI_0827 => putative acyl-CoA thioester hydrolase
[10:16:56] Modify product: Uncharacterized protein YciO => putative protein YciO
[10:16:56] Modify product: Segregation and condensation protein B homolog => Segregation and condensation protein B 
[10:16:56] Modify product: Uncharacterized oxidoreductase Rv1144 => putative oxidoreductase
[10:16:56] Modify product: Uncharacterized protein Rv0647c => putative protein
[10:16:56] Modify product: Putative acetyltransferase SACOL2570 => Putative acetyltransferase
[10:16:56] Modify product: Uncharacterized protein HI_1709 => putative protein
[10:16:56] Modify product: Uncharacterized protein HI_1709 => putative protein
[10:16:56] Modify product: Putative universal stress protein SA1532 => Putative universal stress protein
[10:16:56] Modify product: Probable phosphatase Rv3661 => putative phosphatase
[10:16:56] Modify product: Uncharacterized protein Rv0906 => putative protein
[10:16:56] Modify product: Uncharacterized signaling protein PA1727 => putative signaling protein
[10:16:56] Modify product: Putative multidrug export ATP-binding/permease protein SAV1866 => Putative multidrug export ATP-binding/permease protein
[10:16:56] Modify product: Uncharacterized HTH-type transcriptional regulator Rv1395 => putative HTH-type transcriptional regulator
[10:16:56] Modify product: Bifunctional protein FolD => Bifunctional protein FolD protein
[10:16:56] Modify product: Probable multidrug ABC transporter permease YbhR => putative multidrug ABC transporter permease YbhR
[10:16:56] Modify product: Acetyltransferase PA3944 => Acetyltransferase
[10:16:56] Modify product: Probable quinol monooxygenase YgiN => putative quinol monooxygenase YgiN
[10:16:56] Modify product: Probable quinol monooxygenase YgiN => putative quinol monooxygenase YgiN
[10:16:56] Modify product: Probable fimbrial chaperone YadV => putative fimbrial chaperone YadV
[10:16:56] Modify product: Uncharacterized methyltransferase YcgJ => putative methyltransferase YcgJ
[10:16:56] Modify product: Uncharacterized ABC transporter ATP-binding protein YheS => putative ABC transporter ATP-binding protein YheS
[10:16:56] Modify product: Putative universal stress protein SA1532 => Putative universal stress protein
[10:16:56] Modify product: Probable multidrug ABC transporter permease YbhS => putative multidrug ABC transporter permease YbhS
[10:16:56] Modify product: Probable multidrug ABC transporter ATP-binding protein YbhF => putative multidrug ABC transporter ATP-binding protein YbhF
[10:16:56] Modify product: UPF0194 membrane protein YbhG => hypothetical protein
[10:16:56] Modify product: Probable thiol:disulfide interchange protein DsbC => putative thiol:disulfide interchange protein DsbC
[10:16:56] Modify product: Probable thiol:disulfide interchange protein DsbC => putative thiol:disulfide interchange protein DsbC
[10:16:56] Modify product: Probable TonB-dependent receptor NMB0964 => putative TonB-dependent receptor
[10:16:56] Modify product: Probable transcriptional regulatory protein YebC => putative transcriptional regulatory protein YebC
[10:16:56] Modify product: Uncharacterized sugar transferase EpsL => putative sugar transferase EpsL
[10:16:56] Modify product: Uncharacterized sugar transferase EpsL => putative sugar transferase EpsL
[10:16:56] Modify product: Uncharacterized protein HI_1082 => putative protein
[10:16:56] Modify product: Probable 3-phenylpropionic acid transporter => putative 3-phenylpropionic acid transporter
[10:16:56] Modify product: Probable transcriptional regulatory protein pdtaR => putative transcriptional regulatory protein pdtaR
[10:16:56] Modify product: GTP cyclohydrolase 1 type 2 homolog => GTP cyclohydrolase 1 type 2 
[10:16:56] Modify product: Probable multidrug resistance protein EmrY => putative multidrug resistance protein EmrY
[10:16:56] Modify product: Putative low molecular weight protein-tyrosine-phosphatase slr0328 => Putative low molecular weight protein-tyrosine-phosphatase
[10:16:56] Modify product: Probable acyltransferase YihG => putative acyltransferase YihG
[10:16:56] Modify product: Probable lipoprotein YiaD => putative lipoprotein YiaD
[10:16:56] Modify product: Uncharacterized HTH-type transcriptional regulator Rv1395 => putative HTH-type transcriptional regulator
[10:16:56] Modify product: Co-chaperone protein HscB homolog => Co-chaperone protein HscB 
[10:16:56] Modify product: UPF0394 membrane protein XF_0766 => hypothetical protein
[10:16:56] Modify product: UPF0394 membrane protein XF_0765 => hypothetical protein
[10:16:56] Modify product: Probable metallo-hydrolase BURPS1710b_2304 => putative metallo-hydrolase
[10:16:56] Modify product: Uncharacterized oxidoreductase Rv0945 => putative oxidoreductase
[10:16:56] Modify product: Cytochrome b561 homolog 2 => Cytochrome b561 
[10:16:56] Modify product: Uncharacterized isomerase YddE => putative isomerase YddE
[10:16:56] Modify product: Uncharacterized isomerase YddE => putative isomerase YddE
[10:16:56] Modify product: Probable D-xylose utilization operon transcriptional repressor => putative D-xylose utilization operon transcriptional repressor
[10:16:56] Modify product: Putative hydro-lyase PSPTO_5379 => Putative hydro-lyase
[10:16:56] Modify product: Probable sulfoacetate transporter SauU => putative sulfoacetate transporter SauU
[10:16:56] Modify product: Uncharacterized protein YcjY => putative protein YcjY
[10:16:56] Modify product: Probable fimbrial chaperone YadV => putative fimbrial chaperone YadV
[10:16:56] Modify product: Uncharacterized protein YcgM => putative protein YcgM
[10:16:56] Modify product: Uncharacterized cysteine-rich protein YhjQ => putative cysteine-rich protein YhjQ
[10:16:56] Modify product: Uncharacterized HTH-type transcriptional regulator YahB => putative HTH-type transcriptional regulator YahB
[10:16:56] Modify product: UPF0060 membrane protein YnfA => hypothetical protein
[10:16:56] Modify product: Probable xanthine dehydrogenase subunit D => putative xanthine dehydrogenase subunit D
[10:16:56] Modify product: Uncharacterized ABC transporter ATP-binding protein YheS => putative ABC transporter ATP-binding protein YheS
[10:16:56] Modify product: RNA-binding protein HI_1333 => RNA-binding protein
[10:16:56] Modify product: Probable zinc-binding alcohol dehydrogenase Rv1895 => putative zinc-binding alcohol dehydrogenase
[10:16:56] Modify product: Uncharacterized HTH-type transcriptional regulator YtcD => putative HTH-type transcriptional regulator YtcD
[10:16:56] Modify product: Uncharacterized HTH-type transcriptional regulator Rv1395 => putative HTH-type transcriptional regulator
[10:16:56] Modify product: Probable oxidoreductase EphD => putative oxidoreductase EphD
[10:16:56] Modify product: Phosphate-specific transport system accessory protein PhoU homolog => Phosphate-specific transport system accessory protein PhoU 
[10:16:56] Modify product: Probable Fe(2+)-trafficking protein => putative Fe(2+)-trafficking protein
[10:16:56] Modify product: Probable succinyl-CoA:3-ketoacid coenzyme A transferase subunit A => putative succinyl-CoA:3-ketoacid coenzyme A transferase subunit A
[10:16:56] Modify product: Probable succinyl-CoA:3-ketoacid coenzyme A transferase subunit B => putative succinyl-CoA:3-ketoacid coenzyme A transferase subunit B
[10:16:56] Modify product: Probable succinyl-CoA:3-ketoacid coenzyme A transferase subunit B => putative succinyl-CoA:3-ketoacid coenzyme A transferase subunit B
[10:16:56] Modify product: Probable succinyl-CoA:3-ketoacid coenzyme A transferase subunit A => putative succinyl-CoA:3-ketoacid coenzyme A transferase subunit A
[10:16:56] Modify product: Probable hydrolase YcaC => putative hydrolase YcaC
[10:16:56] Modify product: Probable allantoin permease => putative allantoin permease
[10:16:56] Modify product: Uncharacterized protein YyaP => putative protein YyaP
[10:16:56] Modify product: NADH dehydrogenase-like protein MT1860 => NADH dehydrogenase-like protein
[10:16:56] Modify product: Uncharacterized protein Rv0906 => putative protein
[10:16:56] Modify product: Probable hydrolase YcaC => putative hydrolase YcaC
[10:16:56] Cleaned 176 /product names
[10:16:56] Deleting unwanted file: /mnt/d/1-ABaumannii/æ³¨é‡Šprokka/ERR1417326/ERR1417326.sprot.tmp.278111.faa
[10:16:56] Deleting unwanted file: /mnt/d/1-ABaumannii/æ³¨é‡Šprokka/ERR1417326/ERR1417326.sprot.tmp.278111.blast
[10:16:57] There are still 2148 unannotated CDS left (started with 4292)
[10:16:57] Will use hmmer3 to search against /home/luolintao/miniconda3/envs/pyg/db/hmm/HAMAP.hmm with 4 CPUs
[10:16:57] Running: cat \/mnt\/d\/1\-ABaumannii\/\æ\³\¨\é\‡\Šprokka\/ERR1417326\/ERR1417326\.HAMAP\.hmm\.tmp\.278111\.faa | parallel --gnu --plain -j 4 --block 69490 --recstart '>' --pipe hmmscan --noali --notextw --acc -E 1e-09 --cpu 1 /home/luolintao/miniconda3/envs/pyg/db/hmm/HAMAP.hmm /dev/stdin > \/mnt\/d\/1\-ABaumannii\/\æ\³\¨\é\‡\Šprokka\/ERR1417326\/ERR1417326\.HAMAP\.hmm\.tmp\.278111\.hmmer3 2> /dev/null
[10:17:12] Modify product: Uncharacterized Nudix hydrolase NudL => putative Nudix hydrolase NudL
[10:17:12] Modify product: Uncharacterized Nudix hydrolase NudL => putative Nudix hydrolase NudL
[10:17:12] Cleaned 2 /product names
[10:17:12] Deleting unwanted file: /mnt/d/1-ABaumannii/æ³¨é‡Šprokka/ERR1417326/ERR1417326.HAMAP.hmm.tmp.278111.faa
[10:17:12] Deleting unwanted file: /mnt/d/1-ABaumannii/æ³¨é‡Šprokka/ERR1417326/ERR1417326.HAMAP.hmm.tmp.278111.hmmer3
[10:17:12] Labelling remaining 1904 proteins as 'hypothetical protein'
[10:17:12] Possible /pseudo '3-methylmercaptopropionyl-CoA dehydrogenase' at ERR1417326_2 position 13126
[10:17:12] Possible /pseudo 'D-serine/D-alanine/glycine transporter' at ERR1417326_3 position 25862
[10:17:12] Possible /pseudo 'D-serine/D-alanine/glycine transporter' at ERR1417326_3 position 60642
[10:17:12] Possible /pseudo 'Threonine/homoserine exporter RhtA' at ERR1417326_18 position 42957
[10:17:12] Possible /pseudo 'Malate:quinone oxidoreductase' at ERR1417326_19 position 23026
[10:17:12] Possible /pseudo 'Dibenzothiophene desulfurization enzyme C' at ERR1417326_21 position 33202
[10:17:12] Possible /pseudo 'Sensor histidine kinase RcsC' at ERR1417326_24 position 8296
[10:17:12] Possible /pseudo 'ABC transporter glutamine-binding protein GlnH' at ERR1417326_24 position 12990
[10:17:12] Possible /pseudo 'Major membrane protein I' at ERR1417326_24 position 19426
[10:17:12] Possible /pseudo 'ABC transporter glutamine-binding protein GlnH' at ERR1417326_24 position 25822
[10:17:12] Possible /pseudo 'Sensor histidine kinase RcsC' at ERR1417326_24 position 30430
[10:17:12] Possible /pseudo 'Homoprotocatechuate catabolism bifunctional isomerase/decarboxylase' at ERR1417326_27 position 33802
[10:17:12] Possible /pseudo 'putative FMNH2-dependent monooxygenase SfnC' at ERR1417326_29 position 16519
[10:17:12] Possible /pseudo 'Hca operon transcriptional activator HcaR' at ERR1417326_29 position 33951
[10:17:12] Possible /pseudo 'putative FKBP-type peptidyl-prolyl cis-trans isomerase FkpA' at ERR1417326_33 position 12449
[10:17:12] Possible /pseudo 'Oxygen-dependent choline dehydrogenase' at ERR1417326_37 position 15042
[10:17:12] Possible /pseudo 'Methionine aminopeptidase' at ERR1417326_39 position 14391
[10:17:12] Possible /pseudo 'Twitching mobility protein' at ERR1417326_51 position 20525
[10:17:12] Possible /pseudo 'ATP-dependent RecD-like DNA helicase' at ERR1417326_61 position 11618
[10:17:12] Possible /pseudo 'Branched-chain amino acid transport system 2 carrier protein' at ERR1417326_72 position 10662
[10:17:12] Possible /pseudo 'D-alanine--D-alanyl carrier protein ligase' at ERR1417326_99 position 8284
[10:17:12] Possible /pseudo 'Taurine import ATP-binding protein TauB' at ERR1417326_100 position 13872
[10:17:12] Possible /pseudo 'Beta-hexosaminidase' at ERR1417326_103 position 7576
[10:17:12] Possible /pseudo 'UDP-N-acetylglucosamine--peptide N-acetylglucosaminyltransferase GtfA subunit' at ERR1417326_105 position 7451
[10:17:12] Possible /pseudo 'Formimidoylglutamase' at ERR1417326_111 position 7122
[10:17:12] Possible /pseudo 'Biopolymer transport protein ExbD' at ERR1417326_118 position 7250
[10:17:12] Possible /pseudo 'Putative aliphatic sulfonates-binding protein' at ERR1417326_119 position 1102
[10:17:12] Possible /pseudo 'Membrane protein insertase YidC' at ERR1417326_161 position 4323
[10:17:12] Possible /pseudo 'Tryptophan synthase beta chain' at ERR1417326_168 position 4160
[10:17:12] Possible /pseudo 'Baeyer-Villiger monooxygenase' at ERR1417326_173 position 4173
[10:17:12] Possible /pseudo 'Tn3 family transposase TnXax1' at ERR1417326_181 position 4344
[10:17:12] Possible /pseudo 'Isocitrate dehydrogenase [NADP]' at ERR1417326_199 position 2482
[10:17:12] Possible /pseudo 'Sulfopropanediol 3-dehydrogenase' at ERR1417326_228 position 1728
[10:17:12] Possible /pseudo 'Diacylglycerol kinase' at ERR1417326_250 position 1433
[10:17:12] Possible /pseudo 'putative thiol:disulfide interchange protein DsbC' at ERR1417326_254 position 1221
[10:17:12] Possible /pseudo '2-oxoglutarate dehydrogenase E1 component' at ERR1417326_339 position 202
[10:17:12] Possible /pseudo 'Tryptophan synthase beta chain' at ERR1417326_358 position 310
[10:17:12] Possible /pseudo 'IS30 family transposase ISAba125' at ERR1417326_387 position 235
[10:17:12] Possible /pseudo 'Peptide antibiotic transporter SbmA' at ERR1417326_398 position 275
[10:17:12] Found 1632 unique /gene codes.
[10:17:12] Fixed 2 duplicate /gene - catB_1 catB_2
[10:17:12] Fixed 2 duplicate /gene - rnd_1 rnd_2
[10:17:12] Fixed 2 duplicate /gene - glcC_1 glcC_2
[10:17:12] Fixed 2 duplicate /gene - oprM_1 oprM_2
[10:17:12] Fixed 2 duplicate /gene - mmpI_1 mmpI_2
[10:17:12] Fixed 2 duplicate /gene - gdhB_1 gdhB_2
[10:17:12] Fixed 2 duplicate /gene - bacC_1 bacC_2
[10:17:12] Fixed 2 duplicate /gene - glnM_1 glnM_2
[10:17:12] Fixed 3 duplicate /gene - parA_1 parA_2 parA_3
[10:17:12] Fixed 2 duplicate /gene - dltA_1 dltA_2
[10:17:12] Fixed 2 duplicate /gene - kgtP_1 kgtP_2
[10:17:12] Fixed 4 duplicate /gene - betA_1 betA_2 betA_3 betA_4
[10:17:12] Fixed 2 duplicate /gene - glnP_1 glnP_2
[10:17:12] Fixed 2 duplicate /gene - ais_1 ais_2
[10:17:12] Fixed 3 duplicate /gene - thlA_1 thlA_2 thlA_3
[10:17:12] Fixed 2 duplicate /gene - bauA_1 bauA_2
[10:17:12] Fixed 4 duplicate /gene - pgrR_1 pgrR_2 pgrR_3 pgrR_4
[10:17:12] Fixed 2 duplicate /gene - araC_1 araC_2
[10:17:12] Fixed 2 duplicate /gene - metQ_1 metQ_2
[10:17:12] Fixed 4 duplicate /gene - fadH_1 fadH_2 fadH_3 fadH_4
[10:17:12] Fixed 2 duplicate /gene - nudL_1 nudL_2
[10:17:12] Fixed 2 duplicate /gene - yjdJ_1 yjdJ_2
[10:17:12] Fixed 3 duplicate /gene - recD2_1 recD2_2 recD2_3
[10:17:12] Fixed 2 duplicate /gene - lon_1 lon_2
[10:17:12] Fixed 2 duplicate /gene - gtfA_1 gtfA_2
[10:17:12] Fixed 2 duplicate /gene - fdx_1 fdx_2
[10:17:12] Fixed 2 duplicate /gene - rep_1 rep_2
[10:17:12] Fixed 2 duplicate /gene - qseB_1 qseB_2
[10:17:12] Fixed 2 duplicate /gene - COQ3_1 COQ3_2
[10:17:12] Fixed 3 duplicate /gene - fldP_1 fldP_2 fldP_3
[10:17:12] Fixed 2 duplicate /gene - yqjF_1 yqjF_2
[10:17:12] Fixed 2 duplicate /gene - gabP_1 gabP_2
[10:17:12] Fixed 3 duplicate /gene - ycaC_1 ycaC_2 ycaC_3
[10:17:12] Fixed 2 duplicate /gene - antA_1 antA_2
[10:17:12] Fixed 3 duplicate /gene - dnaB_1 dnaB_2 dnaB_3
[10:17:12] Fixed 2 duplicate /gene - accA_1 accA_2
[10:17:12] Fixed 2 duplicate /gene - ybhR_1 ybhR_2
[10:17:12] Fixed 2 duplicate /gene - rpmG_1 rpmG_2
[10:17:12] Fixed 2 duplicate /gene - dadA1_1 dadA1_2
[10:17:12] Fixed 2 duplicate /gene - fadA_1 fadA_2
[10:17:12] Fixed 3 duplicate /gene - glnQ_1 glnQ_2 glnQ_3
[10:17:12] Fixed 2 duplicate /gene - yaeQ_1 yaeQ_2
[10:17:12] Fixed 2 duplicate /gene - gntT_1 gntT_2
[10:17:12] Fixed 2 duplicate /gene - iutA_1 iutA_2
[10:17:12] Fixed 2 duplicate /gene - topA_1 topA_2
[10:17:12] Fixed 4 duplicate /gene - dmdC_1 dmdC_2 dmdC_3 dmdC_4
[10:17:12] Fixed 2 duplicate /gene - alkJ_1 alkJ_2
[10:17:12] Fixed 3 duplicate /gene - aidA_1 aidA_2 aidA_3
[10:17:12] Fixed 2 duplicate /gene - accA1_1 accA1_2
[10:17:12] Fixed 2 duplicate /gene - rodZ_1 rodZ_2
[10:17:12] Fixed 2 duplicate /gene - iucD_1 iucD_2
[10:17:12] Fixed 2 duplicate /gene - phaC_1 phaC_2
[10:17:12] Fixed 5 duplicate /gene - dapA_1 dapA_2 dapA_3 dapA_4 dapA_5
[10:17:12] Fixed 2 duplicate /gene - tatA_1 tatA_2
[10:17:12] Fixed 4 duplicate /gene - norG_1 norG_2 norG_3 norG_4
[10:17:12] Fixed 2 duplicate /gene - hisS_1 hisS_2
[10:17:12] Fixed 2 duplicate /gene - gdx_1 gdx_2
[10:17:12] Fixed 2 duplicate /gene - dmoA_1 dmoA_2
[10:17:12] Fixed 3 duplicate /gene - benM_1 benM_2 benM_3
[10:17:12] Fixed 4 duplicate /gene - menH_1 menH_2 menH_3 menH_4
[10:17:12] Fixed 2 duplicate /gene - guaD_1 guaD_2
[10:17:12] Fixed 2 duplicate /gene - pilT_1 pilT_2
[10:17:12] Fixed 2 duplicate /gene - brnQ_1 brnQ_2
[10:17:12] Fixed 2 duplicate /gene - dpnM_1 dpnM_2
[10:17:12] Fixed 2 duplicate /gene - add_1 add_2
[10:17:12] Fixed 4 duplicate /gene - fabG_1 fabG_2 fabG_3 fabG_4
[10:17:12] Fixed 2 duplicate /gene - nadX_1 nadX_2
[10:17:12] Fixed 4 duplicate /gene - acsA_1 acsA_2 acsA_3 acsA_4
[10:17:12] Fixed 2 duplicate /gene - ilvH_1 ilvH_2
[10:17:12] Fixed 2 duplicate /gene - rlmN_1 rlmN_2
[10:17:12] Fixed 2 duplicate /gene - cidB_1 cidB_2
[10:17:12] Fixed 2 duplicate /gene - macB_1 macB_2
[10:17:12] Fixed 2 duplicate /gene - acnB_1 acnB_2
[10:17:12] Fixed 2 duplicate /gene - proA_1 proA_2
[10:17:12] Fixed 2 duplicate /gene - ssuA_1 ssuA_2
[10:17:12] Fixed 3 duplicate /gene - yccS_1 yccS_2 yccS_3
[10:17:12] Fixed 2 duplicate /gene - yheS_1 yheS_2
[10:17:12] Fixed 2 duplicate /gene - proY_1 proY_2
[10:17:12] Fixed 2 duplicate /gene - grpE_1 grpE_2
[10:17:12] Fixed 2 duplicate /gene - hutH_1 hutH_2
[10:17:12] Fixed 3 duplicate /gene - dedA_1 dedA_2 dedA_3
[10:17:12] Fixed 2 duplicate /gene - norM_1 norM_2
[10:17:12] Fixed 2 duplicate /gene - gloB_1 gloB_2
[10:17:12] Fixed 2 duplicate /gene - ygiN_1 ygiN_2
[10:17:12] Fixed 2 duplicate /gene - yidC_1 yidC_2
[10:17:12] Fixed 2 duplicate /gene - metN_1 metN_2
[10:17:12] Fixed 5 duplicate /gene - paaF_1 paaF_2 paaF_3 paaF_4 paaF_5
[10:17:12] Fixed 2 duplicate /gene - xecA1_1 xecA1_2
[10:17:12] Fixed 2 duplicate /gene - ompA_1 ompA_2
[10:17:12] Fixed 2 duplicate /gene - mtnN_1 mtnN_2
[10:17:12] Fixed 2 duplicate /gene - eda_1 eda_2
[10:17:12] Fixed 10 duplicate /gene - rcsC_1 rcsC_2 rcsC_3 rcsC_4 rcsC_5 rcsC_6 rcsC_7 rcsC_8 rcsC_9 rcsC_10
[10:17:12] Fixed 2 duplicate /gene - ydcO_1 ydcO_2
[10:17:12] Fixed 2 duplicate /gene - fpr_1 fpr_2
[10:17:12] Fixed 2 duplicate /gene - fabR_1 fabR_2
[10:17:12] Fixed 2 duplicate /gene - edd_1 edd_2
[10:17:12] Fixed 2 duplicate /gene - htpX_1 htpX_2
[10:17:12] Fixed 2 duplicate /gene - ddl_1 ddl_2
[10:17:12] Fixed 2 duplicate /gene - tatB_1 tatB_2
[10:17:12] Fixed 3 duplicate /gene - ubiB_1 ubiB_2 ubiB_3
[10:17:12] Fixed 2 duplicate /gene - ycgL_1 ycgL_2
[10:17:12] Fixed 3 duplicate /gene - sutR_1 sutR_2 sutR_3
[10:17:12] Fixed 3 duplicate /gene - echA8_1 echA8_2 echA8_3
[10:17:12] Fixed 2 duplicate /gene - hutU_1 hutU_2
[10:17:12] Fixed 2 duplicate /gene - mrkD_1 mrkD_2
[10:17:12] Fixed 2 duplicate /gene - norR_1 norR_2
[10:17:12] Fixed 3 duplicate /gene - cynR_1 cynR_2 cynR_3
[10:17:12] Fixed 2 duplicate /gene - atsA_1 atsA_2
[10:17:12] Fixed 2 duplicate /gene - thiG_1 thiG_2
[10:17:12] Fixed 2 duplicate /gene - mdtA_1 mdtA_2
[10:17:12] Fixed 2 duplicate /gene - mqo_1 mqo_2
[10:17:12] Fixed 2 duplicate /gene - leuA_1 leuA_2
[10:17:12] Fixed 2 duplicate /gene - yqjI_1 yqjI_2
[10:17:12] Fixed 3 duplicate /gene - cpdA_1 cpdA_2 cpdA_3
[10:17:12] Fixed 3 duplicate /gene - gcvA_1 gcvA_2 gcvA_3
[10:17:12] Fixed 3 duplicate /gene - calB_1 calB_2 calB_3
[10:17:12] Fixed 2 duplicate /gene - carB_1 carB_2
[10:17:12] Fixed 2 duplicate /gene - holA_1 holA_2
[10:17:12] Fixed 4 duplicate /gene - abaF_1 abaF_2 abaF_3 abaF_4
[10:17:12] Fixed 2 duplicate /gene - pepN_1 pepN_2
[10:17:12] Fixed 2 duplicate /gene - fkpA_1 fkpA_2
[10:17:12] Fixed 3 duplicate /gene - yrdA_1 yrdA_2 yrdA_3
[10:17:12] Fixed 2 duplicate /gene - ppiA_1 ppiA_2
[10:17:12] Fixed 2 duplicate /gene - pgi_1 pgi_2
[10:17:12] Fixed 2 duplicate /gene - hpsN_1 hpsN_2
[10:17:12] Fixed 2 duplicate /gene - ybaL_1 ybaL_2
[10:17:12] Fixed 3 duplicate /gene - actP_1 actP_2 actP_3
[10:17:12] Fixed 2 duplicate /gene - gabD_1 gabD_2
[10:17:12] Fixed 2 duplicate /gene - ftsN_1 ftsN_2
[10:17:12] Fixed 2 duplicate /gene - tktA_1 tktA_2
[10:17:12] Fixed 2 duplicate /gene - dauR_1 dauR_2
[10:17:12] Fixed 3 duplicate /gene - dsbC_1 dsbC_2 dsbC_3
[10:17:12] Fixed 2 duplicate /gene - copA_1 copA_2
[10:17:12] Fixed 5 duplicate /gene - tolQ_1 tolQ_2 tolQ_3 tolQ_4 tolQ_5
[10:17:12] Fixed 4 duplicate /gene - betB_1 betB_2 betB_3 betB_4
[10:17:12] Fixed 3 duplicate /gene - map_1 map_2 map_3
[10:17:12] Fixed 2 duplicate /gene - algC_1 algC_2
[10:17:12] Fixed 2 duplicate /gene - grxD_1 grxD_2
[10:17:12] Fixed 2 duplicate /gene - catA_1 catA_2
[10:17:12] Fixed 3 duplicate /gene - nanT_1 nanT_2 nanT_3
[10:17:12] Fixed 2 duplicate /gene - dnaK_1 dnaK_2
[10:17:12] Fixed 3 duplicate /gene - xerC_1 xerC_2 xerC_3
[10:17:12] Fixed 2 duplicate /gene - gdhA_1 gdhA_2
[10:17:12] Fixed 5 duplicate /gene - pcaK_1 pcaK_2 pcaK_3 pcaK_4 pcaK_5
[10:17:12] Fixed 3 duplicate /gene - rluA_1 rluA_2 rluA_3
[10:17:12] Fixed 2 duplicate /gene - dhfrIII_1 dhfrIII_2
[10:17:12] Fixed 2 duplicate /gene - lipA_1 lipA_2
[10:17:12] Fixed 2 duplicate /gene - rdgB_1 rdgB_2
[10:17:12] Fixed 2 duplicate /gene - tsaQ1_1 tsaQ1_2
[10:17:12] Fixed 3 duplicate /gene - ilvB_1 ilvB_2 ilvB_3
[10:17:12] Fixed 2 duplicate /gene - lacC_1 lacC_2
[10:17:12] Fixed 2 duplicate /gene - soxC_1 soxC_2
[10:17:12] Fixed 3 duplicate /gene - lexA_1 lexA_2 lexA_3
[10:17:12] Fixed 3 duplicate /gene - tauB_1 tauB_2 tauB_3
[10:17:12] Fixed 4 duplicate /gene - dctA_1 dctA_2 dctA_3 dctA_4
[10:17:12] Fixed 2 duplicate /gene - mnmE_1 mnmE_2
[10:17:12] Fixed 2 duplicate /gene - ssuB_1 ssuB_2
[10:17:12] Fixed 3 duplicate /gene - yjhB_1 yjhB_2 yjhB_3
[10:17:12] Fixed 3 duplicate /gene - gabR_1 gabR_2 gabR_3
[10:17:12] Fixed 3 duplicate /gene - glmM_1 glmM_2 glmM_3
[10:17:12] Fixed 2 duplicate /gene - IMPDH_1 IMPDH_2
[10:17:12] Fixed 2 duplicate /gene - desA3_1 desA3_2
[10:17:12] Fixed 2 duplicate /gene - htrE_1 htrE_2
[10:17:12] Fixed 2 duplicate /gene - macA_1 macA_2
[10:17:12] Fixed 2 duplicate /gene - yfcG_1 yfcG_2
[10:17:12] Fixed 2 duplicate /gene - fabI_1 fabI_2
[10:17:12] Fixed 3 duplicate /gene - czcD_1 czcD_2 czcD_3
[10:17:12] Fixed 2 duplicate /gene - rocC_1 rocC_2
[10:17:12] Fixed 2 duplicate /gene - yejK_1 yejK_2
[10:17:12] Fixed 2 duplicate /gene - neo_1 neo_2
[10:17:12] Fixed 2 duplicate /gene - trpD_1 trpD_2
[10:17:12] Fixed 4 duplicate /gene - rhtC_1 rhtC_2 rhtC_3 rhtC_4
[10:17:12] Fixed 3 duplicate /gene - hcaR_1 hcaR_2 hcaR_3
[10:17:12] Fixed 2 duplicate /gene - rcnR_1 rcnR_2
[10:17:12] Fixed 3 duplicate /gene - fbp_1 fbp_2 fbp_3
[10:17:12] Fixed 2 duplicate /gene - fabD_1 fabD_2
[10:17:12] Fixed 3 duplicate /gene - naiP_1 naiP_2 naiP_3
[10:17:12] Fixed 2 duplicate /gene - arpC_1 arpC_2
[10:17:12] Fixed 3 duplicate /gene - sucA_1 sucA_2 sucA_3
[10:17:12] Fixed 2 duplicate /gene - yohK_1 yohK_2
[10:17:12] Fixed 2 duplicate /gene - pal_1 pal_2
[10:17:12] Fixed 2 duplicate /gene - betT2_1 betT2_2
[10:17:12] Fixed 2 duplicate /gene - sufS_1 sufS_2
[10:17:12] Fixed 2 duplicate /gene - epsL_1 epsL_2
[10:17:12] Fixed 2 duplicate /gene - grxC_1 grxC_2
[10:17:12] Fixed 4 duplicate /gene - leuE_1 leuE_2 leuE_3 leuE_4
[10:17:12] Fixed 2 duplicate /gene - bfrD_1 bfrD_2
[10:17:12] Fixed 2 duplicate /gene - uup_1 uup_2
[10:17:12] Fixed 3 duplicate /gene - cmpR_1 cmpR_2 cmpR_3
[10:17:12] Fixed 2 duplicate /gene - rlmB_1 rlmB_2
[10:17:12] Fixed 3 duplicate /gene - pcaF_1 pcaF_2 pcaF_3
[10:17:12] Fixed 2 duplicate /gene - prlC_1 prlC_2
[10:17:12] Fixed 2 duplicate /gene - oprB_1 oprB_2
[10:17:12] Fixed 2 duplicate /gene - rpmB_1 rpmB_2
[10:17:12] Fixed 2 duplicate /gene - blh_1 blh_2
[10:17:12] Fixed 3 duplicate /gene - folP_1 folP_2 folP_3
[10:17:12] Fixed 3 duplicate /gene - gltR_1 gltR_2 gltR_3
[10:17:12] Fixed 2 duplicate /gene - aroF_1 aroF_2
[10:17:12] Fixed 2 duplicate /gene - catM_1 catM_2
[10:17:12] Fixed 2 duplicate /gene - sotB_1 sotB_2
[10:17:12] Fixed 2 duplicate /gene - clcD_1 clcD_2
[10:17:12] Fixed 3 duplicate /gene - hmrR_1 hmrR_2 hmrR_3
[10:17:12] Fixed 5 duplicate /gene - cycA_1 cycA_2 cycA_3 cycA_4 cycA_5
[10:17:12] Fixed 2 duplicate /gene - exoX_1 exoX_2
[10:17:12] Fixed 2 duplicate /gene - yibN_1 yibN_2
[10:17:12] Fixed 3 duplicate /gene - cydB_1 cydB_2 cydB_3
[10:17:12] Fixed 3 duplicate /gene - galE_1 galE_2 galE_3
[10:17:12] Fixed 2 duplicate /gene - proC_1 proC_2
[10:17:12] Fixed 2 duplicate /gene - ssuC_1 ssuC_2
[10:17:12] Fixed 2 duplicate /gene - lamB_1 lamB_2
[10:17:12] Fixed 2 duplicate /gene - glxR_1 glxR_2
[10:17:12] Fixed 3 duplicate /gene - hcaB_1 hcaB_2 hcaB_3
[10:17:12] Fixed 17 duplicate /gene - dmlR_1 dmlR_2 dmlR_3 dmlR_4 dmlR_5 dmlR_6 dmlR_7 dmlR_8 dmlR_9 dmlR_10 dmlR_11 dmlR_12 dmlR_13 dmlR_14 dmlR_15 dmlR_16 dmlR_17
[10:17:12] Fixed 4 duplicate /gene - btuB_1 btuB_2 btuB_3 btuB_4
[10:17:12] Fixed 2 duplicate /gene - ogt_1 ogt_2
[10:17:12] Fixed 7 duplicate /gene - rhtB_1 rhtB_2 rhtB_3 rhtB_4 rhtB_5 rhtB_6 rhtB_7
[10:17:12] Fixed 2 duplicate /gene - dadX_1 dadX_2
[10:17:12] Fixed 2 duplicate /gene - tufB_1 tufB_2
[10:17:12] Fixed 2 duplicate /gene - slyX_1 slyX_2
[10:17:12] Fixed 2 duplicate /gene - clsC_1 clsC_2
[10:17:12] Fixed 2 duplicate /gene - argD_1 argD_2
[10:17:12] Fixed 2 duplicate /gene - rsgA_1 rsgA_2
[10:17:12] Fixed 2 duplicate /gene - yceJ_1 yceJ_2
[10:17:12] Fixed 2 duplicate /gene - purU_1 purU_2
[10:17:12] Fixed 2 duplicate /gene - sbmA_1 sbmA_2
[10:17:12] Fixed 4 duplicate /gene - betI_1 betI_2 betI_3 betI_4
[10:17:12] Fixed 2 duplicate /gene - fhuE_1 fhuE_2
[10:17:12] Fixed 2 duplicate /gene - lgt_1 lgt_2
[10:17:12] Fixed 3 duplicate /gene - aroP_1 aroP_2 aroP_3
[10:17:12] Fixed 2 duplicate /gene - prc_1 prc_2
[10:17:12] Fixed 2 duplicate /gene - surE_1 surE_2
[10:17:12] Fixed 2 duplicate /gene - bfr_1 bfr_2
[10:17:12] Fixed 3 duplicate /gene - gltC_1 gltC_2 gltC_3
[10:17:12] Fixed 2 duplicate /gene - mexB_1 mexB_2
[10:17:12] Fixed 2 duplicate /gene - gltS_1 gltS_2
[10:17:12] Fixed 3 duplicate /gene - pcpR_1 pcpR_2 pcpR_3
[10:17:12] Fixed 3 duplicate /gene - C1-hpah_1 C1-hpah_2 C1-hpah_3
[10:17:12] Fixed 2 duplicate /gene - atoE_1 atoE_2
[10:17:12] Fixed 2 duplicate /gene - ydgI_1 ydgI_2
[10:17:12] Fixed 2 duplicate /gene - ipsA_1 ipsA_2
[10:17:12] Fixed 2 duplicate /gene - thyA_1 thyA_2
[10:17:12] Fixed 2 duplicate /gene - mmsB_1 mmsB_2
[10:17:12] Fixed 2 duplicate /gene - bolA_1 bolA_2
[10:17:12] Fixed 2 duplicate /gene - ftsA_1 ftsA_2
[10:17:12] Fixed 2 duplicate /gene - gstB_1 gstB_2
[10:17:12] Fixed 3 duplicate /gene - nlhH_1 nlhH_2 nlhH_3
[10:17:12] Fixed 3 duplicate /gene - emrA_1 emrA_2 emrA_3
[10:17:12] Fixed 2 duplicate /gene - pigA_1 pigA_2
[10:17:12] Fixed 2 duplicate /gene - ftsY_1 ftsY_2
[10:17:12] Fixed 2 duplicate /gene - rutF_1 rutF_2
[10:17:12] Fixed 3 duplicate /gene - tyrS_1 tyrS_2 tyrS_3
[10:17:12] Fixed 2 duplicate /gene - tatC_1 tatC_2
[10:17:12] Fixed 3 duplicate /gene - ybjJ_1 ybjJ_2 ybjJ_3
[10:17:12] Fixed 2 duplicate /gene - lptE_1 lptE_2
[10:17:12] Fixed 2 duplicate /gene - pitA_1 pitA_2
[10:17:12] Fixed 2 duplicate /gene - nadA_1 nadA_2
[10:17:12] Fixed 2 duplicate /gene - mmuM_1 mmuM_2
[10:17:12] Fixed 2 duplicate /gene - carC_1 carC_2
[10:17:12] Fixed 2 duplicate /gene - budC_1 budC_2
[10:17:12] Fixed 2 duplicate /gene - ilvI_1 ilvI_2
[10:17:12] Fixed 2 duplicate /gene - yejF_1 yejF_2
[10:17:12] Fixed 2 duplicate /gene - metXS_1 metXS_2
[10:17:12] Fixed 2 duplicate /gene - hpcE_1 hpcE_2
[10:17:12] Fixed 2 duplicate /gene - msrA_1 msrA_2
[10:17:12] Fixed 2 duplicate /gene - def_1 def_2
[10:17:12] Fixed 5 duplicate /gene - bcr_1 bcr_2 bcr_3 bcr_4 bcr_5
[10:17:12] Fixed 2 duplicate /gene - mdaB_1 mdaB_2
[10:17:12] Fixed 2 duplicate /gene - hupB_1 hupB_2
[10:17:12] Fixed 2 duplicate /gene - sasA_1 sasA_2
[10:17:12] Fixed 4 duplicate /gene - nimR_1 nimR_2 nimR_3 nimR_4
[10:17:12] Fixed 2 duplicate /gene - ttuB_1 ttuB_2
[10:17:12] Fixed 2 duplicate /gene - sbp_1 sbp_2
[10:17:12] Fixed 2 duplicate /gene - bauC_1 bauC_2
[10:17:12] Fixed 2 duplicate /gene - thiE_1 thiE_2
[10:17:12] Fixed 3 duplicate /gene - rfbD_1 rfbD_2 rfbD_3
[10:17:12] Fixed 2 duplicate /gene - yjcH_1 yjcH_2
[10:17:12] Fixed 2 duplicate /gene - scoB_1 scoB_2
[10:17:12] Fixed 2 duplicate /gene - bamA_1 bamA_2
[10:17:12] Fixed 2 duplicate /gene - hutI_1 hutI_2
[10:17:12] Fixed 2 duplicate /gene - cysA_1 cysA_2
[10:17:12] Fixed 5 duplicate /gene - trpB_1 trpB_2 trpB_3 trpB_4 trpB_5
[10:17:12] Fixed 2 duplicate /gene - cytR_1 cytR_2
[10:17:12] Fixed 2 duplicate /gene - argS_1 argS_2
[10:17:12] Fixed 2 duplicate /gene - mshB_1 mshB_2
[10:17:12] Fixed 2 duplicate /gene - ndk_1 ndk_2
[10:17:12] Fixed 2 duplicate /gene - guaA_1 guaA_2
[10:17:12] Fixed 2 duplicate /gene - kefF_1 kefF_2
[10:17:12] Fixed 2 duplicate /gene - pcrA_1 pcrA_2
[10:17:12] Fixed 3 duplicate /gene - pcaJ_1 pcaJ_2 pcaJ_3
[10:17:12] Fixed 2 duplicate /gene - sadH_1 sadH_2
[10:17:12] Fixed 2 duplicate /gene - gntK_1 gntK_2
[10:17:12] Fixed 4 duplicate /gene - nicP_1 nicP_2 nicP_3 nicP_4
[10:17:12] Fixed 2 duplicate /gene - esiB_1 esiB_2
[10:17:12] Fixed 2 duplicate /gene - argG_1 argG_2
[10:17:12] Fixed 2 duplicate /gene - betT1_1 betT1_2
[10:17:12] Fixed 3 duplicate /gene - catD_1 catD_2 catD_3
[10:17:12] Fixed 2 duplicate /gene - metXA_1 metXA_2
[10:17:12] Fixed 3 duplicate /gene - uctC_1 uctC_2 uctC_3
[10:17:12] Fixed 2 duplicate /gene - yjiE_1 yjiE_2
[10:17:12] Fixed 2 duplicate /gene - lipR_1 lipR_2
[10:17:12] Fixed 2 duplicate /gene - dagK_1 dagK_2
[10:17:12] Fixed 2 duplicate /gene - der_1 der_2
[10:17:12] Fixed 2 duplicate /gene - rnt_1 rnt_2
[10:17:12] Fixed 3 duplicate /gene - tdh_1 tdh_2 tdh_3
[10:17:12] Fixed 2 duplicate /gene - wbbD_1 wbbD_2
[10:17:12] Fixed 3 duplicate /gene - ant1_1 ant1_2 ant1_3
[10:17:12] Fixed 3 duplicate /gene - lpxL_1 lpxL_2 lpxL_3
[10:17:12] Fixed 4 duplicate /gene - puuB_1 puuB_2 puuB_3 puuB_4
[10:17:12] Fixed 2 duplicate /gene - tdeA_1 tdeA_2
[10:17:12] Fixed 2 duplicate /gene - fruA_1 fruA_2
[10:17:12] Fixed 2 duplicate /gene - ybiV_1 ybiV_2
[10:17:12] Fixed 9 duplicate /gene - lrp_1 lrp_2 lrp_3 lrp_4 lrp_5 lrp_6 lrp_7 lrp_8 lrp_9
[10:17:12] Fixed 2 duplicate /gene - kefC_1 kefC_2
[10:17:12] Fixed 3 duplicate /gene - rhtA_1 rhtA_2 rhtA_3
[10:17:12] Fixed 2 duplicate /gene - gapN_1 gapN_2
[10:17:12] Fixed 3 duplicate /gene - aes_1 aes_2 aes_3
[10:17:12] Fixed 3 duplicate /gene - nagR_1 nagR_2 nagR_3
[10:17:12] Fixed 2 duplicate /gene - bepA_1 bepA_2
[10:17:12] Fixed 2 duplicate /gene - decR_1 decR_2
[10:17:12] Fixed 4 duplicate /gene - glnH_1 glnH_2 glnH_3 glnH_4
[10:17:12] Fixed 9 duplicate /gene - rhaS_1 rhaS_2 rhaS_3 rhaS_4 rhaS_5 rhaS_6 rhaS_7 rhaS_8 rhaS_9
[10:17:12] Fixed 2 duplicate /gene - prtR_1 prtR_2
[10:17:12] Fixed 2 duplicate /gene - ydiK_1 ydiK_2
[10:17:12] Fixed 2 duplicate /gene - yfeX_1 yfeX_2
[10:17:12] Fixed 2 duplicate /gene - lapB_1 lapB_2
[10:17:12] Fixed 3 duplicate /gene - COQ5_1 COQ5_2 COQ5_3
[10:17:12] Fixed 2 duplicate /gene - rutC_1 rutC_2
[10:17:12] Fixed 7 duplicate /gene - cntO_1 cntO_2 cntO_3 cntO_4 cntO_5 cntO_6 cntO_7
[10:17:12] Fixed 2 duplicate /gene - cydA_1 cydA_2
[10:17:12] Fixed 2 duplicate /gene - yadV_1 yadV_2
[10:17:12] Fixed 2 duplicate /gene - thadh_1 thadh_2
[10:17:12] Fixed 4 duplicate /gene - pcaI_1 pcaI_2 pcaI_3 pcaI_4
[10:17:12] Fixed 2 duplicate /gene - metK_1 metK_2
[10:17:12] Fixed 2 duplicate /gene - amtB_1 amtB_2
[10:17:12] Fixed 2 duplicate /gene - craA_1 craA_2
[10:17:12] Fixed 3 duplicate /gene - ydhP_1 ydhP_2 ydhP_3
[10:17:12] Fixed 2 duplicate /gene - fatA_1 fatA_2
[10:17:12] Fixed 2 duplicate /gene - iscR_1 iscR_2
[10:17:12] Fixed 2 duplicate /gene - galU_1 galU_2
[10:17:12] Fixed 2 duplicate /gene - sfnC_1 sfnC_2
[10:17:12] Fixed 2 duplicate /gene - miaB_1 miaB_2
[10:17:12] Fixed 2 duplicate /gene - pgaC_1 pgaC_2
[10:17:12] Fixed 2 duplicate /gene - paaH_1 paaH_2
[10:17:12] Fixed 2 duplicate /gene - epsF_1 epsF_2
[10:17:12] Fixed 2 duplicate /gene - nudC_1 nudC_2
[10:17:12] Fixed 4 duplicate /gene - nagZ_1 nagZ_2 nagZ_3 nagZ_4
[10:17:12] Fixed 2 duplicate /gene - ispG_1 ispG_2
[10:17:12] Fixed 12 duplicate /gene - mmgC_1 mmgC_2 mmgC_3 mmgC_4 mmgC_5 mmgC_6 mmgC_7 mmgC_8 mmgC_9 mmgC_10 mmgC_11 mmgC_12
[10:17:12] Fixed 2 duplicate /gene - yeiR_1 yeiR_2
[10:17:12] Fixed 2 duplicate /gene - catC_1 catC_2
[10:17:12] Fixed 2 duplicate /gene - umuC_1 umuC_2
[10:17:12] Fixed 2 duplicate /gene - scoA_1 scoA_2
[10:17:12] Fixed 2 duplicate /gene - icd_1 icd_2
[10:17:12] Fixed 5 duplicate /gene - exbD_1 exbD_2 exbD_3 exbD_4 exbD_5
[10:17:12] Fixed 2 duplicate /gene - ppk_1 ppk_2
[10:17:12] Fixed 2 duplicate /gene - bamB_1 bamB_2
[10:17:12] Fixed 2 duplicate /gene - hutG_1 hutG_2
[10:17:12] Fixed 2 duplicate /gene - trmB_1 trmB_2
[10:17:12] Fixed 4 duplicate /gene - proP_1 proP_2 proP_3 proP_4
[10:17:12] Fixed 2 duplicate /gene - czcA_1 czcA_2
[10:17:12] Fixed 4 duplicate /gene - mshA_1 mshA_2 mshA_3 mshA_4
[10:17:12] Fixed 3 duplicate /gene - fadJ_1 fadJ_2 fadJ_3
[10:17:12] Fixed 3 duplicate /gene - recF_1 recF_2 recF_3
[10:17:12] Fixed 3 duplicate /gene - yhhW_1 yhhW_2 yhhW_3
[10:17:12] Fixed 2 duplicate /gene - gatA_1 gatA_2
[10:17:12] Fixed 2 duplicate /gene - ybaN_1 ybaN_2
[10:17:12] Fixed 2 duplicate /gene - azoR1_1 azoR1_2
[10:17:12] Fixed 8 duplicate /gene - hdfR_1 hdfR_2 hdfR_3 hdfR_4 hdfR_5 hdfR_6 hdfR_7 hdfR_8
[10:17:12] Fixed 2 duplicate /gene - leuS_1 leuS_2
[10:17:12] Fixed 2 duplicate /gene - mltF_1 mltF_2
[10:17:12] Fixed 2 duplicate /gene - fecI_1 fecI_2
[10:17:12] Fixed 2 duplicate /gene - pyrC_1 pyrC_2
[10:17:12] Fixed 2 duplicate /gene - secB_1 secB_2
[10:17:12] Fixed 2 duplicate /gene - plcN_1 plcN_2
[10:17:12] Fixed 2 duplicate /gene - dhaT_1 dhaT_2
[10:17:12] Fixed 2 duplicate /gene - qseC_1 qseC_2
[10:17:12] Fixed 2 duplicate /gene - xseA_1 xseA_2
[10:17:12] Fixed 4 duplicate /gene - gltP_1 gltP_2 gltP_3 gltP_4
[10:17:12] Fixed 2 duplicate /gene - iscX_1 iscX_2
[10:17:12] Fixed 2 duplicate /gene - ifcA_1 ifcA_2
[10:17:12] Fixed 4 duplicate /gene - yddE_1 yddE_2 yddE_3 yddE_4
[10:17:12] Fixed 2 duplicate /gene - argJ_1 argJ_2
[10:17:12] Fixed 4 duplicate /gene - namA_1 namA_2 namA_3 namA_4
[10:17:12] Fixed 2 duplicate /gene - orn_1 orn_2
[10:17:12] Fixed 3 duplicate /gene - zitB_1 zitB_2 zitB_3
[10:17:12] Fixed 2 duplicate /gene - mmsA_1 mmsA_2
[10:17:12] Fixed 2 duplicate /gene - emrB_1 emrB_2
[10:17:12] Fixed 3 duplicate /gene - ohrR_1 ohrR_2 ohrR_3
[10:17:12] Fixed 388 colliding /gene names.
[10:17:12] Adding /locus_tag identifiers
[10:17:12] Assigned 4387 locus_tags to CDS and RNA features.
[10:17:12] Writing outputs to /mnt/d/1-ABaumannii/æ³¨é‡Šprokka/ERR1417326/
[10:17:16] Generating annotation statistics file
[10:17:16] Generating Genbank and Sequin files
[10:17:16] Running: tbl2asn -V b -a r10k -l paired-ends -M n -N 1 -y 'Annotated using prokka 1.14.6 from https://github.com/tseemann/prokka' -Z \/mnt\/d\/1\-ABaumannii\/\æ\³\¨\é\‡\Šprokka\/ERR1417326\/ERR1417326\.err -i \/mnt\/d\/1\-ABaumannii\/\æ\³\¨\é\‡\Šprokka\/ERR1417326\/ERR1417326\.fsa 2> /dev/null
[10:17:26] Deleting unwanted file: /mnt/d/1-ABaumannii/æ³¨é‡Šprokka/ERR1417326/errorsummary.val
[10:17:26] Deleting unwanted file: /mnt/d/1-ABaumannii/æ³¨é‡Šprokka/ERR1417326/ERR1417326.dr
[10:17:26] Deleting unwanted file: /mnt/d/1-ABaumannii/æ³¨é‡Šprokka/ERR1417326/ERR1417326.fixedproducts
[10:17:26] Deleting unwanted file: /mnt/d/1-ABaumannii/æ³¨é‡Šprokka/ERR1417326/ERR1417326.ecn
[10:17:26] Deleting unwanted file: /mnt/d/1-ABaumannii/æ³¨é‡Šprokka/ERR1417326/ERR1417326.val
[10:17:26] Repairing broken .GBK output that tbl2asn produces...
[10:17:26] Running: sed 's/COORDINATES: profile/COORDINATES:profile/' < \/mnt\/d\/1\-ABaumannii\/\æ\³\¨\é\‡\Šprokka\/ERR1417326\/ERR1417326\.gbf > \/mnt\/d\/1\-ABaumannii\/\æ\³\¨\é\‡\Šprokka\/ERR1417326\/ERR1417326\.gbk
[10:17:26] Deleting unwanted file: /mnt/d/1-ABaumannii/æ³¨é‡Šprokka/ERR1417326/ERR1417326.gbf
[10:17:26] Output files:
[10:17:26] /mnt/d/1-ABaumannii/æ³¨é‡Šprokka/ERR1417326/ERR1417326.err
[10:17:26] /mnt/d/1-ABaumannii/æ³¨é‡Šprokka/ERR1417326/ERR1417326.faa
[10:17:26] /mnt/d/1-ABaumannii/æ³¨é‡Šprokka/ERR1417326/ERR1417326.ffn
[10:17:26] /mnt/d/1-ABaumannii/æ³¨é‡Šprokka/ERR1417326/ERR1417326.fna
[10:17:26] /mnt/d/1-ABaumannii/æ³¨é‡Šprokka/ERR1417326/ERR1417326.fsa
[10:17:26] /mnt/d/1-ABaumannii/æ³¨é‡Šprokka/ERR1417326/ERR1417326.gbk
[10:17:26] /mnt/d/1-ABaumannii/æ³¨é‡Šprokka/ERR1417326/ERR1417326.gff
[10:17:26] /mnt/d/1-ABaumannii/æ³¨é‡Šprokka/ERR1417326/ERR1417326.log
[10:17:26] /mnt/d/1-ABaumannii/æ³¨é‡Šprokka/ERR1417326/ERR1417326.sqn
[10:17:26] /mnt/d/1-ABaumannii/æ³¨é‡Šprokka/ERR1417326/ERR1417326.tbl
[10:17:26] /mnt/d/1-ABaumannii/æ³¨é‡Šprokka/ERR1417326/ERR1417326.tsv
[10:17:26] /mnt/d/1-ABaumannii/æ³¨é‡Šprokka/ERR1417326/ERR1417326.txt
[10:17:26] Annotation finished successfully.
[10:17:26] Walltime used: 2.00 minutes
[10:17:26] If you use this result please cite the Prokka paper:
[10:17:26] Seemann T (2014) Prokka: rapid prokaryotic genome annotation. Bioinformatics. 30(14):2068-9.
[10:17:26] Type 'prokka --citation' for more details.
[10:17:26] Thank you, come again.
