[10:13:32] This is prokka 1.14.6
[10:13:32] Written by Torsten Seemann <torsten.seemann@gmail.com>
[10:13:32] Homepage is https://github.com/tseemann/prokka
[10:13:32] Local time is Thu Aug 28 10:13:32 2025
[10:13:32] You are luolintao
[10:13:32] Operating system is linux
[10:13:32] You have BioPerl 1.7.8
[10:13:32] System has 24 cores.
[10:13:32] Will use maximum of 4 cores.
[10:13:32] Annotating as >>> Bacteria <<<
[10:13:32] Generating locus_tag from '/mnt/d/1-ABaumannii/Assemble_rename/ERR1417325.fasta' contents.
[10:13:32] Setting --locustag JDNKGJJD from MD5 3d74033d6d556eb7886314df0a643f67
[10:13:32] Creating new output folder: /mnt/d/1-ABaumannii/æ³¨é‡Šprokka/ERR1417325
[10:13:32] Running: mkdir -p \/mnt\/d\/1\-ABaumannii\/\æ\³\¨\é\‡\Šprokka\/ERR1417325
[10:13:32] Using filename prefix: ERR1417325.XXX
[10:13:32] Setting HMMER_NCPU=1
[10:13:32] Writing log to: /mnt/d/1-ABaumannii/æ³¨é‡Šprokka/ERR1417325/ERR1417325.log
[10:13:32] Command: /home/luolintao/miniconda3/envs/pyg/bin/prokka --outdir /mnt/d/1-ABaumannii/æ³¨é‡Šprokka/ERR1417325 --prefix ERR1417325 --force --kingdom Bacteria --genus Acinetobacter --species baumannii --strain ERR1417325 --cpus 4 /mnt/d/1-ABaumannii/Assemble_rename/ERR1417325.fasta
[10:13:32] Appending to PATH: /home/luolintao/miniconda3/envs/pyg/bin
[10:13:32] Looking for 'aragorn' - found /home/luolintao/miniconda3/envs/pyg/bin/aragorn
[10:13:32] Determined aragorn version is 001002 from 'ARAGORN v1.2.41 Dean Laslett'
[10:13:32] Looking for 'barrnap' - found /home/luolintao/miniconda3/envs/pyg/bin/barrnap
[10:13:32] Determined barrnap version is 000009 from 'barrnap 0.9'
[10:13:32] Looking for 'blastp' - found /home/luolintao/miniconda3/envs/pyg/bin/blastp
[10:13:32] Determined blastp version is 002016 from 'blastp: 2.16.0+'
[10:13:32] Looking for 'cmpress' - found /home/luolintao/miniconda3/envs/pyg/bin/cmpress
[10:13:32] Determined cmpress version is 001001 from '# INFERNAL 1.1.5 (Sep 2023)'
[10:13:32] Looking for 'cmscan' - found /home/luolintao/miniconda3/envs/pyg/bin/cmscan
[10:13:32] Determined cmscan version is 001001 from '# INFERNAL 1.1.5 (Sep 2023)'
[10:13:32] Looking for 'egrep' - found /usr/bin/egrep
[10:13:33] Looking for 'find' - found /usr/bin/find
[10:13:33] Looking for 'grep' - found /usr/bin/grep
[10:13:33] Looking for 'hmmpress' - found /home/luolintao/miniconda3/envs/pyg/bin/hmmpress
[10:13:33] Determined hmmpress version is 003004 from '# HMMER 3.4 (Aug 2023); http://hmmer.org/'
[10:13:33] Looking for 'hmmscan' - found /home/luolintao/miniconda3/envs/pyg/bin/hmmscan
[10:13:33] Determined hmmscan version is 003004 from '# HMMER 3.4 (Aug 2023); http://hmmer.org/'
[10:13:33] Looking for 'java' - found /usr/bin/java
[10:13:33] Looking for 'makeblastdb' - found /home/luolintao/miniconda3/envs/pyg/bin/makeblastdb
[10:13:33] Determined makeblastdb version is 002016 from 'makeblastdb: 2.16.0+'
[10:13:33] Looking for 'minced' - found /home/luolintao/miniconda3/envs/pyg/bin/minced
[10:13:33] Determined minced version is 004002 from 'minced 0.4.2'
[10:13:33] Looking for 'parallel' - found /home/luolintao/miniconda3/envs/pyg/bin/parallel
[10:13:33] Determined parallel version is 20250422 from 'GNU parallel 20250422'
[10:13:33] Looking for 'prodigal' - found /home/luolintao/miniconda3/envs/pyg/bin/prodigal
[10:13:33] Determined prodigal version is 002006 from 'Prodigal V2.6.3: February, 2016'
[10:13:33] Looking for 'prokka-genbank_to_fasta_db' - found /home/luolintao/miniconda3/envs/pyg/bin/prokka-genbank_to_fasta_db
[10:13:33] Looking for 'sed' - found /usr/bin/sed
[10:13:33] Looking for 'tbl2asn' - found /home/luolintao/miniconda3/envs/pyg/bin/tbl2asn
[10:13:33] Determined tbl2asn version is 025007 from 'tbl2asn 25.7   arguments:'
[10:13:33] Using genetic code table 11.
[10:13:33] Loading and checking input file: /mnt/d/1-ABaumannii/Assemble_rename/ERR1417325.fasta
[10:13:33] Wrote 454 contigs totalling 4366594 bp.
[10:13:33] Predicting tRNAs and tmRNAs
[10:13:33] Running: aragorn -l -gc11  -w \/mnt\/d\/1\-ABaumannii\/\æ\³\¨\é\‡\Šprokka\/ERR1417325\/ERR1417325\.fna
[10:13:34] 1 tRNA-Leu [39269,39353] 35 (gag)
[10:13:34] 2 tRNA-Met [39396,39472] 35 (cat)
[10:13:34] 3 tRNA-Met [39562,39638] 35 (cat)
[10:13:34] 1 tRNA-Arg c[9447,9520] 35 (cct)
[10:13:34] 1 tRNA-Val [29308,29383] 34 (tac)
[10:13:34] 2 tRNA-Asp [29408,29484] 35 (gtc)
[10:13:34] 3 tRNA-Asp [29532,29608] 35 (gtc)
[10:13:34] 4 tRNA-Val [29630,29705] 34 (tac)
[10:13:34] 5 tRNA-Asp [29745,29821] 35 (gtc)
[10:13:34] 6 tRNA-Val [29888,29963] 34 (tac)
[10:13:34] 1 tRNA-Thr [61584,61659] 34 (tgt)
[10:13:34] 2 tRNA-Tyr [61716,61799] 35 (gta)
[10:13:34] 3 tRNA-Gly [61837,61912] 34 (tcc)
[10:13:34] 4 tRNA-Thr [61926,62000] 33 (ggt)
[10:13:34] 1 tRNA-Ser c[19537,19626] 35 (tga)
[10:13:34] 2 tRNA-Glu [27040,27115] 35 (ttc)
[10:13:34] 1 tRNA-Gln c[20518,20592] 33 (ttg)
[10:13:34] 2 tRNA-Gln c[20684,20758] 33 (ttg)
[10:13:34] 3 tRNA-Gln c[20780,20854] 33 (ttg)
[10:13:34] 4 tRNA-Gln c[20882,20956] 33 (ttg)
[10:13:34] 5 tRNA-Met [33150,33226] 35 (cat)
[10:13:34] 6 tRNA-Met [43304,43380] 35 (cat)
[10:13:34] 1 tRNA-Arg c[49911,49987] 35 (ccg)
[10:13:34] 1 tRNA-Ser [51532,51622] 35 (gct)
[10:13:34] 2 tRNA-Arg [51633,51709] 35 (acg)
[10:13:34] 3 tRNA-Arg [51749,51825] 35 (acg)
[10:13:34] 1 tRNA-Ser c[5026,5115] 35 (gga)
[10:13:34] 2 tRNA-Phe [21636,21711] 34 (gaa)
[10:13:34] 3 tRNA-Phe [21838,21913] 34 (gaa)
[10:13:34] 4 tRNA-Glu c[47160,47235] 35 (ttc)
[10:13:34] 5 tRNA-Glu c[47264,47339] 35 (ttc)
[10:13:34] 6 tRNA-Glu c[50027,50102] 35 (ttc)
[10:13:34] 7 tRNA-Ala c[50128,50203] 34 (ggc)
[10:13:34] 1 tRNA-Asn [24625,24700] 34 (gtt)
[10:13:34] 2 tRNA-Asn [24709,24784] 34 (gtt)
[10:13:34] 3 tRNA-Asn [24966,25041] 34 (gtt)
[10:13:34] 1 tRNA-Trp c[11042,11115] 33 (cca)
[10:13:34] 2 tRNA-Leu c[11181,11265] 35 (tag)
[10:13:34] 3 tRNA-Trp c[11293,11366] 33 (cca)
[10:13:34] 4 tRNA-Leu c[11421,11505] 35 (tag)
[10:13:34] 1 tRNA-Val c[27429,27505] 35 (gac)
[10:13:34] 1 tRNA-Leu [22480,22566] 35 (caa)
[10:13:34] 1 tRNA-Thr [8493,8568] 34 (tgt)
[10:13:34] 1 tRNA-Leu c[21804,21889] 35 (taa)
[10:13:34] 2 tRNA-Leu c[23952,24037] 35 (taa)
[10:13:34] 3 tRNA-Cys c[24049,24122] 33 (gca)
[10:13:34] 1 tRNA-Met c[3167,3243] 35 (cat)
[10:13:34] 1 tRNA-Arg c[21753,21829] 35 (acg)
[10:13:34] 1 tRNA-Pro [21266,21342] 35 (tgg)
[10:13:34] 1 tRNA-Gly [20102,20177] 34 (gcc)
[10:13:34] 1 tRNA-Lys c[9338,9413] 34 (ttt)
[10:13:34] 2 tRNA-Lys c[9436,9511] 34 (ttt)
[10:13:34] 1 tRNA-Gly c[16205,16280] 34 (gcc)
[10:13:34] 2 tRNA-Gly c[16326,16401] 34 (gcc)
[10:13:34] 1 tRNA-Trp [188,263] 34 (cca)
[10:13:34] 1 tRNA-Pro [12543,12619] 35 (tgg)
[10:13:34] 2 tRNA-Arg [12676,12752] 35 (tct)
[10:13:34] 3 tRNA-His [12786,12861] 34 (gtg)
[10:13:34] 4 tRNA-Pro [12866,12942] 35 (tgg)
[10:13:34] 1 tRNA-Ser c[1348,1437] 35 (tga)
[10:13:34] 2 tRNA-Ser [9944,10033] 35 (tga)
[10:13:34] 1 tRNA-Met [7897,7973] 35 (cat)
[10:13:34] 1 tRNA-Asn c[1113,1188] 34 (gtt)
[10:13:34] 1 tRNA-Ala c[-4,69] 34 (tgc)
[10:13:34] 2 tRNA-Ile c[125,201] 35 (gat)
[10:13:34] 1 tRNA-Ala [59,134] 34 (tgc)
[10:13:34] 2 tRNA-Ala c[675,750] 34 (tgc)
[10:13:34] 1 tRNA-Ile [25,101] 35 (gat)
[10:13:34] 2 tRNA-Ala [157,232] 34 (tgc)
[10:13:34] 1 tRNA-Pro [21,97] 35 (tgg)
[10:13:34] 1 tRNA-Ala [59,131] 34 (tgc)
[10:13:34] 2 tRNA-Ala c[124,196] 34 (tgc)
[10:13:34] Found 72 tRNAs
[10:13:34] Predicting Ribosomal RNAs
[10:13:34] Running Barrnap with 4 threads
[10:13:35] 1 ERR1417325_219 262 16S ribosomal RNA
[10:13:35] 2 ERR1417325_239 1 23S ribosomal RNA (partial)
[10:13:35] 3 ERR1417325_255 16 5S ribosomal RNA
[10:13:35] 4 ERR1417325_34 2 5S ribosomal RNA
[10:13:35] 5 ERR1417325_356 2 5S ribosomal RNA
[10:13:35] 6 ERR1417325_356 143 5S ribosomal RNA
[10:13:35] Found 6 rRNAs
[10:13:35] Skipping ncRNA search, enable with --rfam if desired.
[10:13:35] Total of 78 tRNA + rRNA features
[10:13:35] Searching for CRISPR repeats
[10:13:35] CRISPR1 ERR1417325_35 6803 with 109 spacers
[10:13:35] Found 1 CRISPRs
[10:13:35] Predicting coding sequences
[10:13:35] Contigs total 4366594 bp, so using single mode
[10:13:35] Running: prodigal -i \/mnt\/d\/1\-ABaumannii\/\æ\³\¨\é\‡\Šprokka\/ERR1417325\/ERR1417325\.fna -c -m -g 11 -p single -f sco -q
[10:13:37] Excluding CDS which overlaps existing RNA (tRNA) at ERR1417325_10:20955..21788 on - strand
[10:13:37] Excluding CDS which overlaps existing RNA (repeat_region) at ERR1417325_35:7821..8234 on + strand
[10:13:37] Excluding CDS which overlaps existing RNA (repeat_region) at ERR1417325_35:9912..10517 on + strand
[10:13:37] Excluding CDS which overlaps existing RNA (repeat_region) at ERR1417325_35:11053..11400 on - strand
[10:13:37] Excluding CDS which overlaps existing RNA (repeat_region) at ERR1417325_35:11651..11938 on - strand
[10:13:38] Excluding CDS which overlaps existing RNA (tRNA) at ERR1417325_87:16281..16472 on + strand
[10:13:38] Found 4161 CDS
[10:13:38] Connecting features back to sequences
[10:13:38] Not using genus-specific database. Try --usegenus to enable it.
[10:13:38] Annotating CDS, please be patient.
[10:13:38] Will use 4 CPUs for similarity searching.
[10:13:38] There are still 4161 unannotated CDS left (started with 4161)
[10:13:38] Will use blast to search against /home/luolintao/miniconda3/envs/pyg/db/kingdom/Bacteria/IS with 4 CPUs
[10:13:38] Running: cat \/mnt\/d\/1\-ABaumannii\/\æ\³\¨\é\‡\Šprokka\/ERR1417325\/ERR1417325\.IS\.tmp\.265229\.faa | parallel --gnu --plain -j 4 --block 157438 --recstart '>' --pipe blastp -query - -db /home/luolintao/miniconda3/envs/pyg/db/kingdom/Bacteria/IS -evalue 1e-30 -qcov_hsp_perc 90 -num_threads 1 -num_descriptions 1 -num_alignments 1 -seg no > \/mnt\/d\/1\-ABaumannii\/\æ\³\¨\é\‡\Šprokka\/ERR1417325\/ERR1417325\.IS\.tmp\.265229\.blast 2> /dev/null
[10:13:50] Deleting unwanted file: /mnt/d/1-ABaumannii/æ³¨é‡Šprokka/ERR1417325/ERR1417325.IS.tmp.265229.faa
[10:13:50] Deleting unwanted file: /mnt/d/1-ABaumannii/æ³¨é‡Šprokka/ERR1417325/ERR1417325.IS.tmp.265229.blast
[10:13:51] There are still 4145 unannotated CDS left (started with 4161)
[10:13:51] Will use blast to search against /home/luolintao/miniconda3/envs/pyg/db/kingdom/Bacteria/AMR with 4 CPUs
[10:13:51] Running: cat \/mnt\/d\/1\-ABaumannii\/\æ\³\¨\é\‡\Šprokka\/ERR1417325\/ERR1417325\.AMR\.tmp\.265229\.faa | parallel --gnu --plain -j 4 --block 156899 --recstart '>' --pipe blastp -query - -db /home/luolintao/miniconda3/envs/pyg/db/kingdom/Bacteria/AMR -evalue 1e-300 -qcov_hsp_perc 90 -num_threads 1 -num_descriptions 1 -num_alignments 1 -seg no > \/mnt\/d\/1\-ABaumannii\/\æ\³\¨\é\‡\Šprokka\/ERR1417325\/ERR1417325\.AMR\.tmp\.265229\.blast 2> /dev/null
[10:14:03] Deleting unwanted file: /mnt/d/1-ABaumannii/æ³¨é‡Šprokka/ERR1417325/ERR1417325.AMR.tmp.265229.faa
[10:14:03] Deleting unwanted file: /mnt/d/1-ABaumannii/æ³¨é‡Šprokka/ERR1417325/ERR1417325.AMR.tmp.265229.blast
[10:14:03] There are still 4143 unannotated CDS left (started with 4161)
[10:14:03] Will use blast to search against /home/luolintao/miniconda3/envs/pyg/db/kingdom/Bacteria/sprot with 4 CPUs
[10:14:03] Running: cat \/mnt\/d\/1\-ABaumannii\/\æ\³\¨\é\‡\Šprokka\/ERR1417325\/ERR1417325\.sprot\.tmp\.265229\.faa | parallel --gnu --plain -j 4 --block 156704 --recstart '>' --pipe blastp -query - -db /home/luolintao/miniconda3/envs/pyg/db/kingdom/Bacteria/sprot -evalue 1e-09 -qcov_hsp_perc 80 -num_threads 1 -num_descriptions 1 -num_alignments 1 -seg no > \/mnt\/d\/1\-ABaumannii\/\æ\³\¨\é\‡\Šprokka\/ERR1417325\/ERR1417325\.sprot\.tmp\.265229\.blast 2> /dev/null
[10:14:57] Modify product: Probable glucarate transporter => putative glucarate transporter
[10:14:57] Modify product: UPF0053 inner membrane protein YtfL => hypothetical protein
[10:14:57] Modify product: UPF0301 protein ACIAD0353 => hypothetical protein
[10:14:57] Modify product: Virulence protein STM3117 => Virulence protein
[10:14:57] Modify product: Uncharacterized protein Rv1260 => putative protein
[10:14:57] Modify product: Probable protein kinase UbiB => putative protein kinase UbiB
[10:14:57] Modify product: Probable chaperone CsaA => putative chaperone CsaA
[10:14:57] Modify product: Uncharacterized protein Rv2232 => putative protein
[10:14:57] Modify product: Uncharacterized glycosyltransferase sll0501 => putative glycosyltransferase
[10:14:57] Modify product: Uncharacterized glycosyltransferase sll0501 => putative glycosyltransferase
[10:14:57] Modify product: Uncharacterized HTH-type transcriptional regulator Rv1395 => putative HTH-type transcriptional regulator
[10:14:57] Modify product: UPF0145 protein BCE33L0904 => hypothetical protein
[10:14:57] Modify product: Uncharacterized HTH-type transcriptional regulator YybR => putative HTH-type transcriptional regulator YybR
[10:14:57] Modify product: Probable thiol:disulfide interchange protein DsbC => putative thiol:disulfide interchange protein DsbC
[10:14:57] Modify product: UPF0339 protein SO_3888 => hypothetical protein
[10:14:57] Modify product: Probable CtpA-like serine protease => putative CtpA-like serine protease
[10:14:57] Modify product: Probable peptidoglycan glycosyltransferase FtsW => putative peptidoglycan glycosyltransferase FtsW
[10:14:57] Modify product: Phosphate-specific transport system accessory protein PhoU homolog => Phosphate-specific transport system accessory protein PhoU 
[10:14:57] Modify product: Probable Fe(2+)-trafficking protein => putative Fe(2+)-trafficking protein
[10:14:57] Modify product: Putative esterase aq_1494 => Putative esterase
[10:14:57] Modify product: Probable D-xylose utilization operon transcriptional repressor => putative D-xylose utilization operon transcriptional repressor
[10:14:57] Modify product: Uncharacterized sugar transferase EpsL => putative sugar transferase EpsL
[10:14:57] Modify product: Uncharacterized sugar transferase EpsL => putative sugar transferase EpsL
[10:14:57] Modify product: Probable D-xylose utilization operon transcriptional repressor => putative D-xylose utilization operon transcriptional repressor
[10:14:57] Modify product: Uncharacterized ABC transporter ATP-binding protein YejF => putative ABC transporter ATP-binding protein YejF
[10:14:57] Modify product: Uncharacterized HTH-type transcriptional regulator Rv1985c => putative HTH-type transcriptional regulator
[10:14:57] Modify product: Segregation and condensation protein B homolog => Segregation and condensation protein B 
[10:14:57] Modify product: Uncharacterized protein YciO => putative protein YciO
[10:14:57] Modify product: Uncharacterized isomerase YddE => putative isomerase YddE
[10:14:57] Modify product: Uncharacterized protein HI_0933 => putative protein
[10:14:57] Modify product: Uncharacterized HTH-type transcriptional regulator Rv1395 => putative HTH-type transcriptional regulator
[10:14:57] Modify product: Probable glucarate transporter => putative glucarate transporter
[10:14:57] Modify product: Probable 5-dehydro-4-deoxyglucarate dehydratase => putative 5-dehydro-4-deoxyglucarate dehydratase
[10:14:57] Modify product: Probable 5-dehydro-4-deoxyglucarate dehydratase => putative 5-dehydro-4-deoxyglucarate dehydratase
[10:14:57] Modify product: Probable glucarate transporter => putative glucarate transporter
[10:14:57] Modify product: Uncharacterized HTH-type transcriptional regulator Rv1395 => putative HTH-type transcriptional regulator
[10:14:57] Modify product: Uncharacterized ABC transporter ATP-binding protein YadG => putative ABC transporter ATP-binding protein YadG
[10:14:57] Modify product: Probable xanthine dehydrogenase subunit D => putative xanthine dehydrogenase subunit D
[10:14:57] Modify product: Probable xanthine dehydrogenase subunit D => putative xanthine dehydrogenase subunit D
[10:14:57] Modify product: Uncharacterized metal-dependent hydrolase YjjV => putative metal-dependent hydrolase YjjV
[10:14:57] Modify product: Zinc-type alcohol dehydrogenase-like protein SA1988 => Zinc-type alcohol dehydrogenase-like protein
[10:14:57] Modify product: GTP cyclohydrolase 1 type 2 homolog => GTP cyclohydrolase 1 type 2 
[10:14:57] Modify product: Uncharacterized methyltransferase YcgJ => putative methyltransferase YcgJ
[10:14:57] Modify product: Probable multidrug ABC transporter permease YbhR => putative multidrug ABC transporter permease YbhR
[10:14:57] Modify product: Probable multidrug ABC transporter permease YbhS => putative multidrug ABC transporter permease YbhS
[10:14:57] Modify product: Probable multidrug ABC transporter ATP-binding protein YbhF => putative multidrug ABC transporter ATP-binding protein YbhF
[10:14:57] Modify product: UPF0194 membrane protein YbhG => hypothetical protein
[10:14:58] Modify product: GTP cyclohydrolase 1 type 2 homolog => GTP cyclohydrolase 1 type 2 
[10:14:58] Modify product: UPF0070 protein HI_0370 => hypothetical protein
[10:14:58] Modify product: Uncharacterized protein YibN => putative protein YibN
[10:14:58] Modify product: Uncharacterized oxidoreductase YciK => putative oxidoreductase YciK
[10:14:58] Modify product: Probable lipid II flippase MurJ => putative lipid II flippase MurJ
[10:14:58] Modify product: Probable FKBP-type peptidyl-prolyl cis-trans isomerase FkpA => putative FKBP-type peptidyl-prolyl cis-trans isomerase FkpA
[10:14:58] Modify product: Probable FKBP-type peptidyl-prolyl cis-trans isomerase FkpA => putative FKBP-type peptidyl-prolyl cis-trans isomerase FkpA
[10:14:58] Modify product: Uncharacterized protein HI_1709 => putative protein
[10:14:58] Modify product: Uncharacterized protein YqeY => putative protein YqeY
[10:14:58] Modify product: UPF0382 membrane protein YwdK => hypothetical protein
[10:14:58] Modify product: Uncharacterized HTH-type transcriptional regulator Rv1395 => putative HTH-type transcriptional regulator
[10:14:58] Modify product: Putative acyltransferase Rv0859 => Putative acyltransferase
[10:14:58] Modify product: Acetyltransferase SACOL1063 => Acetyltransferase
[10:14:58] Modify product: UPF0073 inner membrane protein YqfA => hypothetical protein
[10:14:58] Modify product: Probable metallo-hydrolase Rv2300c => putative metallo-hydrolase
[10:14:58] Modify product: Uncharacterized oxidoreductase Rv0945 => putative oxidoreductase
[10:14:58] Modify product: Probable metallo-hydrolase BURPS1710b_2304 => putative metallo-hydrolase
[10:14:58] Modify product: UPF0394 membrane protein XF_0765 => hypothetical protein
[10:14:58] Modify product: UPF0394 membrane protein XF_0766 => hypothetical protein
[10:14:58] Modify product: Uncharacterized protein HI_1008 => putative protein
[10:14:58] Modify product: UPF0307 protein PSPTO_4464 => hypothetical protein
[10:14:58] Modify product: Uncharacterized protein HI_1388.1 => putative protein.1
[10:14:58] Modify product: Probable FMNH2-dependent monooxygenase SfnC => putative FMNH2-dependent monooxygenase SfnC
[10:14:58] Modify product: Probable allantoin permease => putative allantoin permease
[10:14:58] Modify product: Probable hydrolase YcaC => putative hydrolase YcaC
[10:14:58] Modify product: Uncharacterized acyl-CoA thioester hydrolase HI_0827 => putative acyl-CoA thioester hydrolase
[10:14:58] Modify product: UPF0234 protein HI_1034 => hypothetical protein
[10:14:58] Modify product: UPF0758 protein SP_1088 => hypothetical protein
[10:14:58] Modify product: Uncharacterized isomerase YddE => putative isomerase YddE
[10:14:58] Modify product: Probable hydrolase YcaC => putative hydrolase YcaC
[10:14:58] Modify product: Probable chromosome-partitioning protein ParB => putative chromosome-partitioning protein ParB
[10:14:58] Modify product: Uncharacterized metal-dependent hydrolase YcfH => putative metal-dependent hydrolase YcfH
[10:14:58] Modify product: Uncharacterized HTH-type transcriptional regulator Rv1395 => putative HTH-type transcriptional regulator
[10:14:58] Modify product: Uncharacterized protein YjdJ => putative protein YjdJ
[10:14:58] Modify product: Probable glutamine ABC transporter permease protein GlnM => putative glutamine ABC transporter permease protein GlnM
[10:14:58] Modify product: Probable glutamine ABC transporter permease protein GlnP => putative glutamine ABC transporter permease protein GlnP
[10:14:58] Modify product: Probable efflux pump outer membrane protein TtgC => putative efflux pump outer membrane protein TtgC
[10:14:58] Modify product: Uncharacterized ferredoxin-like protein HI_0527 => putative ferredoxin-like protein
[10:14:58] Modify product: 23S rRNA 5-hydroxycytidine C2501 synthase => 23S rRNA 5-hydroxycytidine synthase
[10:14:58] Modify product: Uncharacterized isomerase YddE => putative isomerase YddE
[10:14:58] Modify product: Uncharacterized HTH-type transcriptional regulator Rv3095 => putative HTH-type transcriptional regulator
[10:14:58] Modify product: Probable transcriptional regulatory protein pdtaR => putative transcriptional regulatory protein pdtaR
[10:14:58] Modify product: Probable 3-phenylpropionic acid transporter => putative 3-phenylpropionic acid transporter
[10:14:58] Modify product: Uncharacterized HTH-type transcriptional regulator Rv1395 => putative HTH-type transcriptional regulator
[10:14:58] Modify product: Probable TonB-dependent receptor NMB0964 => putative TonB-dependent receptor
[10:14:58] Modify product: Uncharacterized protein Rv2411c => putative protein
[10:14:58] Modify product: Uncharacterized protein Rv2569c => putative protein
[10:14:58] Modify product: Uncharacterized signaling protein PA1727 => putative signaling protein
[10:14:58] Modify product: Probable transport protein HsrA => putative transport protein HsrA
[10:14:58] Modify product: UPF0053 inner membrane protein YoaE => hypothetical protein
[10:14:58] Modify product: UPF0225 protein YchJ => hypothetical protein
[10:14:58] Modify product: UPF0126 inner membrane protein YicG => hypothetical protein
[10:14:58] Modify product: Uncharacterized ABC transporter ATP-binding protein YheS => putative ABC transporter ATP-binding protein YheS
[10:14:58] Modify product: Probable succinyl-CoA:3-ketoacid coenzyme A transferase subunit B => putative succinyl-CoA:3-ketoacid coenzyme A transferase subunit B
[10:14:58] Modify product: Probable succinyl-CoA:3-ketoacid coenzyme A transferase subunit A => putative succinyl-CoA:3-ketoacid coenzyme A transferase subunit A
[10:14:58] Modify product: Probable thiol:disulfide interchange protein DsbC => putative thiol:disulfide interchange protein DsbC
[10:14:58] Modify product: Probable fimbrial chaperone YadV => putative fimbrial chaperone YadV
[10:14:58] Modify product: Uncharacterized HTH-type transcriptional regulator YtcD => putative HTH-type transcriptional regulator YtcD
[10:14:58] Modify product: Uncharacterized HTH-type transcriptional regulator Rv1395 => putative HTH-type transcriptional regulator
[10:14:58] Modify product: Putative multidrug export ATP-binding/permease protein SAV1866 => Putative multidrug export ATP-binding/permease protein
[10:14:58] Modify product: Cytochrome b561 homolog 2 => Cytochrome b561 
[10:14:58] Modify product: Putative monooxygenase Rv0793 => Putative monooxygenase
[10:14:58] Modify product: Zinc-type alcohol dehydrogenase-like protein SA1988 => Zinc-type alcohol dehydrogenase-like protein
[10:14:58] Modify product: Uncharacterized oxidoreductase SA2266 => putative oxidoreductase
[10:14:58] Modify product: Uncharacterized oxidoreductase SA2266 => putative oxidoreductase
[10:14:58] Modify product: Zinc-type alcohol dehydrogenase-like protein SA1988 => Zinc-type alcohol dehydrogenase-like protein
[10:14:58] Modify product: Putative monooxygenase Rv0793 => Putative monooxygenase
[10:14:58] Modify product: Probable ribosomal oxygenase HI_0396 => putative ribosomal oxygenase
[10:14:58] Modify product: Probable ribosomal oxygenase HI_0396 => putative ribosomal oxygenase
[10:14:58] Modify product: Probable fimbrial chaperone YadV => putative fimbrial chaperone YadV
[10:14:58] Modify product: Probable TonB-dependent receptor NMB0964 => putative TonB-dependent receptor
[10:14:58] Modify product: Acetyltransferase PA3944 => Acetyltransferase
[10:14:58] Modify product: Acetyltransferase PA3944 => Acetyltransferase
[10:14:58] Modify product: Probable transcriptional regulatory protein YebC => putative transcriptional regulatory protein YebC
[10:14:58] Modify product: Probable formaldehyde dehydrogenase AdhA => putative formaldehyde dehydrogenase AdhA
[10:14:58] Modify product: Probable ABC transporter permease protein HI_1471 => putative ABC transporter permease protein
[10:14:58] Modify product: Putative hydro-lyase PSPTO_5379 => Putative hydro-lyase
[10:14:58] Modify product: Uncharacterized ABC transporter ATP-binding protein YheS => putative ABC transporter ATP-binding protein YheS
[10:14:58] Modify product: Putative universal stress protein SA1532 => Putative universal stress protein
[10:14:58] Modify product: Co-chaperone protein HscB homolog => Co-chaperone protein HscB 
[10:14:58] Modify product: Putative low molecular weight protein-tyrosine-phosphatase slr0328 => Putative low molecular weight protein-tyrosine-phosphatase
[10:14:58] Modify product: Probable oxidoreductase EphD => putative oxidoreductase EphD
[10:14:58] Modify product: Putative lipoprotein NMB1124/NMB1162 => Putative lipoprotein/NMB1162
[10:14:58] Modify product: Putative lipoprotein NMB1126/NMB1164 => Putative lipoprotein/NMB1164
[10:14:58] Modify product: RutC family protein HI_0719 => RutC family protein
[10:14:58] Modify product: Uncharacterized HTH-type transcriptional regulator HI_1476 => putative HTH-type transcriptional regulator
[10:14:58] Modify product: Uncharacterized HTH-type transcriptional regulator HI_1476 => putative HTH-type transcriptional regulator
[10:14:58] Modify product: Probable membrane transporter protein YfcA => putative membrane transporter protein YfcA
[10:14:58] Modify product: Uncharacterized HTH-type transcriptional regulator YahB => putative HTH-type transcriptional regulator YahB
[10:14:58] Modify product: Probable thiol:disulfide interchange protein DsbC => putative thiol:disulfide interchange protein DsbC
[10:14:58] Modify product: Uncharacterized protein YaeQ => putative protein YaeQ
[10:14:58] Modify product: Uncharacterized protein YyaP => putative protein YyaP
[10:14:58] Modify product: NADH dehydrogenase-like protein Rv1812c => NADH dehydrogenase-like protein
[10:14:58] Modify product: NADH dehydrogenase-like protein Rv1812c => NADH dehydrogenase-like protein
[10:14:58] Modify product: NADH dehydrogenase-like protein MT1860 => NADH dehydrogenase-like protein
[10:14:58] Modify product: Uncharacterized protein Rv0906 => putative protein
[10:14:58] Modify product: Probable N-octanoylanthranilate hydrolase AqdA1 => putative N-octanoylanthranilate hydrolase AqdA1
[10:14:58] Modify product: Probable acyltransferase YihG => putative acyltransferase YihG
[10:14:58] Modify product: Probable lipoprotein YiaD => putative lipoprotein YiaD
[10:14:58] Modify product: TelA-like protein SA1238 => TelA-like protein
[10:14:58] Modify product: Probable chromate transport protein => putative chromate transport protein
[10:14:58] Modify product: Uncharacterized protein HI_1082 => putative protein
[10:14:58] Modify product: Uncharacterized protein HI_1082 => putative protein
[10:14:58] Modify product: Uncharacterized HTH-type transcriptional regulator Rv1395 => putative HTH-type transcriptional regulator
[10:14:58] Modify product: Probable phosphatase Rv3661 => putative phosphatase
[10:14:58] Modify product: Uncharacterized protein Rv0906 => putative protein
[10:14:58] Modify product: RNA-binding protein HI_1333 => RNA-binding protein
[10:14:58] Modify product: Bifunctional protein FolD => Bifunctional protein FolD protein
[10:14:58] Modify product: Probable phosphatase Rv3661 => putative phosphatase
[10:14:58] Modify product: Uncharacterized protein Rv0647c => putative protein
[10:14:58] Modify product: Uncharacterized oxidoreductase Rv1144 => putative oxidoreductase
[10:14:58] Modify product: Probable enoyl-CoA hydratase echA8 => putative enoyl-CoA hydratase echA8
[10:14:58] Modify product: Probable 2,4-dienoyl-CoA reductase => putative 2,4-dienoyl-CoA reductase
[10:14:58] Modify product: Probable enoyl-CoA hydratase echA8 => putative enoyl-CoA hydratase echA8
[10:14:58] Modify product: Uncharacterized protein HI_0131 => putative protein
[10:14:58] Modify product: Cytochrome b561 homolog 2 => Cytochrome b561 
[10:14:58] Modify product: Uncharacterized cysteine-rich protein YhjQ => putative cysteine-rich protein YhjQ
[10:14:58] Modify product: UPF0060 membrane protein YnfA => hypothetical protein
[10:14:58] Modify product: Putative universal stress protein SA1532 => Putative universal stress protein
[10:14:58] Modify product: Probable ABC transporter ATP-binding/permease protein HI_0664 => putative ABC transporter ATP-binding/permease protein
[10:14:59] Modify product: Probable multidrug ABC transporter permease YbhR => putative multidrug ABC transporter permease YbhR
[10:14:59] Modify product: UPF0178 protein YaiI => hypothetical protein
[10:14:59] Modify product: Putative transport protein Rv0205 => Putative transport protein
[10:14:59] Modify product: Zinc-type alcohol dehydrogenase-like protein SA1988 => Zinc-type alcohol dehydrogenase-like protein
[10:14:59] Modify product: TPR repeat-containing protein NMB0313 => TPR repeat-containing protein
[10:14:59] Modify product: Probable RNA polymerase sigma factor FecI => putative RNA polymerase sigma factor FecI
[10:14:59] Modify product: PKHD-type hydroxylase Sbal_3634 => PKHD-type hydroxylase
[10:14:59] Modify product: Probable TonB-dependent receptor BfrD => putative TonB-dependent receptor BfrD
[10:14:59] Modify product: Epimerase family protein SA0724 => Epimerase family protein
[10:14:59] Modify product: Probable multidrug resistance protein EmrK => putative multidrug resistance protein EmrK
[10:14:59] Modify product: Uncharacterized protein YcgM => putative protein YcgM
[10:14:59] Modify product: Probable multidrug resistance protein EmrY => putative multidrug resistance protein EmrY
[10:14:59] Modify product: Probable sulfoacetate transporter SauU => putative sulfoacetate transporter SauU
[10:14:59] Modify product: Uncharacterized HTH-type transcriptional regulator Rv1395 => putative HTH-type transcriptional regulator
[10:14:59] Modify product: Putative acetyltransferase SACOL2570 => Putative acetyltransferase
[10:14:59] Modify product: Probable FMNH2-dependent monooxygenase SfnC => putative FMNH2-dependent monooxygenase SfnC
[10:14:59] Modify product: Probable FMNH2-dependent monooxygenase SfnC => putative FMNH2-dependent monooxygenase SfnC
[10:14:59] Modify product: Probable transporter SCO4007 => putative transporter
[10:14:59] Modify product: Probable transporter SCO4007 => putative transporter
[10:14:59] Modify product: Probable quinol monooxygenase YgiN => putative quinol monooxygenase YgiN
[10:14:59] Modify product: Uncharacterized FAD-linked oxidoreductase Rv2280 => putative FAD-linked oxidoreductase
[10:14:59] Cleaned 188 /product names
[10:14:59] Deleting unwanted file: /mnt/d/1-ABaumannii/æ³¨é‡Šprokka/ERR1417325/ERR1417325.sprot.tmp.265229.faa
[10:14:59] Deleting unwanted file: /mnt/d/1-ABaumannii/æ³¨é‡Šprokka/ERR1417325/ERR1417325.sprot.tmp.265229.blast
[10:14:59] There are still 2051 unannotated CDS left (started with 4161)
[10:14:59] Will use hmmer3 to search against /home/luolintao/miniconda3/envs/pyg/db/hmm/HAMAP.hmm with 4 CPUs
[10:14:59] Running: cat \/mnt\/d\/1\-ABaumannii\/\æ\³\¨\é\‡\Šprokka\/ERR1417325\/ERR1417325\.HAMAP\.hmm\.tmp\.265229\.faa | parallel --gnu --plain -j 4 --block 63963 --recstart '>' --pipe hmmscan --noali --notextw --acc -E 1e-09 --cpu 1 /home/luolintao/miniconda3/envs/pyg/db/hmm/HAMAP.hmm /dev/stdin > \/mnt\/d\/1\-ABaumannii\/\æ\³\¨\é\‡\Šprokka\/ERR1417325\/ERR1417325\.HAMAP\.hmm\.tmp\.265229\.hmmer3 2> /dev/null
[10:15:15] Modify product: Uncharacterized Nudix hydrolase NudL => putative Nudix hydrolase NudL
[10:15:15] Cleaned 1 /product names
[10:15:15] Deleting unwanted file: /mnt/d/1-ABaumannii/æ³¨é‡Šprokka/ERR1417325/ERR1417325.HAMAP.hmm.tmp.265229.faa
[10:15:15] Deleting unwanted file: /mnt/d/1-ABaumannii/æ³¨é‡Šprokka/ERR1417325/ERR1417325.HAMAP.hmm.tmp.265229.hmmer3
[10:15:15] Labelling remaining 1824 proteins as 'hypothetical protein'
[10:15:15] Possible /pseudo 'Hydroxycinnamoyl-CoA hydratase-lyase' at ERR1417325_12 position 23887
[10:15:15] Possible /pseudo 'Hydroxycinnamoyl-CoA hydratase-lyase' at ERR1417325_12 position 29511
[10:15:15] Possible /pseudo 'Putative aliphatic sulfonates-binding protein' at ERR1417325_23 position 8266
[10:15:15] Possible /pseudo 'putative FKBP-type peptidyl-prolyl cis-trans isomerase FkpA' at ERR1417325_23 position 27011
[10:15:15] Possible /pseudo 'Dibenzothiophene desulfurization enzyme C' at ERR1417325_32 position 2335
[10:15:15] Possible /pseudo 'Sensor histidine kinase RcsC' at ERR1417325_38 position 9160
[10:15:15] Possible /pseudo 'ABC transporter glutamine-binding protein GlnH' at ERR1417325_38 position 13855
[10:15:15] Possible /pseudo '3-methylmercaptopropionyl-CoA dehydrogenase' at ERR1417325_43 position 21392
[10:15:15] Possible /pseudo 'D-serine/D-alanine/glycine transporter' at ERR1417325_53 position 13778
[10:15:15] Possible /pseudo '4-hydroxy-3-methylbut-2-enyl diphosphate reductase' at ERR1417325_55 position 13362
[10:15:15] Possible /pseudo 'Proline/betaine transporter' at ERR1417325_58 position 17553
[10:15:15] Possible /pseudo 'Quinate/shikimate dehydrogenase (quinone)' at ERR1417325_65 position 24456
[10:15:15] Possible /pseudo 'Twitching mobility protein' at ERR1417325_74 position 4032
[10:15:15] Possible /pseudo 'putative FMNH2-dependent monooxygenase SfnC' at ERR1417325_80 position 3060
[10:15:15] Possible /pseudo 'Putative aliphatic sulfonates transport permease protein SsuC' at ERR1417325_83 position 4165
[10:15:15] Possible /pseudo 'Glutamate/aspartate import solute-binding protein' at ERR1417325_86 position 5102
[10:15:15] Possible /pseudo 'Glutamate/aspartate import solute-binding protein' at ERR1417325_86 position 14861
[10:15:15] Possible /pseudo 'Threonine/homoserine exporter RhtA' at ERR1417325_88 position 17194
[10:15:15] Possible /pseudo '6-hydroxynicotinate 3-monooxygenase' at ERR1417325_91 position 10353
[10:15:15] Possible /pseudo 'Catalase' at ERR1417325_108 position 7398
[10:15:15] Possible /pseudo 'IS5 family transposase ISAba12' at ERR1417325_111 position 7174
[10:15:15] Possible /pseudo 'Colistin resistance protein EmrA' at ERR1417325_113 position 12711
[10:15:15] Possible /pseudo 'NADH dehydrogenase-like protein' at ERR1417325_116 position 5437
[10:15:15] Possible /pseudo 'NADH dehydrogenase-like protein' at ERR1417325_116 position 5807
[10:15:15] Possible /pseudo 'tRNA-cytidine(32) 2-sulfurtransferase' at ERR1417325_127 position 6289
[10:15:15] Possible /pseudo '2,3-dihydro-2,3-dihydroxybenzoate dehydrogenase' at ERR1417325_141 position 4961
[10:15:15] Possible /pseudo 'Isoleucine--tRNA ligase' at ERR1417325_143 position 4769
[10:15:15] Possible /pseudo 'Long-chain-fatty-acid--CoA ligase' at ERR1417325_146 position 4668
[10:15:15] Possible /pseudo 'putative oxidoreductase' at ERR1417325_150 position 4380
[10:15:15] Possible /pseudo 'Lipid A biosynthesis palmitoleoyltransferase' at ERR1417325_154 position 5060
[10:15:15] Possible /pseudo 'Biopolymer transport protein ExbD' at ERR1417325_160 position 1835
[10:15:15] Possible /pseudo 'Anthranilate synthase component 2' at ERR1417325_187 position 1838
[10:15:15] Possible /pseudo 'Redox-sensitive transcriptional activator SoxR' at ERR1417325_195 position 1835
[10:15:15] Possible /pseudo 'IS30 family transposase ISAba125' at ERR1417325_196 position 2619
[10:15:15] Possible /pseudo 'Pyrroline-5-carboxylate reductase' at ERR1417325_205 position 1226
[10:15:15] Possible /pseudo 'HTH-type transcriptional regulator YjiE' at ERR1417325_210 position 1974
[10:15:15] Possible /pseudo 'CMP-N-acetylneuraminate:beta-galactoside alpha-2,3-sialyltransferase' at ERR1417325_213 position 1051
[10:15:15] Possible /pseudo 'Beta-lactamase OXA-133' at ERR1417325_234 position 676
[10:15:15] Found 1643 unique /gene codes.
[10:15:15] Fixed 2 duplicate /gene - htpX_1 htpX_2
[10:15:15] Fixed 2 duplicate /gene - recD2_1 recD2_2
[10:15:15] Fixed 2 duplicate /gene - cynR_1 cynR_2
[10:15:15] Fixed 2 duplicate /gene - gyrA_1 gyrA_2
[10:15:15] Fixed 2 duplicate /gene - plcN_1 plcN_2
[10:15:15] Fixed 4 duplicate /gene - actP_1 actP_2 actP_3 actP_4
[10:15:15] Fixed 2 duplicate /gene - smvA_1 smvA_2
[10:15:15] Fixed 4 duplicate /gene - hdfR_1 hdfR_2 hdfR_3 hdfR_4
[10:15:15] Fixed 2 duplicate /gene - mutS2_1 mutS2_2
[10:15:15] Fixed 2 duplicate /gene - lon_1 lon_2
[10:15:15] Fixed 3 duplicate /gene - ubiB_1 ubiB_2 ubiB_3
[10:15:15] Fixed 2 duplicate /gene - gtfA_1 gtfA_2
[10:15:15] Fixed 2 duplicate /gene - intS_1 intS_2
[10:15:15] Fixed 2 duplicate /gene - hisD_1 hisD_2
[10:15:15] Fixed 2 duplicate /gene - pdxB_1 pdxB_2
[10:15:15] Fixed 4 duplicate /gene - rhtB_1 rhtB_2 rhtB_3 rhtB_4
[10:15:15] Fixed 2 duplicate /gene - kgtP_1 kgtP_2
[10:15:15] Fixed 2 duplicate /gene - gudD_1 gudD_2
[10:15:15] Fixed 3 duplicate /gene - fldP_1 fldP_2 fldP_3
[10:15:15] Fixed 2 duplicate /gene - drgA_1 drgA_2
[10:15:15] Fixed 2 duplicate /gene - cntI_1 cntI_2
[10:15:15] Fixed 2 duplicate /gene - ppk_1 ppk_2
[10:15:15] Fixed 2 duplicate /gene - thiE_1 thiE_2
[10:15:15] Fixed 4 duplicate /gene - nanT_1 nanT_2 nanT_3 nanT_4
[10:15:15] Fixed 3 duplicate /gene - yrdA_1 yrdA_2 yrdA_3
[10:15:15] Fixed 2 duplicate /gene - hvrA_1 hvrA_2
[10:15:15] Fixed 2 duplicate /gene - soj_1 soj_2
[10:15:15] Fixed 4 duplicate /gene - dapA_1 dapA_2 dapA_3 dapA_4
[10:15:15] Fixed 2 duplicate /gene - prtR_1 prtR_2
[10:15:15] Fixed 2 duplicate /gene - sadH_1 sadH_2
[10:15:15] Fixed 2 duplicate /gene - rluA_1 rluA_2
[10:15:15] Fixed 5 duplicate /gene - paaF_1 paaF_2 paaF_3 paaF_4 paaF_5
[10:15:15] Fixed 2 duplicate /gene - ant1_1 ant1_2
[10:15:15] Fixed 2 duplicate /gene - rpoZ_1 rpoZ_2
[10:15:15] Fixed 2 duplicate /gene - yabJ_1 yabJ_2
[10:15:15] Fixed 4 duplicate /gene - ssuC_1 ssuC_2 ssuC_3 ssuC_4
[10:15:15] Fixed 2 duplicate /gene - cydB_1 cydB_2
[10:15:15] Fixed 2 duplicate /gene - pgaC_1 pgaC_2
[10:15:15] Fixed 2 duplicate /gene - lutR_1 lutR_2
[10:15:15] Fixed 2 duplicate /gene - iscR_1 iscR_2
[10:15:15] Fixed 2 duplicate /gene - chbG_1 chbG_2
[10:15:15] Fixed 3 duplicate /gene - sfnC_1 sfnC_2 sfnC_3
[10:15:15] Fixed 2 duplicate /gene - bamA_1 bamA_2
[10:15:15] Fixed 2 duplicate /gene - tauB_1 tauB_2
[10:15:15] Fixed 4 duplicate /gene - norG_1 norG_2 norG_3 norG_4
[10:15:15] Fixed 2 duplicate /gene - ahpF_1 ahpF_2
[10:15:15] Fixed 5 duplicate /gene - glnQ_1 glnQ_2 glnQ_3 glnQ_4 glnQ_5
[10:15:15] Fixed 2 duplicate /gene - kefC_1 kefC_2
[10:15:15] Fixed 2 duplicate /gene - folP_1 folP_2
[10:15:15] Fixed 3 duplicate /gene - rhtC_1 rhtC_2 rhtC_3
[10:15:15] Fixed 2 duplicate /gene - mdtA_1 mdtA_2
[10:15:15] Fixed 4 duplicate /gene - gltC_1 gltC_2 gltC_3 gltC_4
[10:15:15] Fixed 2 duplicate /gene - lysA_1 lysA_2
[10:15:15] Fixed 2 duplicate /gene - nicC_1 nicC_2
[10:15:15] Fixed 2 duplicate /gene - map_1 map_2
[10:15:15] Fixed 2 duplicate /gene - hxlR_1 hxlR_2
[10:15:15] Fixed 3 duplicate /gene - norR_1 norR_2 norR_3
[10:15:15] Fixed 2 duplicate /gene - epmA_1 epmA_2
[10:15:15] Fixed 3 duplicate /gene - algC_1 algC_2 algC_3
[10:15:15] Fixed 4 duplicate /gene - catD_1 catD_2 catD_3 catD_4
[10:15:15] Fixed 2 duplicate /gene - accA1_1 accA1_2
[10:15:15] Fixed 2 duplicate /gene - COQ5_1 COQ5_2
[10:15:15] Fixed 2 duplicate /gene - dmoA_1 dmoA_2
[10:15:15] Fixed 2 duplicate /gene - ssuB_1 ssuB_2
[10:15:15] Fixed 2 duplicate /gene - abaF_1 abaF_2
[10:15:15] Fixed 2 duplicate /gene - dpnM_1 dpnM_2
[10:15:15] Fixed 2 duplicate /gene - echA8_1 echA8_2
[10:15:15] Fixed 2 duplicate /gene - spoT_1 spoT_2
[10:15:15] Fixed 2 duplicate /gene - ydhP_1 ydhP_2
[10:15:15] Fixed 2 duplicate /gene - oprD_1 oprD_2
[10:15:15] Fixed 3 duplicate /gene - betI_1 betI_2 betI_3
[10:15:15] Fixed 2 duplicate /gene - phaC_1 phaC_2
[10:15:15] Fixed 2 duplicate /gene - fabD_1 fabD_2
[10:15:15] Fixed 2 duplicate /gene - clpP_1 clpP_2
[10:15:15] Fixed 2 duplicate /gene - pliG_1 pliG_2
[10:15:15] Fixed 2 duplicate /gene - esiB_1 esiB_2
[10:15:15] Fixed 2 duplicate /gene - rtcB_1 rtcB_2
[10:15:15] Fixed 2 duplicate /gene - lst_1 lst_2
[10:15:15] Fixed 5 duplicate /gene - cntO_1 cntO_2 cntO_3 cntO_4 cntO_5
[10:15:15] Fixed 3 duplicate /gene - hmrR_1 hmrR_2 hmrR_3
[10:15:15] Fixed 3 duplicate /gene - dsbC_1 dsbC_2 dsbC_3
[10:15:15] Fixed 2 duplicate /gene - mrkD_1 mrkD_2
[10:15:15] Fixed 2 duplicate /gene - yceF_1 yceF_2
[10:15:15] Fixed 2 duplicate /gene - fpr_1 fpr_2
[10:15:15] Fixed 4 duplicate /gene - cpdA_1 cpdA_2 cpdA_3 cpdA_4
[10:15:15] Fixed 2 duplicate /gene - hchA_1 hchA_2
[10:15:15] Fixed 5 duplicate /gene - pcaF_1 pcaF_2 pcaF_3 pcaF_4 pcaF_5
[10:15:15] Fixed 2 duplicate /gene - glnH_1 glnH_2
[10:15:15] Fixed 2 duplicate /gene - nagL_1 nagL_2
[10:15:15] Fixed 3 duplicate /gene - trpD_1 trpD_2 trpD_3
[10:15:15] Fixed 2 duplicate /gene - wbbD_1 wbbD_2
[10:15:15] Fixed 2 duplicate /gene - murA_1 murA_2
[10:15:15] Fixed 2 duplicate /gene - metQ_1 metQ_2
[10:15:15] Fixed 3 duplicate /gene - aroP_1 aroP_2 aroP_3
[10:15:15] Fixed 2 duplicate /gene - smf-1_1 smf-1_2
[10:15:15] Fixed 2 duplicate /gene - cdiI_1 cdiI_2
[10:15:15] Fixed 2 duplicate /gene - gmk_1 gmk_2
[10:15:15] Fixed 2 duplicate /gene - htrE_1 htrE_2
[10:15:15] Fixed 2 duplicate /gene - lldD_1 lldD_2
[10:15:15] Fixed 4 duplicate /gene - menH_1 menH_2 menH_3 menH_4
[10:15:15] Fixed 2 duplicate /gene - naiP_1 naiP_2
[10:15:15] Fixed 4 duplicate /gene - pcaI_1 pcaI_2 pcaI_3 pcaI_4
[10:15:15] Fixed 2 duplicate /gene - gdhA_1 gdhA_2
[10:15:15] Fixed 4 duplicate /gene - ttuB_1 ttuB_2 ttuB_3 ttuB_4
[10:15:15] Fixed 2 duplicate /gene - yfeX_1 yfeX_2
[10:15:15] Fixed 2 duplicate /gene - gcvA_1 gcvA_2
[10:15:15] Fixed 2 duplicate /gene - thiO_1 thiO_2
[10:15:15] Fixed 2 duplicate /gene - ssuA_1 ssuA_2
[10:15:15] Fixed 3 duplicate /gene - yddE_1 yddE_2 yddE_3
[10:15:15] Fixed 2 duplicate /gene - prpB_1 prpB_2
[10:15:15] Fixed 3 duplicate /gene - pgrR_1 pgrR_2 pgrR_3
[10:15:15] Fixed 2 duplicate /gene - cidB_1 cidB_2
[10:15:15] Fixed 2 duplicate /gene - yfcG_1 yfcG_2
[10:15:15] Fixed 2 duplicate /gene - antA_1 antA_2
[10:15:15] Fixed 3 duplicate /gene - mltF_1 mltF_2 mltF_3
[10:15:15] Fixed 2 duplicate /gene - ppa_1 ppa_2
[10:15:15] Fixed 2 duplicate /gene - dctA_1 dctA_2
[10:15:15] Fixed 2 duplicate /gene - rpoN_1 rpoN_2
[10:15:15] Fixed 2 duplicate /gene - rocC_1 rocC_2
[10:15:15] Fixed 2 duplicate /gene - bacC_1 bacC_2
[10:15:15] Fixed 3 duplicate /gene - gltR_1 gltR_2 gltR_3
[10:15:15] Fixed 2 duplicate /gene - pgi_1 pgi_2
[10:15:15] Fixed 2 duplicate /gene - uvrA_1 uvrA_2
[10:15:15] Fixed 3 duplicate /gene - fbp_1 fbp_2 fbp_3
[10:15:15] Fixed 4 duplicate /gene - pcaJ_1 pcaJ_2 pcaJ_3 pcaJ_4
[10:15:15] Fixed 4 duplicate /gene - nimR_1 nimR_2 nimR_3 nimR_4
[10:15:15] Fixed 8 duplicate /gene - rcsC_1 rcsC_2 rcsC_3 rcsC_4 rcsC_5 rcsC_6 rcsC_7 rcsC_8
[10:15:15] Fixed 2 duplicate /gene - lpxP_1 lpxP_2
[10:15:15] Fixed 2 duplicate /gene - pal_1 pal_2
[10:15:15] Fixed 2 duplicate /gene - nudC_1 nudC_2
[10:15:15] Fixed 2 duplicate /gene - ftsA_1 ftsA_2
[10:15:15] Fixed 2 duplicate /gene - garD_1 garD_2
[10:15:15] Fixed 3 duplicate /gene - umuC_1 umuC_2 umuC_3
[10:15:15] Fixed 2 duplicate /gene - gltP_1 gltP_2
[10:15:15] Fixed 4 duplicate /gene - gltK_1 gltK_2 gltK_3 gltK_4
[10:15:15] Fixed 2 duplicate /gene - fdx_1 fdx_2
[10:15:15] Fixed 7 duplicate /gene - nicP_1 nicP_2 nicP_3 nicP_4 nicP_5 nicP_6 nicP_7
[10:15:15] Fixed 2 duplicate /gene - gabD_1 gabD_2
[10:15:15] Fixed 5 duplicate /gene - calB_1 calB_2 calB_3 calB_4 calB_5
[10:15:15] Fixed 3 duplicate /gene - fadJ_1 fadJ_2 fadJ_3
[10:15:15] Fixed 3 duplicate /gene - rhtA_1 rhtA_2 rhtA_3
[10:15:15] Fixed 3 duplicate /gene - sutR_1 sutR_2 sutR_3
[10:15:15] Fixed 2 duplicate /gene - trmB_1 trmB_2
[10:15:15] Fixed 2 duplicate /gene - yceJ_1 yceJ_2
[10:15:15] Fixed 2 duplicate /gene - thlA_1 thlA_2
[10:15:15] Fixed 2 duplicate /gene - xerD_1 xerD_2
[10:15:15] Fixed 3 duplicate /gene - cmpR_1 cmpR_2 cmpR_3
[10:15:15] Fixed 11 duplicate /gene - mmgC_1 mmgC_2 mmgC_3 mmgC_4 mmgC_5 mmgC_6 mmgC_7 mmgC_8 mmgC_9 mmgC_10 mmgC_11
[10:15:15] Fixed 2 duplicate /gene - cinA_1 cinA_2
[10:15:15] Fixed 2 duplicate /gene - fadD_1 fadD_2
[10:15:15] Fixed 2 duplicate /gene - entC_1 entC_2
[10:15:15] Fixed 2 duplicate /gene - greB_1 greB_2
[10:15:15] Fixed 2 duplicate /gene - lspA_1 lspA_2
[10:15:15] Fixed 3 duplicate /gene - benM_1 benM_2 benM_3
[10:15:15] Fixed 2 duplicate /gene - astC_1 astC_2
[10:15:15] Fixed 3 duplicate /gene - pepN_1 pepN_2 pepN_3
[10:15:15] Fixed 2 duplicate /gene - czcD_1 czcD_2
[10:15:15] Fixed 2 duplicate /gene - ruvB_1 ruvB_2
[10:15:15] Fixed 2 duplicate /gene - guaD_1 guaD_2
[10:15:15] Fixed 18 duplicate /gene - dmlR_1 dmlR_2 dmlR_3 dmlR_4 dmlR_5 dmlR_6 dmlR_7 dmlR_8 dmlR_9 dmlR_10 dmlR_11 dmlR_12 dmlR_13 dmlR_14 dmlR_15 dmlR_16 dmlR_17 dmlR_18
[10:15:15] Fixed 2 duplicate /gene - prpC_1 prpC_2
[10:15:15] Fixed 2 duplicate /gene - nlhH_1 nlhH_2
[10:15:15] Fixed 2 duplicate /gene - rlmB_1 rlmB_2
[10:15:15] Fixed 2 duplicate /gene - pilA_1 pilA_2
[10:15:15] Fixed 2 duplicate /gene - yhcR_1 yhcR_2
[10:15:15] Fixed 2 duplicate /gene - paaH_1 paaH_2
[10:15:15] Fixed 4 duplicate /gene - trpG_1 trpG_2 trpG_3 trpG_4
[10:15:15] Fixed 4 duplicate /gene - proP_1 proP_2 proP_3 proP_4
[10:15:15] Fixed 2 duplicate /gene - gltD_1 gltD_2
[10:15:15] Fixed 2 duplicate /gene - dld_1 dld_2
[10:15:15] Fixed 4 duplicate /gene - atsA_1 atsA_2 atsA_3 atsA_4
[10:15:15] Fixed 4 duplicate /gene - vdh_1 vdh_2 vdh_3 vdh_4
[10:15:15] Fixed 2 duplicate /gene - gabP_1 gabP_2
[10:15:15] Fixed 2 duplicate /gene - tyrB_1 tyrB_2
[10:15:15] Fixed 2 duplicate /gene - garK_1 garK_2
[10:15:15] Fixed 2 duplicate /gene - glxR_1 glxR_2
[10:15:15] Fixed 2 duplicate /gene - yheS_1 yheS_2
[10:15:15] Fixed 2 duplicate /gene - mtnN_1 mtnN_2
[10:15:15] Fixed 2 duplicate /gene - acnD_1 acnD_2
[10:15:15] Fixed 2 duplicate /gene - hpf_1 hpf_2
[10:15:15] Fixed 2 duplicate /gene - hemE_1 hemE_2
[10:15:15] Fixed 3 duplicate /gene - bcr_1 bcr_2 bcr_3
[10:15:15] Fixed 2 duplicate /gene - tusA_1 tusA_2
[10:15:15] Fixed 2 duplicate /gene - rep_1 rep_2
[10:15:15] Fixed 7 duplicate /gene - lrp_1 lrp_2 lrp_3 lrp_4 lrp_5 lrp_6 lrp_7
[10:15:15] Fixed 2 duplicate /gene - aroF_1 aroF_2
[10:15:15] Fixed 2 duplicate /gene - fhuE_1 fhuE_2
[10:15:15] Fixed 2 duplicate /gene - katA_1 katA_2
[10:15:15] Fixed 2 duplicate /gene - czcA_1 czcA_2
[10:15:15] Fixed 2 duplicate /gene - lldR_1 lldR_2
[10:15:15] Fixed 7 duplicate /gene - pcaK_1 pcaK_2 pcaK_3 pcaK_4 pcaK_5 pcaK_6 pcaK_7
[10:15:15] Fixed 2 duplicate /gene - galU_1 galU_2
[10:15:15] Fixed 2 duplicate /gene - ampC_1 ampC_2
[10:15:15] Fixed 3 duplicate /gene - namA_1 namA_2 namA_3
[10:15:15] Fixed 2 duplicate /gene - betB_1 betB_2
[10:15:15] Fixed 2 duplicate /gene - fadA_1 fadA_2
[10:15:15] Fixed 2 duplicate /gene - tdh_1 tdh_2
[10:15:15] Fixed 4 duplicate /gene - gltJ_1 gltJ_2 gltJ_3 gltJ_4
[10:15:15] Fixed 2 duplicate /gene - emrB_1 emrB_2
[10:15:15] Fixed 2 duplicate /gene - sbp_1 sbp_2
[10:15:15] Fixed 2 duplicate /gene - lldP_1 lldP_2
[10:15:15] Fixed 2 duplicate /gene - yddG_1 yddG_2
[10:15:15] Fixed 2 duplicate /gene - hisC_1 hisC_2
[10:15:15] Fixed 2 duplicate /gene - amtB_1 amtB_2
[10:15:15] Fixed 2 duplicate /gene - tsaQ1_1 tsaQ1_2
[10:15:15] Fixed 2 duplicate /gene - fkpA_1 fkpA_2
[10:15:15] Fixed 2 duplicate /gene - glpE_1 glpE_2
[10:15:15] Fixed 2 duplicate /gene - lpxL_1 lpxL_2
[10:15:15] Fixed 2 duplicate /gene - yccS_1 yccS_2
[10:15:15] Fixed 3 duplicate /gene - acsA_1 acsA_2 acsA_3
[10:15:15] Fixed 2 duplicate /gene - soxC_1 soxC_2
[10:15:15] Fixed 2 duplicate /gene - oppA_1 oppA_2
[10:15:15] Fixed 2 duplicate /gene - dnaJ_1 dnaJ_2
[10:15:15] Fixed 2 duplicate /gene - icd_1 icd_2
[10:15:15] Fixed 2 duplicate /gene - dedD_1 dedD_2
[10:15:15] Fixed 4 duplicate /gene - gltI_1 gltI_2 gltI_3 gltI_4
[10:15:15] Fixed 3 duplicate /gene - bfr_1 bfr_2 bfr_3
[10:15:15] Fixed 3 duplicate /gene - yjiE_1 yjiE_2 yjiE_3
[10:15:15] Fixed 2 duplicate /gene - blh_1 blh_2
[10:15:15] Fixed 2 duplicate /gene - azoR1_1 azoR1_2
[10:15:15] Fixed 2 duplicate /gene - oprB_1 oprB_2
[10:15:15] Fixed 3 duplicate /gene - gabR_1 gabR_2 gabR_3
[10:15:15] Fixed 2 duplicate /gene - fatA_1 fatA_2
[10:15:15] Fixed 2 duplicate /gene - yqjF_1 yqjF_2
[10:15:15] Fixed 2 duplicate /gene - aidA_1 aidA_2
[10:15:15] Fixed 2 duplicate /gene - etfB_1 etfB_2
[10:15:15] Fixed 3 duplicate /gene - ssuD_1 ssuD_2 ssuD_3
[10:15:15] Fixed 2 duplicate /gene - hcaR_1 hcaR_2
[10:15:15] Fixed 3 duplicate /gene - lexA_1 lexA_2 lexA_3
[10:15:15] Fixed 3 duplicate /gene - clsC_1 clsC_2 clsC_3
[10:15:15] Fixed 2 duplicate /gene - prlC_1 prlC_2
[10:15:15] Fixed 2 duplicate /gene - dhaT_1 dhaT_2
[10:15:15] Fixed 5 duplicate /gene - tolQ_1 tolQ_2 tolQ_3 tolQ_4 tolQ_5
[10:15:15] Fixed 2 duplicate /gene - frmA_1 frmA_2
[10:15:15] Fixed 2 duplicate /gene - iucD_1 iucD_2
[10:15:15] Fixed 3 duplicate /gene - nagR_1 nagR_2 nagR_3
[10:15:15] Fixed 2 duplicate /gene - aes_1 aes_2
[10:15:15] Fixed 5 duplicate /gene - emrA_1 emrA_2 emrA_3 emrA_4 emrA_5
[10:15:15] Fixed 2 duplicate /gene - qseB_1 qseB_2
[10:15:15] Fixed 2 duplicate /gene - ybhR_1 ybhR_2
[10:15:15] Fixed 2 duplicate /gene - dapF_1 dapF_2
[10:15:15] Fixed 2 duplicate /gene - hisG_1 hisG_2
[10:15:15] Fixed 2 duplicate /gene - ispH_1 ispH_2
[10:15:15] Fixed 2 duplicate /gene - fkpB_1 fkpB_2
[10:15:15] Fixed 5 duplicate /gene - xerC_1 xerC_2 xerC_3 xerC_4 xerC_5
[10:15:15] Fixed 2 duplicate /gene - ycaC_1 ycaC_2
[10:15:15] Fixed 2 duplicate /gene - yjcH_1 yjcH_2
[10:15:15] Fixed 2 duplicate /gene - trpB_1 trpB_2
[10:15:15] Fixed 3 duplicate /gene - proC_1 proC_2 proC_3
[10:15:15] Fixed 10 duplicate /gene - rhaS_1 rhaS_2 rhaS_3 rhaS_4 rhaS_5 rhaS_6 rhaS_7 rhaS_8 rhaS_9 rhaS_10
[10:15:15] Fixed 2 duplicate /gene - ileS_1 ileS_2
[10:15:15] Fixed 2 duplicate /gene - desA3_1 desA3_2
[10:15:15] Fixed 6 duplicate /gene - btuB_1 btuB_2 btuB_3 btuB_4 btuB_5 btuB_6
[10:15:15] Fixed 2 duplicate /gene - nemR_1 nemR_2
[10:15:15] Fixed 2 duplicate /gene - dhbA_1 dhbA_2
[10:15:15] Fixed 2 duplicate /gene - quiA_1 quiA_2
[10:15:15] Fixed 2 duplicate /gene - pilT_1 pilT_2
[10:15:15] Fixed 2 duplicate /gene - iutA_1 iutA_2
[10:15:15] Fixed 2 duplicate /gene - menE_1 menE_2
[10:15:15] Fixed 6 duplicate /gene - cycA_1 cycA_2 cycA_3 cycA_4 cycA_5 cycA_6
[10:15:15] Fixed 2 duplicate /gene - etfA_1 etfA_2
[10:15:15] Fixed 2 duplicate /gene - sasA_1 sasA_2
[10:15:15] Fixed 2 duplicate /gene - arnT_1 arnT_2
[10:15:15] Fixed 3 duplicate /gene - bicA_1 bicA_2 bicA_3
[10:15:15] Fixed 2 duplicate /gene - yhhW_1 yhhW_2
[10:15:15] Fixed 2 duplicate /gene - tufB_1 tufB_2
[10:15:15] Fixed 2 duplicate /gene - menF_1 menF_2
[10:15:15] Fixed 3 duplicate /gene - hupB_1 hupB_2 hupB_3
[10:15:15] Fixed 2 duplicate /gene - vibB_1 vibB_2
[10:15:15] Fixed 2 duplicate /gene - carB_1 carB_2
[10:15:15] Fixed 3 duplicate /gene - fadH_1 fadH_2 fadH_3
[10:15:15] Fixed 2 duplicate /gene - mexB_1 mexB_2
[10:15:15] Fixed 2 duplicate /gene - soxR_1 soxR_2
[10:15:15] Fixed 2 duplicate /gene - budC_1 budC_2
[10:15:15] Fixed 2 duplicate /gene - def_1 def_2
[10:15:15] Fixed 2 duplicate /gene - lipA_1 lipA_2
[10:15:15] Fixed 2 duplicate /gene - rnd_1 rnd_2
[10:15:15] Fixed 2 duplicate /gene - pucD_1 pucD_2
[10:15:15] Fixed 2 duplicate /gene - lemA_1 lemA_2
[10:15:15] Fixed 2 duplicate /gene - gntR_1 gntR_2
[10:15:15] Fixed 2 duplicate /gene - tilS_1 tilS_2
[10:15:15] Fixed 4 duplicate /gene - hcaB_1 hcaB_2 hcaB_3 hcaB_4
[10:15:15] Fixed 2 duplicate /gene - trpC_1 trpC_2
[10:15:15] Fixed 2 duplicate /gene - yadV_1 yadV_2
[10:15:15] Fixed 3 duplicate /gene - gudP_1 gudP_2 gudP_3
[10:15:15] Fixed 2 duplicate /gene - fabR_1 fabR_2
[10:15:15] Fixed 2 duplicate /gene - qseC_1 qseC_2
[10:15:15] Fixed 2 duplicate /gene - norM_1 norM_2
[10:15:15] Fixed 2 duplicate /gene - gatA_1 gatA_2
[10:15:15] Fixed 3 duplicate /gene - gstB_1 gstB_2 gstB_3
[10:15:15] Fixed 2 duplicate /gene - fdhD_1 fdhD_2
[10:15:15] Fixed 2 duplicate /gene - uctC_1 uctC_2
[10:15:15] Fixed 2 duplicate /gene - cpo_1 cpo_2
[10:15:15] Fixed 2 duplicate /gene - lipR_1 lipR_2
[10:15:15] Fixed 2 duplicate /gene - bepA_1 bepA_2
[10:15:15] Fixed 3 duplicate /gene - galE_1 galE_2 galE_3
[10:15:15] Fixed 2 duplicate /gene - ydeP_1 ydeP_2
[10:15:15] Fixed 3 duplicate /gene - pcpR_1 pcpR_2 pcpR_3
[10:15:15] Fixed 2 duplicate /gene - bfd_1 bfd_2
[10:15:15] Fixed 2 duplicate /gene - epsL_1 epsL_2
[10:15:15] Fixed 2 duplicate /gene - surE_1 surE_2
[10:15:15] Fixed 5 duplicate /gene - exbD_1 exbD_2 exbD_3 exbD_4 exbD_5
[10:15:15] Fixed 2 duplicate /gene - epsF_1 epsF_2
[10:15:15] Fixed 2 duplicate /gene - mshA_1 mshA_2
[10:15:15] Fixed 2 duplicate /gene - folE_1 folE_2
[10:15:15] Fixed 2 duplicate /gene - yjhB_1 yjhB_2
[10:15:15] Fixed 2 duplicate /gene - ttcA_1 ttcA_2
[10:15:15] Fixed 4 duplicate /gene - dmdC_1 dmdC_2 dmdC_3 dmdC_4
[10:15:15] Fixed 2 duplicate /gene - carC_1 carC_2
[10:15:15] Fixed 2 duplicate /gene - cysA_1 cysA_2
[10:15:15] Fixed 2 duplicate /gene - intA_1 intA_2
[10:15:15] Fixed 6 duplicate /gene - fabG_1 fabG_2 fabG_3 fabG_4 fabG_5 fabG_6
[10:15:15] Fixed 2 duplicate /gene - ampG_1 ampG_2
[10:15:15] Fixed 2 duplicate /gene - tolB_1 tolB_2
[10:15:15] Fixed 2 duplicate /gene - nemA_1 nemA_2
[10:15:15] Fixed 2 duplicate /gene - radA_1 radA_2
[10:15:15] Fixed 2 duplicate /gene - C1-hpah_1 C1-hpah_2
[10:15:15] Fixed 2 duplicate /gene - metN_1 metN_2
[10:15:15] Fixed 2 duplicate /gene - leuE_1 leuE_2
[10:15:15] Fixed 2 duplicate /gene - araC_1 araC_2
[10:15:15] Fixed 320 colliding /gene names.
[10:15:15] Adding /locus_tag identifiers
[10:15:15] Assigned 4239 locus_tags to CDS and RNA features.
[10:15:15] Writing outputs to /mnt/d/1-ABaumannii/æ³¨é‡Šprokka/ERR1417325/
[10:15:18] Generating annotation statistics file
[10:15:18] Generating Genbank and Sequin files
[10:15:18] Running: tbl2asn -V b -a r10k -l paired-ends -M n -N 1 -y 'Annotated using prokka 1.14.6 from https://github.com/tseemann/prokka' -Z \/mnt\/d\/1\-ABaumannii\/\æ\³\¨\é\‡\Šprokka\/ERR1417325\/ERR1417325\.err -i \/mnt\/d\/1\-ABaumannii\/\æ\³\¨\é\‡\Šprokka\/ERR1417325\/ERR1417325\.fsa 2> /dev/null
[10:15:25] Deleting unwanted file: /mnt/d/1-ABaumannii/æ³¨é‡Šprokka/ERR1417325/errorsummary.val
[10:15:25] Deleting unwanted file: /mnt/d/1-ABaumannii/æ³¨é‡Šprokka/ERR1417325/ERR1417325.dr
[10:15:25] Deleting unwanted file: /mnt/d/1-ABaumannii/æ³¨é‡Šprokka/ERR1417325/ERR1417325.fixedproducts
[10:15:25] Deleting unwanted file: /mnt/d/1-ABaumannii/æ³¨é‡Šprokka/ERR1417325/ERR1417325.ecn
[10:15:25] Deleting unwanted file: /mnt/d/1-ABaumannii/æ³¨é‡Šprokka/ERR1417325/ERR1417325.val
[10:15:25] Repairing broken .GBK output that tbl2asn produces...
[10:15:25] Running: sed 's/COORDINATES: profile/COORDINATES:profile/' < \/mnt\/d\/1\-ABaumannii\/\æ\³\¨\é\‡\Šprokka\/ERR1417325\/ERR1417325\.gbf > \/mnt\/d\/1\-ABaumannii\/\æ\³\¨\é\‡\Šprokka\/ERR1417325\/ERR1417325\.gbk
[10:15:26] Deleting unwanted file: /mnt/d/1-ABaumannii/æ³¨é‡Šprokka/ERR1417325/ERR1417325.gbf
[10:15:26] Output files:
[10:15:26] /mnt/d/1-ABaumannii/æ³¨é‡Šprokka/ERR1417325/ERR1417325.err
[10:15:26] /mnt/d/1-ABaumannii/æ³¨é‡Šprokka/ERR1417325/ERR1417325.faa
[10:15:26] /mnt/d/1-ABaumannii/æ³¨é‡Šprokka/ERR1417325/ERR1417325.ffn
[10:15:26] /mnt/d/1-ABaumannii/æ³¨é‡Šprokka/ERR1417325/ERR1417325.fna
[10:15:26] /mnt/d/1-ABaumannii/æ³¨é‡Šprokka/ERR1417325/ERR1417325.fsa
[10:15:26] /mnt/d/1-ABaumannii/æ³¨é‡Šprokka/ERR1417325/ERR1417325.gbk
[10:15:26] /mnt/d/1-ABaumannii/æ³¨é‡Šprokka/ERR1417325/ERR1417325.gff
[10:15:26] /mnt/d/1-ABaumannii/æ³¨é‡Šprokka/ERR1417325/ERR1417325.log
[10:15:26] /mnt/d/1-ABaumannii/æ³¨é‡Šprokka/ERR1417325/ERR1417325.sqn
[10:15:26] /mnt/d/1-ABaumannii/æ³¨é‡Šprokka/ERR1417325/ERR1417325.tbl
[10:15:26] /mnt/d/1-ABaumannii/æ³¨é‡Šprokka/ERR1417325/ERR1417325.tsv
[10:15:26] /mnt/d/1-ABaumannii/æ³¨é‡Šprokka/ERR1417325/ERR1417325.txt
[10:15:26] Annotation finished successfully.
[10:15:26] Walltime used: 1.90 minutes
[10:15:26] If you use this result please cite the Prokka paper:
[10:15:26] Seemann T (2014) Prokka: rapid prokaryotic genome annotation. Bioinformatics. 30(14):2068-9.
[10:15:26] Type 'prokka --citation' for more details.
[10:15:26] Thank you, come again.
